Archive member included to satisfy reference by file (symbol)

/opt/st/stm32cubeide_1.11.0/plugins/com.st.stm32cube.ide.mcu.externaltools.gnu-tools-for-stm32.10.3-2021.10.linux64_1.0.100.202210260954/tools/bin/../lib/gcc/arm-none-eabi/10.3.1/../../../../arm-none-eabi/lib/thumb/v7-m/nofp/libc_nano.a(lib_a-errno.o)
                              ./Core/Src/syscalls.o (__errno)
/opt/st/stm32cubeide_1.11.0/plugins/com.st.stm32cube.ide.mcu.externaltools.gnu-tools-for-stm32.10.3-2021.10.linux64_1.0.100.202210260954/tools/bin/../lib/gcc/arm-none-eabi/10.3.1/../../../../arm-none-eabi/lib/thumb/v7-m/nofp/libc_nano.a(lib_a-exit.o)
                              /opt/st/stm32cubeide_1.11.0/plugins/com.st.stm32cube.ide.mcu.externaltools.gnu-tools-for-stm32.10.3-2021.10.linux64_1.0.100.202210260954/tools/bin/../lib/gcc/arm-none-eabi/10.3.1/../../../../arm-none-eabi/lib/thumb/v7-m/nofp/crt0.o (exit)
/opt/st/stm32cubeide_1.11.0/plugins/com.st.stm32cube.ide.mcu.externaltools.gnu-tools-for-stm32.10.3-2021.10.linux64_1.0.100.202210260954/tools/bin/../lib/gcc/arm-none-eabi/10.3.1/../../../../arm-none-eabi/lib/thumb/v7-m/nofp/libc_nano.a(lib_a-impure.o)
                              /opt/st/stm32cubeide_1.11.0/plugins/com.st.stm32cube.ide.mcu.externaltools.gnu-tools-for-stm32.10.3-2021.10.linux64_1.0.100.202210260954/tools/bin/../lib/gcc/arm-none-eabi/10.3.1/../../../../arm-none-eabi/lib/thumb/v7-m/nofp/libc_nano.a(lib_a-exit.o) (_global_impure_ptr)
/opt/st/stm32cubeide_1.11.0/plugins/com.st.stm32cube.ide.mcu.externaltools.gnu-tools-for-stm32.10.3-2021.10.linux64_1.0.100.202210260954/tools/bin/../lib/gcc/arm-none-eabi/10.3.1/../../../../arm-none-eabi/lib/thumb/v7-m/nofp/libc_nano.a(lib_a-init.o)
                              /opt/st/stm32cubeide_1.11.0/plugins/com.st.stm32cube.ide.mcu.externaltools.gnu-tools-for-stm32.10.3-2021.10.linux64_1.0.100.202210260954/tools/bin/../lib/gcc/arm-none-eabi/10.3.1/../../../../arm-none-eabi/lib/thumb/v7-m/nofp/crt0.o (__libc_init_array)
/opt/st/stm32cubeide_1.11.0/plugins/com.st.stm32cube.ide.mcu.externaltools.gnu-tools-for-stm32.10.3-2021.10.linux64_1.0.100.202210260954/tools/bin/../lib/gcc/arm-none-eabi/10.3.1/../../../../arm-none-eabi/lib/thumb/v7-m/nofp/libc_nano.a(lib_a-memset.o)
                              /opt/st/stm32cubeide_1.11.0/plugins/com.st.stm32cube.ide.mcu.externaltools.gnu-tools-for-stm32.10.3-2021.10.linux64_1.0.100.202210260954/tools/bin/../lib/gcc/arm-none-eabi/10.3.1/../../../../arm-none-eabi/lib/thumb/v7-m/nofp/crt0.o (memset)
/opt/st/stm32cubeide_1.11.0/plugins/com.st.stm32cube.ide.mcu.externaltools.gnu-tools-for-stm32.10.3-2021.10.linux64_1.0.100.202210260954/tools/bin/../lib/gcc/arm-none-eabi/10.3.1/../../../../arm-none-eabi/lib/thumb/v7-m/nofp/libc_nano.a(lib_a-sprintf.o)
                              ./Core/Src/program.o (sprintf)
/opt/st/stm32cubeide_1.11.0/plugins/com.st.stm32cube.ide.mcu.externaltools.gnu-tools-for-stm32.10.3-2021.10.linux64_1.0.100.202210260954/tools/bin/../lib/gcc/arm-none-eabi/10.3.1/../../../../arm-none-eabi/lib/thumb/v7-m/nofp/libc_nano.a(lib_a-nano-svfprintf.o)
                              /opt/st/stm32cubeide_1.11.0/plugins/com.st.stm32cube.ide.mcu.externaltools.gnu-tools-for-stm32.10.3-2021.10.linux64_1.0.100.202210260954/tools/bin/../lib/gcc/arm-none-eabi/10.3.1/../../../../arm-none-eabi/lib/thumb/v7-m/nofp/libc_nano.a(lib_a-sprintf.o) (_svfprintf_r)
/opt/st/stm32cubeide_1.11.0/plugins/com.st.stm32cube.ide.mcu.externaltools.gnu-tools-for-stm32.10.3-2021.10.linux64_1.0.100.202210260954/tools/bin/../lib/gcc/arm-none-eabi/10.3.1/../../../../arm-none-eabi/lib/thumb/v7-m/nofp/libc_nano.a(lib_a-nano-vfprintf_i.o)
                              /opt/st/stm32cubeide_1.11.0/plugins/com.st.stm32cube.ide.mcu.externaltools.gnu-tools-for-stm32.10.3-2021.10.linux64_1.0.100.202210260954/tools/bin/../lib/gcc/arm-none-eabi/10.3.1/../../../../arm-none-eabi/lib/thumb/v7-m/nofp/libc_nano.a(lib_a-nano-svfprintf.o) (_printf_i)
/opt/st/stm32cubeide_1.11.0/plugins/com.st.stm32cube.ide.mcu.externaltools.gnu-tools-for-stm32.10.3-2021.10.linux64_1.0.100.202210260954/tools/bin/../lib/gcc/arm-none-eabi/10.3.1/../../../../arm-none-eabi/lib/thumb/v7-m/nofp/libc_nano.a(lib_a-memchr-stub.o)
                              /opt/st/stm32cubeide_1.11.0/plugins/com.st.stm32cube.ide.mcu.externaltools.gnu-tools-for-stm32.10.3-2021.10.linux64_1.0.100.202210260954/tools/bin/../lib/gcc/arm-none-eabi/10.3.1/../../../../arm-none-eabi/lib/thumb/v7-m/nofp/libc_nano.a(lib_a-nano-svfprintf.o) (memchr)
/opt/st/stm32cubeide_1.11.0/plugins/com.st.stm32cube.ide.mcu.externaltools.gnu-tools-for-stm32.10.3-2021.10.linux64_1.0.100.202210260954/tools/bin/../lib/gcc/arm-none-eabi/10.3.1/../../../../arm-none-eabi/lib/thumb/v7-m/nofp/libc_nano.a(lib_a-memcpy-stub.o)
[...]
Memory Configuration

Name             Origin             Length             Attributes
RAM              0x0000000020000000 0x0000000000010000 xrw
FLASH            0x0000000008000000 0x0000000000080000 xr
*default*        0x0000000000000000 0xffffffffffffffff

Linker script and memory map

LOAD /opt/st/stm32cubeide_1.11.0/plugins/com.st.stm32cube.ide.mcu.externaltools.gnu-tools-for-stm32.10.3-2021.10.linux64_1.0.100.202210260954/tools/bin/../lib/gcc/arm-none-eabi/10.3.1/thumb/v7-m/nofp/crti.o
LOAD /opt/st/stm32cubeide_1.11.0/plugins/com.st.stm32cube.ide.mcu.externaltools.gnu-tools-for-stm32.10.3-2021.10.linux64_1.0.100.202210260954/tools/bin/../lib/gcc/arm-none-eabi/10.3.1/thumb/v7-m/nofp/crtbegin.o
LOAD /opt/st/stm32cubeide_1.11.0/plugins/com.st.stm32cube.ide.mcu.externaltools.gnu-tools-for-stm32.10.3-2021.10.linux64_1.0.100.202210260954/tools/bin/../lib/gcc/arm-none-eabi/10.3.1/../../../../arm-none-eabi/lib/thumb/v7-m/nofp/crt0.o
LOAD ./Core/Src/gpio.o
LOAD ./Core/Src/main.o
LOAD ./Core/Src/modbusRTU.o
LOAD ./Core/Src/program.o
LOAD ./Core/Src/rs485uart.o
LOAD ./Core/Src/shalf1.o
LOAD ./Core/Src/shalf1ADC.o
LOAD ./Core/Src/shalf1DMA.o
LOAD ./Core/Src/shalf1EXTI.o
LOAD ./Core/Src/shalf1GPIO.o
LOAD ./Core/Src/shalf1I2C.o
LOAD ./Core/Src/shalf1RCC.o
LOAD ./Core/Src/shalf1SPI.o
LOAD ./Core/Src/shalf1SysTick.o
LOAD ./Core/Src/shalf1Timer.o
LOAD ./Core/Src/shalf1USART.o
LOAD ./Core/Src/stm32f1xx_hal_msp.o
LOAD ./Core/Src/stm32f1xx_it.o
LOAD ./Core/Src/syscalls.o
LOAD ./Core/Src/sysmem.o
LOAD ./Core/Src/system_stm32f1xx.o
LOAD ./Core/Startup/startup_stm32f103retx.o
LOAD ./Drivers/STM32F1xx_HAL_Driver/Src/stm32f1xx_hal.o
LOAD ./Drivers/STM32F1xx_HAL_Driver/Src/stm32f1xx_hal_cortex.o
LOAD ./Drivers/STM32F1xx_HAL_Driver/Src/stm32f1xx_hal_dma.o
LOAD ./Drivers/STM32F1xx_HAL_Driver/Src/stm32f1xx_hal_exti.o
LOAD ./Drivers/STM32F1xx_HAL_Driver/Src/stm32f1xx_hal_flash.o
LOAD ./Drivers/STM32F1xx_HAL_Driver/Src/stm32f1xx_hal_flash_ex.o
LOAD ./Drivers/STM32F1xx_HAL_Driver/Src/stm32f1xx_hal_gpio.o
LOAD ./Drivers/STM32F1xx_HAL_Driver/Src/stm32f1xx_hal_gpio_ex.o
LOAD ./Drivers/STM32F1xx_HAL_Driver/Src/stm32f1xx_hal_pcd.o
LOAD ./Drivers/STM32F1xx_HAL_Driver/Src/stm32f1xx_hal_pcd_ex.o
LOAD ./Drivers/STM32F1xx_HAL_Driver/Src/stm32f1xx_hal_pwr.o
LOAD ./Drivers/STM32F1xx_HAL_Driver/Src/stm32f1xx_hal_rcc.o
LOAD ./Drivers/STM32F1xx_HAL_Driver/Src/stm32f1xx_hal_rcc_ex.o
LOAD ./Drivers/STM32F1xx_HAL_Driver/Src/stm32f1xx_ll_usb.o
LOAD ./Middlewares/ST/STM32_USB_Device_Library/Class/CDC/Src/usbd_cdc.o
LOAD ./Middlewares/ST/STM32_USB_Device_Library/Core/Src/usbd_core.o
LOAD ./Middlewares/ST/STM32_USB_Device_Library/Core/Src/usbd_ctlreq.o
LOAD ./Middlewares/ST/STM32_USB_Device_Library/Core/Src/usbd_ioreq.o
LOAD ./USB_DEVICE/App/usb_device.o
LOAD ./USB_DEVICE/App/usbd_cdc_if.o
LOAD ./USB_DEVICE/App/usbd_desc.o
LOAD ./USB_DEVICE/Target/usbd_conf.o
START GROUP
LOAD /opt/st/stm32cubeide_1.11.0/plugins/com.st.stm32cube.ide.mcu.externaltools.gnu-tools-for-stm32.10.3-2021.10.linux64_1.0.100.202210260954/tools/bin/../lib/gcc/arm-none-eabi/10.3.1/../../../../arm-none-eabi/lib/thumb/v7-m/nofp/libc_nano.a
LOAD /opt/st/stm32cubeide_1.11.0/plugins/com.st.stm32cube.ide.mcu.externaltools.gnu-tools-for-stm32.10.3-2021.10.linux64_1.0.100.202210260954/tools/bin/../lib/gcc/arm-none-eabi/10.3.1/../../../../arm-none-eabi/lib/thumb/v7-m/nofp/libm.a
END GROUP
START GROUP
LOAD /opt/st/stm32cubeide_1.11.0/plugins/com.st.stm32cube.ide.mcu.externaltools.gnu-tools-for-stm32.10.3-2021.10.linux64_1.0.100.202210260954/tools/bin/../lib/gcc/arm-none-eabi/10.3.1/thumb/v7-m/nofp/libgcc.a
LOAD /opt/st/stm32cubeide_1.11.0/plugins/com.st.stm32cube.ide.mcu.externaltools.gnu-tools-for-stm32.10.3-2021.10.linux64_1.0.100.202210260954/tools/bin/../lib/gcc/arm-none-eabi/10.3.1/../../../../arm-none-eabi/lib/thumb/v7-m/nofp/libc_nano.a
END GROUP
START GROUP
LOAD /opt/st/stm32cubeide_1.11.0/plugins/com.st.stm32cube.ide.mcu.externaltools.gnu-tools-for-stm32.10.3-2021.10.linux64_1.0.100.202210260954/tools/bin/../lib/gcc/arm-none-eabi/10.3.1/thumb/v7-m/nofp/libgcc.a
LOAD /opt/st/stm32cubeide_1.11.0/plugins/com.st.stm32cube.ide.mcu.externaltools.gnu-tools-for-stm32.10.3-2021.10.linux64_1.0.100.202210260954/tools/bin/../lib/gcc/arm-none-eabi/10.3.1/../../../../arm-none-eabi/lib/thumb/v7-m/nofp/libc_nano.a
LOAD /opt/st/stm32cubeide_1.11.0/plugins/com.st.stm32cube.ide.mcu.externaltools.gnu-tools-for-stm32.10.3-2021.10.linux64_1.0.100.202210260954/tools/bin/../lib/gcc/arm-none-eabi/10.3.1/../../../../arm-none-eabi/lib/thumb/v7-m/nofp/libnosys.a
END GROUP
START GROUP
LOAD /opt/st/stm32cubeide_1.11.0/plugins/com.st.stm32cube.ide.mcu.externaltools.gnu-tools-for-stm32.10.3-2021.10.linux64_1.0.100.202210260954/tools/bin/../lib/gcc/arm-none-eabi/10.3.1/thumb/v7-m/nofp/libgcc.a
LOAD /opt/st/stm32cubeide_1.11.0/plugins/com.st.stm32cube.ide.mcu.externaltools.gnu-tools-for-stm32.10.3-2021.10.linux64_1.0.100.202210260954/tools/bin/../lib/gcc/arm-none-eabi/10.3.1/../../../../arm-none-eabi/lib/thumb/v7-m/nofp/libc_nano.a
LOAD /opt/st/stm32cubeide_1.11.0/plugins/com.st.stm32cube.ide.mcu.externaltools.gnu-tools-for-stm32.10.3-2021.10.linux64_1.0.100.202210260954/tools/bin/../lib/gcc/arm-none-eabi/10.3.1/../../../../arm-none-eabi/lib/thumb/v7-m/nofp/libnosys.a
END GROUP
LOAD /opt/st/stm32cubeide_1.11.0/plugins/com.st.stm32cube.ide.mcu.externaltools.gnu-tools-for-stm32.10.3-2021.10.linux64_1.0.100.202210260954/tools/bin/../lib/gcc/arm-none-eabi/10.3.1/thumb/v7-m/nofp/crtend.o
LOAD /opt/st/stm32cubeide_1.11.0/plugins/com.st.stm32cube.ide.mcu.externaltools.gnu-tools-for-stm32.10.3-2021.10.linux64_1.0.100.202210260954/tools/bin/../lib/gcc/arm-none-eabi/10.3.1/thumb/v7-m/nofp/crtn.o
                0x0000000020010000                _estack = (ORIGIN (RAM) + LENGTH (RAM))
                0x0000000000000200                _Min_Heap_Size = 0x200
                0x0000000000000400                _Min_Stack_Size = 0x400

.isr_vector     0x0000000008000000      0x1e4
                0x0000000008000000                . = ALIGN (0x4)
 *(.isr_vector)
 .isr_vector    0x0000000008000000      0x1e4 ./Core/Startup/startup_stm32f103retx.o
                0x0000000008000000                g_pfnVectors
                0x00000000080001e4                . = ALIGN (0x4)

.text           0x00000000080001e4     0x86a0
                0x00000000080001e4                . = ALIGN (0x4)
 *(.text)
 .text          0x00000000080001e4       0x40 /opt/st/stm32cubeide_1.11.0/plugins/com.st.stm32cube.ide.mcu.externaltools.gnu-tools-for-stm32.10.3-2021.10.linux64_1.0.100.202210260954/tools/bin/../lib/gcc/arm-none-eabi/10.3.1/thumb/v7-m/nofp/crtbegin.o
 *(.text*)
 .text.initPins
                0x0000000008000224       0x6c ./Core/Src/gpio.o
                0x0000000008000224                initPins
 .text.main     0x0000000008000290       0x1a ./Core/Src/main.o
                0x0000000008000290                main
 .text.SystemClock_Config
                0x00000000080002aa       0xba ./Core/Src/main.o
                0x00000000080002aa                SystemClock_Config
 .text.MX_GPIO_Init
                0x0000000008000364       0x44 ./Core/Src/main.o
 .text.Error_Handler
                0x00000000080003a8        0xa ./Core/Src/main.o
                0x00000000080003a8                Error_Handler
 .text.start    0x00000000080003b2       0x10 ./Core/Src/program.o
                0x00000000080003b2                start
 *fill*         0x00000000080003c2        0x2 
 .text.USART1_IRQHandler
                0x00000000080003c4       0x88 ./Core/Src/program.o
                0x00000000080003c4                USART1_IRQHandler
 .text.indicateMagnet
                0x000000000800044c       0xd4 ./Core/Src/program.o
                0x000000000800044c                indicateMagnet
 .text.delay    0x0000000008000520       0x30 ./Core/Src/program.o
                0x0000000008000520                delay
 .text.__NVIC_EnableIRQ
                0x0000000008000550       0x38 ./Core/Src/rs485uart.o
 .text.initRS485UART
                0x0000000008000588       0x7c ./Core/Src/rs485uart.o
                0x0000000008000588                initRS485UART
 .text.gpioInitPort
                0x0000000008000604       0x98 ./Core/Src/shalf1GPIO.o
                0x0000000008000604                gpioInitPort
 .text.gpioSetupPin
                0x000000000800069c       0x7a ./Core/Src/shalf1GPIO.o
                0x000000000800069c                gpioSetupPin
 .text.gpioSetupInput
                0x0000000008000716       0x50 ./Core/Src/shalf1GPIO.o
                0x0000000008000716                gpioSetupInput
 .text.gpioSetupMode
                0x0000000008000766       0x50 ./Core/Src/shalf1GPIO.o
                0x0000000008000766                gpioSetupMode
 .text.gpioSetPin
                0x00000000080007b6       0x28 ./Core/Src/shalf1GPIO.o
                0x00000000080007b6                gpioSetPin
 .text.gpioResetPin
                0x00000000080007de       0x2a ./Core/Src/shalf1GPIO.o
                0x00000000080007de                gpioResetPin
 .text.gpioSetPullupPulldown
                0x0000000008000808       0x48 ./Core/Src/shalf1GPIO.o
                0x0000000008000808                gpioSetPullupPulldown
 .text.gpioGetPinVal
                0x0000000008000850       0x2e ./Core/Src/shalf1GPIO.o
                0x0000000008000850                gpioGetPinVal
 *fill*         0x000000000800087e        0x2 
 .text.afioInit
                0x0000000008000880       0x1c ./Core/Src/shalf1GPIO.o
                0x0000000008000880                afioInit
 .text.__NVIC_SetPriority
                0x000000000800089c       0x54 ./Core/Src/shalf1SysTick.o
 .text.SysTick_Config
                0x00000000080008f0       0x44 ./Core/Src/shalf1SysTick.o
 .text.systickInit
                0x0000000008000934       0x28 ./Core/Src/shalf1SysTick.o
                0x0000000008000934                systickInit
 .text.systickSetTicks
                0x000000000800095c       0x1c ./Core/Src/shalf1SysTick.o
                0x000000000800095c                systickSetTicks
 .text.SysTick_Handler
                0x0000000008000978       0x1c ./Core/Src/shalf1SysTick.o
                0x0000000008000978                SysTick_Handler
 .text.USARTEnable
                0x0000000008000994       0x88 ./Core/Src/shalf1USART.o
                0x0000000008000994                USARTEnable
 .text.USARTSetBaudrate
                0x0000000008000a1c       0x44 ./Core/Src/shalf1USART.o
                0x0000000008000a1c                USARTSetBaudrate
 .text.USARTRXOn
                0x0000000008000a60       0x36 ./Core/Src/shalf1USART.o
                0x0000000008000a60                USARTRXOn
 .text.USARTTXOn
                0x0000000008000a96       0x36 ./Core/Src/shalf1USART.o
                0x0000000008000a96                USARTTXOn
 .text.USARTIRQ
                0x0000000008000acc      0x138 ./Core/Src/shalf1USART.o
                0x0000000008000acc                USARTIRQ
 .text.USARTSendString
                0x0000000008000c04       0x4a ./Core/Src/shalf1USART.o
                0x0000000008000c04                USARTSendString
 *fill*         0x0000000008000c4e        0x2 
 .text.HAL_MspInit
                0x0000000008000c50       0x44 ./Core/Src/stm32f1xx_hal_msp.o
                0x0000000008000c50                HAL_MspInit
 .text.NMI_Handler
                0x0000000008000c94        0x6 ./Core/Src/stm32f1xx_it.o
                0x0000000008000c94                NMI_Handler
 .text.HardFault_Handler
                0x0000000008000c9a        0x6 ./Core/Src/stm32f1xx_it.o
                0x0000000008000c9a                HardFault_Handler
 .text.MemManage_Handler
                0x0000000008000ca0        0x6 ./Core/Src/stm32f1xx_it.o
                0x0000000008000ca0                MemManage_Handler
 .text.BusFault_Handler
                0x0000000008000ca6        0x6 ./Core/Src/stm32f1xx_it.o
                0x0000000008000ca6                BusFault_Handler
 .text.UsageFault_Handler
                0x0000000008000cac        0x6 ./Core/Src/stm32f1xx_it.o
                0x0000000008000cac                UsageFault_Handler
 .text.SVC_Handler
                0x0000000008000cb2        0xc ./Core/Src/stm32f1xx_it.o
                0x0000000008000cb2                SVC_Handler
 .text.DebugMon_Handler
                0x0000000008000cbe        0xc ./Core/Src/stm32f1xx_it.o
                0x0000000008000cbe                DebugMon_Handler
 .text.PendSV_Handler
                0x0000000008000cca        0xc ./Core/Src/stm32f1xx_it.o
                0x0000000008000cca                PendSV_Handler
 *fill*         0x0000000008000cd6        0x2 
 .text.USB_LP_CAN1_RX0_IRQHandler
                0x0000000008000cd8       0x14 ./Core/Src/stm32f1xx_it.o
                0x0000000008000cd8                USB_LP_CAN1_RX0_IRQHandler
 .text._sbrk    0x0000000008000cec       0x6c ./Core/Src/sysmem.o
                0x0000000008000cec                _sbrk
 .text.SystemInit
                0x0000000008000d58        0xc ./Core/Src/system_stm32f1xx.o
                0x0000000008000d58                SystemInit
 .text.SystemCoreClockUpdate
                0x0000000008000d64       0xe4 ./Core/Src/system_stm32f1xx.o
                0x0000000008000d64                SystemCoreClockUpdate
 .text.Reset_Handler
                0x0000000008000e48       0x48 ./Core/Startup/startup_stm32f103retx.o
                0x0000000008000e48                Reset_Handler
 .text.Default_Handler
                0x0000000008000e90        0x2 ./Core/Startup/startup_stm32f103retx.o
                0x0000000008000e90                RTC_Alarm_IRQHandler
                0x0000000008000e90                EXTI2_IRQHandler
                0x0000000008000e90                TIM8_TRG_COM_IRQHandler
                0x0000000008000e90                TIM8_CC_IRQHandler
                0x0000000008000e90                TIM1_CC_IRQHandler
                0x0000000008000e90                TIM6_IRQHandler
                0x0000000008000e90                PVD_IRQHandler
                0x0000000008000e90                SDIO_IRQHandler
                0x0000000008000e90                EXTI3_IRQHandler
                0x0000000008000e90                EXTI0_IRQHandler
                0x0000000008000e90                I2C2_EV_IRQHandler
                0x0000000008000e90                ADC1_2_IRQHandler
                0x0000000008000e90                SPI1_IRQHandler
                0x0000000008000e90                TAMPER_IRQHandler
                0x0000000008000e90                TIM8_UP_IRQHandler
                0x0000000008000e90                DMA2_Channel2_IRQHandler
                0x0000000008000e90                DMA1_Channel4_IRQHandler
                0x0000000008000e90                USART3_IRQHandler
                0x0000000008000e90                RTC_IRQHandler
                0x0000000008000e90                DMA1_Channel7_IRQHandler
                0x0000000008000e90                CAN1_RX1_IRQHandler
                0x0000000008000e90                UART5_IRQHandler
                0x0000000008000e90                ADC3_IRQHandler
                0x0000000008000e90                TIM4_IRQHandler
                0x0000000008000e90                DMA2_Channel1_IRQHandler
                0x0000000008000e90                I2C1_EV_IRQHandler
                0x0000000008000e90                DMA1_Channel6_IRQHandler
                0x0000000008000e90                UART4_IRQHandler
                0x0000000008000e90                TIM3_IRQHandler
                0x0000000008000e90                RCC_IRQHandler
                0x0000000008000e90                TIM1_TRG_COM_IRQHandler
                0x0000000008000e90                DMA1_Channel1_IRQHandler
                0x0000000008000e90                Default_Handler
                0x0000000008000e90                EXTI15_10_IRQHandler
                0x0000000008000e90                TIM7_IRQHandler
                0x0000000008000e90                TIM5_IRQHandler
                0x0000000008000e90                EXTI9_5_IRQHandler
                0x0000000008000e90                SPI2_IRQHandler
                0x0000000008000e90                DMA1_Channel5_IRQHandler
                0x0000000008000e90                EXTI4_IRQHandler
                0x0000000008000e90                USB_HP_CAN1_TX_IRQHandler
                0x0000000008000e90                DMA1_Channel3_IRQHandler
                0x0000000008000e90                FSMC_IRQHandler
                0x0000000008000e90                TIM1_UP_IRQHandler
                0x0000000008000e90                WWDG_IRQHandler
                0x0000000008000e90                TIM2_IRQHandler
                0x0000000008000e90                TIM1_BRK_IRQHandler
                0x0000000008000e90                EXTI1_IRQHandler
                0x0000000008000e90                DMA2_Channel4_5_IRQHandler
                0x0000000008000e90                USART2_IRQHandler
                0x0000000008000e90                I2C2_ER_IRQHandler
                0x0000000008000e90                DMA1_Channel2_IRQHandler
                0x0000000008000e90                TIM8_BRK_IRQHandler
                0x0000000008000e90                CAN1_SCE_IRQHandler
                0x0000000008000e90                FLASH_IRQHandler
                0x0000000008000e90                SPI3_IRQHandler
                0x0000000008000e90                I2C1_ER_IRQHandler
                0x0000000008000e90                USBWakeUp_IRQHandler
                0x0000000008000e90                DMA2_Channel3_IRQHandler
 *fill*         0x0000000008000e92        0x2 
 .text.HAL_Init
                0x0000000008000e94       0x2c ./Drivers/STM32F1xx_HAL_Driver/Src/stm32f1xx_hal.o
                0x0000000008000e94                HAL_Init
 .text.HAL_InitTick
                0x0000000008000ec0       0x60 ./Drivers/STM32F1xx_HAL_Driver/Src/stm32f1xx_hal.o
                0x0000000008000ec0                HAL_InitTick
 .text.HAL_GetTick
                0x0000000008000f20       0x14 ./Drivers/STM32F1xx_HAL_Driver/Src/stm32f1xx_hal.o
                0x0000000008000f20                HAL_GetTick
 .text.__NVIC_SetPriorityGrouping
                0x0000000008000f34       0x48 ./Drivers/STM32F1xx_HAL_Driver/Src/stm32f1xx_hal_cortex.o
 .text.__NVIC_GetPriorityGrouping
                0x0000000008000f7c       0x1c ./Drivers/STM32F1xx_HAL_Driver/Src/stm32f1xx_hal_cortex.o
 .text.__NVIC_EnableIRQ
                0x0000000008000f98       0x38 ./Drivers/STM32F1xx_HAL_Driver/Src/stm32f1xx_hal_cortex.o
 .text.__NVIC_SetPriority
                0x0000000008000fd0       0x54 ./Drivers/STM32F1xx_HAL_Driver/Src/stm32f1xx_hal_cortex.o
 .text.NVIC_EncodePriority
                0x0000000008001024       0x64 ./Drivers/STM32F1xx_HAL_Driver/Src/stm32f1xx_hal_cortex.o
 .text.SysTick_Config
                0x0000000008001088       0x44 ./Drivers/STM32F1xx_HAL_Driver/Src/stm32f1xx_hal_cortex.o
 .text.HAL_NVIC_SetPriorityGrouping
                0x00000000080010cc       0x16 ./Drivers/STM32F1xx_HAL_Driver/Src/stm32f1xx_hal_cortex.o
                0x00000000080010cc                HAL_NVIC_SetPriorityGrouping
 .text.HAL_NVIC_SetPriority
                0x00000000080010e2       0x38 ./Drivers/STM32F1xx_HAL_Driver/Src/stm32f1xx_hal_cortex.o
                0x00000000080010e2                HAL_NVIC_SetPriority
 .text.HAL_NVIC_EnableIRQ
                0x000000000800111a       0x1c ./Drivers/STM32F1xx_HAL_Driver/Src/stm32f1xx_hal_cortex.o
                0x000000000800111a                HAL_NVIC_EnableIRQ
 .text.HAL_SYSTICK_Config
                0x0000000008001136       0x18 ./Drivers/STM32F1xx_HAL_Driver/Src/stm32f1xx_hal_cortex.o
                0x0000000008001136                HAL_SYSTICK_Config
 .text.HAL_PCD_Init
                0x000000000800114e      0x216 ./Drivers/STM32F1xx_HAL_Driver/Src/stm32f1xx_hal_pcd.o
                0x000000000800114e                HAL_PCD_Init
 .text.HAL_PCD_Start
                0x0000000008001364       0x4c ./Drivers/STM32F1xx_HAL_Driver/Src/stm32f1xx_hal_pcd.o
                0x0000000008001364                HAL_PCD_Start
 .text.HAL_PCD_IRQHandler
                0x00000000080013b0      0x2a6 ./Drivers/STM32F1xx_HAL_Driver/Src/stm32f1xx_hal_pcd.o
                0x00000000080013b0                HAL_PCD_IRQHandler
 .text.HAL_PCD_SetAddress
                0x0000000008001656       0x4a ./Drivers/STM32F1xx_HAL_Driver/Src/stm32f1xx_hal_pcd.o
                0x0000000008001656                HAL_PCD_SetAddress
 .text.HAL_PCD_EP_Open
                0x00000000080016a0       0xcc ./Drivers/STM32F1xx_HAL_Driver/Src/stm32f1xx_hal_pcd.o
                0x00000000080016a0                HAL_PCD_EP_Open
 .text.HAL_PCD_EP_Close
                0x000000000800176c       0x90 ./Drivers/STM32F1xx_HAL_Driver/Src/stm32f1xx_hal_pcd.o
                0x000000000800176c                HAL_PCD_EP_Close
 .text.HAL_PCD_EP_Receive
                0x00000000080017fc       0x7a ./Drivers/STM32F1xx_HAL_Driver/Src/stm32f1xx_hal_pcd.o
                0x00000000080017fc                HAL_PCD_EP_Receive
 .text.HAL_PCD_EP_GetRxCount
                0x0000000008001876       0x2e ./Drivers/STM32F1xx_HAL_Driver/Src/stm32f1xx_hal_pcd.o
                0x0000000008001876                HAL_PCD_EP_GetRxCount
 .text.HAL_PCD_EP_Transmit
                0x00000000080018a4       0x86 ./Drivers/STM32F1xx_HAL_Driver/Src/stm32f1xx_hal_pcd.o
                0x00000000080018a4                HAL_PCD_EP_Transmit
 .text.HAL_PCD_EP_SetStall
                0x000000000800192a       0xc0 ./Drivers/STM32F1xx_HAL_Driver/Src/stm32f1xx_hal_pcd.o
                0x000000000800192a                HAL_PCD_EP_SetStall
 .text.HAL_PCD_EP_ClrStall
                0x00000000080019ea       0xa8 ./Drivers/STM32F1xx_HAL_Driver/Src/stm32f1xx_hal_pcd.o
                0x00000000080019ea                HAL_PCD_EP_ClrStall
 .text.PCD_EP_ISR_Handler
                0x0000000008001a92      0x600 ./Drivers/STM32F1xx_HAL_Driver/Src/stm32f1xx_hal_pcd.o
 .text.HAL_PCD_EP_DB_Receive
                0x0000000008002092      0x21a ./Drivers/STM32F1xx_HAL_Driver/Src/stm32f1xx_hal_pcd.o
 .text.HAL_PCD_EP_DB_Transmit
                0x00000000080022ac      0x7a4 ./Drivers/STM32F1xx_HAL_Driver/Src/stm32f1xx_hal_pcd.o
 .text.HAL_PCDEx_PMAConfig
                0x0000000008002a50       0x84 ./Drivers/STM32F1xx_HAL_Driver/Src/stm32f1xx_hal_pcd_ex.o
                0x0000000008002a50                HAL_PCDEx_PMAConfig
 .text.HAL_RCC_OscConfig
                0x0000000008002ad4      0x504 ./Drivers/STM32F1xx_HAL_Driver/Src/stm32f1xx_hal_rcc.o
                0x0000000008002ad4                HAL_RCC_OscConfig
 .text.HAL_RCC_ClockConfig
                0x0000000008002fd8      0x1d4 ./Drivers/STM32F1xx_HAL_Driver/Src/stm32f1xx_hal_rcc.o
                0x0000000008002fd8                HAL_RCC_ClockConfig
 .text.HAL_RCC_GetSysClockFreq
                0x00000000080031ac       0xbc ./Drivers/STM32F1xx_HAL_Driver/Src/stm32f1xx_hal_rcc.o
                0x00000000080031ac                HAL_RCC_GetSysClockFreq
 .text.RCC_Delay
                0x0000000008003268       0x3c ./Drivers/STM32F1xx_HAL_Driver/Src/stm32f1xx_hal_rcc.o
 .text.HAL_RCCEx_PeriphCLKConfig
                0x00000000080032a4      0x16c ./Drivers/STM32F1xx_HAL_Driver/Src/stm32f1xx_hal_rcc_ex.o
                0x00000000080032a4                HAL_RCCEx_PeriphCLKConfig
 .text.USB_CoreInit
                0x0000000008003410       0x20 ./Drivers/STM32F1xx_HAL_Driver/Src/stm32f1xx_ll_usb.o
                0x0000000008003410                USB_CoreInit
 .text.USB_EnableGlobalInt
                0x0000000008003430       0x2c ./Drivers/STM32F1xx_HAL_Driver/Src/stm32f1xx_ll_usb.o
                0x0000000008003430                USB_EnableGlobalInt
 .text.USB_DisableGlobalInt
                0x000000000800345c       0x34 ./Drivers/STM32F1xx_HAL_Driver/Src/stm32f1xx_ll_usb.o
                0x000000000800345c                USB_DisableGlobalInt
 .text.USB_SetCurrentMode
                0x0000000008003490       0x18 ./Drivers/STM32F1xx_HAL_Driver/Src/stm32f1xx_ll_usb.o
                0x0000000008003490                USB_SetCurrentMode
 .text.USB_DevInit
                0x00000000080034a8       0x40 ./Drivers/STM32F1xx_HAL_Driver/Src/stm32f1xx_ll_usb.o
                0x00000000080034a8                USB_DevInit
 .text.USB_ActivateEndpoint
                0x00000000080034e8      0x6d4 ./Drivers/STM32F1xx_HAL_Driver/Src/stm32f1xx_ll_usb.o
                0x00000000080034e8                USB_ActivateEndpoint
 .text.USB_DeactivateEndpoint
                0x0000000008003bbc      0x3d8 ./Drivers/STM32F1xx_HAL_Driver/Src/stm32f1xx_ll_usb.o
                0x0000000008003bbc                USB_DeactivateEndpoint
 .text.USB_EPStartXfer
                0x0000000008003f94     0x1c70 ./Drivers/STM32F1xx_HAL_Driver/Src/stm32f1xx_ll_usb.o
                0x0000000008003f94                USB_EPStartXfer
 .text.USB_EPSetStall
                0x0000000008005c04       0xa0 ./Drivers/STM32F1xx_HAL_Driver/Src/stm32f1xx_ll_usb.o
                0x0000000008005c04                USB_EPSetStall
 .text.USB_EPClearStall
                0x0000000008005ca4      0x15a ./Drivers/STM32F1xx_HAL_Driver/Src/stm32f1xx_ll_usb.o
                0x0000000008005ca4                USB_EPClearStall
 .text.USB_SetDevAddress
                0x0000000008005dfe       0x26 ./Drivers/STM32F1xx_HAL_Driver/Src/stm32f1xx_ll_usb.o
                0x0000000008005dfe                USB_SetDevAddress
 .text.USB_DevConnect
                0x0000000008005e24       0x14 ./Drivers/STM32F1xx_HAL_Driver/Src/stm32f1xx_ll_usb.o
                0x0000000008005e24                USB_DevConnect
 .text.USB_DevDisconnect
                0x0000000008005e38       0x14 ./Drivers/STM32F1xx_HAL_Driver/Src/stm32f1xx_ll_usb.o
                0x0000000008005e38                USB_DevDisconnect
 .text.USB_ReadInterrupts
                0x0000000008005e4c       0x1e ./Drivers/STM32F1xx_HAL_Driver/Src/stm32f1xx_ll_usb.o
                0x0000000008005e4c                USB_ReadInterrupts
 .text.USB_EP0_OutStart
                0x0000000008005e6a       0x16 ./Drivers/STM32F1xx_HAL_Driver/Src/stm32f1xx_ll_usb.o
                0x0000000008005e6a                USB_EP0_OutStart
 .text.USB_WritePMA
                0x0000000008005e80       0x8a ./Drivers/STM32F1xx_HAL_Driver/Src/stm32f1xx_ll_usb.o
                0x0000000008005e80                USB_WritePMA
 .text.USB_ReadPMA
                0x0000000008005f0a       0x9e ./Drivers/STM32F1xx_HAL_Driver/Src/stm32f1xx_ll_usb.o
                0x0000000008005f0a                USB_ReadPMA
 .text.USBD_CDC_Init
                0x0000000008005fa8       0xf4 ./Middlewares/ST/STM32_USB_Device_Library/Class/CDC/Src/usbd_cdc.o
 .text.USBD_CDC_DeInit
                0x000000000800609c       0x6e ./Middlewares/ST/STM32_USB_Device_Library/Class/CDC/Src/usbd_cdc.o
 .text.USBD_CDC_Setup
                0x000000000800610a      0x146 ./Middlewares/ST/STM32_USB_Device_Library/Class/CDC/Src/usbd_cdc.o
 .text.USBD_CDC_DataIn
                0x0000000008006250       0xa6 ./Middlewares/ST/STM32_USB_Device_Library/Class/CDC/Src/usbd_cdc.o
 .text.USBD_CDC_DataOut
                0x00000000080062f6       0x56 ./Middlewares/ST/STM32_USB_Device_Library/Class/CDC/Src/usbd_cdc.o
 .text.USBD_CDC_EP0_RxReady
                0x000000000800634c       0x50 ./Middlewares/ST/STM32_USB_Device_Library/Class/CDC/Src/usbd_cdc.o
 .text.USBD_CDC_GetFSCfgDesc
                0x000000000800639c       0x20 ./Middlewares/ST/STM32_USB_Device_Library/Class/CDC/Src/usbd_cdc.o
 .text.USBD_CDC_GetHSCfgDesc
                0x00000000080063bc       0x20 ./Middlewares/ST/STM32_USB_Device_Library/Class/CDC/Src/usbd_cdc.o
 .text.USBD_CDC_GetOtherSpeedCfgDesc
                0x00000000080063dc       0x20 ./Middlewares/ST/STM32_USB_Device_Library/Class/CDC/Src/usbd_cdc.o
 .text.USBD_CDC_GetDeviceQualifierDescriptor
                0x00000000080063fc       0x20 ./Middlewares/ST/STM32_USB_Device_Library/Class/CDC/Src/usbd_cdc.o
                0x00000000080063fc                USBD_CDC_GetDeviceQualifierDescriptor
 .text.USBD_CDC_RegisterInterface
                0x000000000800641c       0x2c ./Middlewares/ST/STM32_USB_Device_Library/Class/CDC/Src/usbd_cdc.o
                0x000000000800641c                USBD_CDC_RegisterInterface
 .text.USBD_CDC_SetTxBuffer
                0x0000000008006448       0x32 ./Middlewares/ST/STM32_USB_Device_Library/Class/CDC/Src/usbd_cdc.o
                0x0000000008006448                USBD_CDC_SetTxBuffer
 .text.USBD_CDC_SetRxBuffer
                0x000000000800647a       0x26 ./Middlewares/ST/STM32_USB_Device_Library/Class/CDC/Src/usbd_cdc.o
                0x000000000800647a                USBD_CDC_SetRxBuffer
 .text.USBD_CDC_ReceivePacket
                0x00000000080064a0       0x54 ./Middlewares/ST/STM32_USB_Device_Library/Class/CDC/Src/usbd_cdc.o
                0x00000000080064a0                USBD_CDC_ReceivePacket
 .text.USBD_Init
                0x00000000080064f4       0x56 ./Middlewares/ST/STM32_USB_Device_Library/Core/Src/usbd_core.o
                0x00000000080064f4                USBD_Init
 .text.USBD_RegisterClass
                0x000000000800654a       0x32 ./Middlewares/ST/STM32_USB_Device_Library/Core/Src/usbd_core.o
                0x000000000800654a                USBD_RegisterClass
 .text.USBD_Start
                0x000000000800657c       0x18 ./Middlewares/ST/STM32_USB_Device_Library/Core/Src/usbd_core.o
                0x000000000800657c                USBD_Start
 .text.USBD_RunTestMode
                0x0000000008006594       0x14 ./Middlewares/ST/STM32_USB_Device_Library/Core/Src/usbd_core.o
                0x0000000008006594                USBD_RunTestMode
 .text.USBD_SetClassConfig
                0x00000000080065a8       0x3e ./Middlewares/ST/STM32_USB_Device_Library/Core/Src/usbd_core.o
                0x00000000080065a8                USBD_SetClassConfig
 .text.USBD_ClrClassConfig
                0x00000000080065e6       0x26 ./Middlewares/ST/STM32_USB_Device_Library/Core/Src/usbd_core.o
                0x00000000080065e6                USBD_ClrClassConfig
 .text.USBD_LL_SetupStage
                0x000000000800660c       0x9a ./Middlewares/ST/STM32_USB_Device_Library/Core/Src/usbd_core.o
                0x000000000800660c                USBD_LL_SetupStage
 .text.USBD_LL_DataOutStage
                0x00000000080066a6       0xe2 ./Middlewares/ST/STM32_USB_Device_Library/Core/Src/usbd_core.o
                0x00000000080066a6                USBD_LL_DataOutStage
 .text.USBD_LL_DataInStage
                0x0000000008006788      0x14a ./Middlewares/ST/STM32_USB_Device_Library/Core/Src/usbd_core.o
                0x0000000008006788                USBD_LL_DataInStage
 .text.USBD_LL_Reset
                0x00000000080068d2       0x82 ./Middlewares/ST/STM32_USB_Device_Library/Core/Src/usbd_core.o
                0x00000000080068d2                USBD_LL_Reset
 .text.USBD_LL_SetSpeed
                0x0000000008006954       0x1e ./Middlewares/ST/STM32_USB_Device_Library/Core/Src/usbd_core.o
                0x0000000008006954                USBD_LL_SetSpeed
 .text.USBD_LL_Suspend
                0x0000000008006972       0x28 ./Middlewares/ST/STM32_USB_Device_Library/Core/Src/usbd_core.o
                0x0000000008006972                USBD_LL_Suspend
 .text.USBD_LL_Resume
                0x000000000800699a       0x2a ./Middlewares/ST/STM32_USB_Device_Library/Core/Src/usbd_core.o
                0x000000000800699a                USBD_LL_Resume
 .text.USBD_LL_SOF
                0x00000000080069c4       0x34 ./Middlewares/ST/STM32_USB_Device_Library/Core/Src/usbd_core.o
                0x00000000080069c4                USBD_LL_SOF
 .text.USBD_StdDevReq
                0x00000000080069f8       0xd4 ./Middlewares/ST/STM32_USB_Device_Library/Core/Src/usbd_ctlreq.o
                0x00000000080069f8                USBD_StdDevReq
 .text.USBD_StdItfReq
                0x0000000008006acc       0x90 ./Middlewares/ST/STM32_USB_Device_Library/Core/Src/usbd_ctlreq.o
                0x0000000008006acc                USBD_StdItfReq
 .text.USBD_StdEPReq
                0x0000000008006b5c      0x2c6 ./Middlewares/ST/STM32_USB_Device_Library/Core/Src/usbd_ctlreq.o
                0x0000000008006b5c                USBD_StdEPReq
 *fill*         0x0000000008006e22        0x2 
 .text.USBD_GetDescriptor
                0x0000000008006e24      0x2d0 ./Middlewares/ST/STM32_USB_Device_Library/Core/Src/usbd_ctlreq.o
 .text.USBD_SetAddress
                0x00000000080070f4       0x86 ./Middlewares/ST/STM32_USB_Device_Library/Core/Src/usbd_ctlreq.o
 *fill*         0x000000000800717a        0x2 
 .text.USBD_SetConfig
                0x000000000800717c      0x11c ./Middlewares/ST/STM32_USB_Device_Library/Core/Src/usbd_ctlreq.o
 .text.USBD_GetConfig
                0x0000000008007298       0x6a ./Middlewares/ST/STM32_USB_Device_Library/Core/Src/usbd_ctlreq.o
 .text.USBD_GetStatus
                0x0000000008007302       0x66 ./Middlewares/ST/STM32_USB_Device_Library/Core/Src/usbd_ctlreq.o
 .text.USBD_SetFeature
                0x0000000008007368       0x28 ./Middlewares/ST/STM32_USB_Device_Library/Core/Src/usbd_ctlreq.o
 .text.USBD_ClrFeature
                0x0000000008007390       0x42 ./Middlewares/ST/STM32_USB_Device_Library/Core/Src/usbd_ctlreq.o
 .text.USBD_ParseSetupRequest
                0x00000000080073d2       0x78 ./Middlewares/ST/STM32_USB_Device_Library/Core/Src/usbd_ctlreq.o
                0x00000000080073d2                USBD_ParseSetupRequest
 .text.USBD_CtlError
                0x000000000800744a       0x22 ./Middlewares/ST/STM32_USB_Device_Library/Core/Src/usbd_ctlreq.o
                0x000000000800744a                USBD_CtlError
 .text.USBD_GetString
                0x000000000800746c       0x84 ./Middlewares/ST/STM32_USB_Device_Library/Core/Src/usbd_ctlreq.o
                0x000000000800746c                USBD_GetString
 .text.USBD_GetLen
                0x00000000080074f0       0x2e ./Middlewares/ST/STM32_USB_Device_Library/Core/Src/usbd_ctlreq.o
 .text.USBD_CtlSendData
                0x000000000800751e       0x38 ./Middlewares/ST/STM32_USB_Device_Library/Core/Src/usbd_ioreq.o
                0x000000000800751e                USBD_CtlSendData
 .text.USBD_CtlContinueSendData
                0x0000000008007556       0x24 ./Middlewares/ST/STM32_USB_Device_Library/Core/Src/usbd_ioreq.o
                0x0000000008007556                USBD_CtlContinueSendData
 .text.USBD_CtlPrepareRx
                0x000000000800757a       0x3c ./Middlewares/ST/STM32_USB_Device_Library/Core/Src/usbd_ioreq.o
                0x000000000800757a                USBD_CtlPrepareRx
 .text.USBD_CtlContinueRx
                0x00000000080075b6       0x24 ./Middlewares/ST/STM32_USB_Device_Library/Core/Src/usbd_ioreq.o
                0x00000000080075b6                USBD_CtlContinueRx
 .text.USBD_CtlSendStatus
                0x00000000080075da       0x26 ./Middlewares/ST/STM32_USB_Device_Library/Core/Src/usbd_ioreq.o
                0x00000000080075da                USBD_CtlSendStatus
 .text.USBD_CtlReceiveStatus
                0x0000000008007600       0x26 ./Middlewares/ST/STM32_USB_Device_Library/Core/Src/usbd_ioreq.o
                0x0000000008007600                USBD_CtlReceiveStatus
 *fill*         0x0000000008007626        0x2 
 .text.MX_USB_DEVICE_Init
                0x0000000008007628       0x60 ./USB_DEVICE/App/usb_device.o
                0x0000000008007628                MX_USB_DEVICE_Init
 .text.CDC_Init_FS
                0x0000000008007688       0x28 ./USB_DEVICE/App/usbd_cdc_if.o
 .text.CDC_DeInit_FS
                0x00000000080076b0        0xe ./USB_DEVICE/App/usbd_cdc_if.o
 *fill*         0x00000000080076be        0x2 
 .text.CDC_Control_FS
                0x00000000080076c0       0xbc ./USB_DEVICE/App/usbd_cdc_if.o
 .text.CDC_Receive_FS
                0x000000000800777c       0x28 ./USB_DEVICE/App/usbd_cdc_if.o
 .text.USBD_FS_DeviceDescriptor
                0x00000000080077a4       0x24 ./USB_DEVICE/App/usbd_desc.o
                0x00000000080077a4                USBD_FS_DeviceDescriptor
 .text.USBD_FS_LangIDStrDescriptor
                0x00000000080077c8       0x24 ./USB_DEVICE/App/usbd_desc.o
                0x00000000080077c8                USBD_FS_LangIDStrDescriptor
 .text.USBD_FS_ProductStrDescriptor
                0x00000000080077ec       0x3c ./USB_DEVICE/App/usbd_desc.o
                0x00000000080077ec                USBD_FS_ProductStrDescriptor
 .text.USBD_FS_ManufacturerStrDescriptor
                0x0000000008007828       0x28 ./USB_DEVICE/App/usbd_desc.o
                0x0000000008007828                USBD_FS_ManufacturerStrDescriptor
 .text.USBD_FS_SerialStrDescriptor
                0x0000000008007850       0x24 ./USB_DEVICE/App/usbd_desc.o
                0x0000000008007850                USBD_FS_SerialStrDescriptor
 .text.USBD_FS_ConfigStrDescriptor
                0x0000000008007874       0x3c ./USB_DEVICE/App/usbd_desc.o
                0x0000000008007874                USBD_FS_ConfigStrDescriptor
 .text.USBD_FS_InterfaceStrDescriptor
                0x00000000080078b0       0x3c ./USB_DEVICE/App/usbd_desc.o
                0x00000000080078b0                USBD_FS_InterfaceStrDescriptor
 .text.Get_SerialNum
                0x00000000080078ec       0x58 ./USB_DEVICE/App/usbd_desc.o
 .text.IntToUnicode
                0x0000000008007944       0x7c ./USB_DEVICE/App/usbd_desc.o
 .text.HAL_PCD_MspInit
                0x00000000080079c0       0x4c ./USB_DEVICE/Target/usbd_conf.o
                0x00000000080079c0                HAL_PCD_MspInit
 .text.HAL_PCD_SetupStageCallback
                0x0000000008007a0c       0x24 ./USB_DEVICE/Target/usbd_conf.o
                0x0000000008007a0c                HAL_PCD_SetupStageCallback
 .text.HAL_PCD_DataOutStageCallback
                0x0000000008007a30       0x36 ./USB_DEVICE/Target/usbd_conf.o
                0x0000000008007a30                HAL_PCD_DataOutStageCallback
 .text.HAL_PCD_DataInStageCallback
                0x0000000008007a66       0x34 ./USB_DEVICE/Target/usbd_conf.o
                0x0000000008007a66                HAL_PCD_DataInStageCallback
 .text.HAL_PCD_SOFCallback
                0x0000000008007a9a       0x1c ./USB_DEVICE/Target/usbd_conf.o
                0x0000000008007a9a                HAL_PCD_SOFCallback
 .text.HAL_PCD_ResetCallback
                0x0000000008007ab6       0x3c ./USB_DEVICE/Target/usbd_conf.o
                0x0000000008007ab6                HAL_PCD_ResetCallback
 *fill*         0x0000000008007af2        0x2 
 .text.HAL_PCD_SuspendCallback
                0x0000000008007af4       0x34 ./USB_DEVICE/Target/usbd_conf.o
                0x0000000008007af4                HAL_PCD_SuspendCallback
 .text.HAL_PCD_ResumeCallback
                0x0000000008007b28       0x1c ./USB_DEVICE/Target/usbd_conf.o
                0x0000000008007b28                HAL_PCD_ResumeCallback
 .text.USBD_LL_Init
                0x0000000008007b44       0xb4 ./USB_DEVICE/Target/usbd_conf.o
                0x0000000008007b44                USBD_LL_Init
 .text.USBD_LL_Start
                0x0000000008007bf8       0x36 ./USB_DEVICE/Target/usbd_conf.o
                0x0000000008007bf8                USBD_LL_Start
 .text.USBD_LL_OpenEP
                0x0000000008007c2e       0x4c ./USB_DEVICE/Target/usbd_conf.o
                0x0000000008007c2e                USBD_LL_OpenEP
 .text.USBD_LL_CloseEP
                0x0000000008007c7a       0x3e ./USB_DEVICE/Target/usbd_conf.o
                0x0000000008007c7a                USBD_LL_CloseEP
 .text.USBD_LL_StallEP
                0x0000000008007cb8       0x3e ./USB_DEVICE/Target/usbd_conf.o
                0x0000000008007cb8                USBD_LL_StallEP
 .text.USBD_LL_ClearStallEP
                0x0000000008007cf6       0x3e ./USB_DEVICE/Target/usbd_conf.o
                0x0000000008007cf6                USBD_LL_ClearStallEP
 .text.USBD_LL_IsStallEP
                0x0000000008007d34       0x58 ./USB_DEVICE/Target/usbd_conf.o
                0x0000000008007d34                USBD_LL_IsStallEP
 .text.USBD_LL_SetUSBAddress
                0x0000000008007d8c       0x3e ./USB_DEVICE/Target/usbd_conf.o
                0x0000000008007d8c                USBD_LL_SetUSBAddress
 .text.USBD_LL_Transmit
                0x0000000008007dca       0x46 ./USB_DEVICE/Target/usbd_conf.o
                0x0000000008007dca                USBD_LL_Transmit
 .text.USBD_LL_PrepareReceive
                0x0000000008007e10       0x46 ./USB_DEVICE/Target/usbd_conf.o
                0x0000000008007e10                USBD_LL_PrepareReceive
 .text.USBD_LL_GetRxDataSize
                0x0000000008007e56       0x26 ./USB_DEVICE/Target/usbd_conf.o
                0x0000000008007e56                USBD_LL_GetRxDataSize
 .text.USBD_static_malloc
                0x0000000008007e7c       0x18 ./USB_DEVICE/Target/usbd_conf.o
                0x0000000008007e7c                USBD_static_malloc
 .text.USBD_static_free
                0x0000000008007e94       0x12 ./USB_DEVICE/Target/usbd_conf.o
                0x0000000008007e94                USBD_static_free
 .text.HAL_PCDEx_SetConnectionState
                0x0000000008007ea6       0x16 ./USB_DEVICE/Target/usbd_conf.o
                0x0000000008007ea6                HAL_PCDEx_SetConnectionState
 .text.USBD_Get_USB_Status
                0x0000000008007ebc       0x58 ./USB_DEVICE/Target/usbd_conf.o
 .text.__errno  0x0000000008007f14        0xc /opt/st/stm32cubeide_1.11.0/plugins/com.st.stm32cube.ide.mcu.externaltools.gnu-tools-for-stm32.10.3-2021.10.linux64_1.0.100.202210260954/tools/bin/../lib/gcc/arm-none-eabi/10.3.1/../../../../arm-none-eabi/lib/thumb/v7-m/nofp/libc_nano.a(lib_a-errno.o)
                0x0000000008007f14                __errno
 .text.__libc_init_array
                0x0000000008007f20       0x48 /opt/st/stm32cubeide_1.11.0/plugins/com.st.stm32cube.ide.mcu.externaltools.gnu-tools-for-stm32.10.3-2021.10.linux64_1.0.100.202210260954/tools/bin/../lib/gcc/arm-none-eabi/10.3.1/../../../../arm-none-eabi/lib/thumb/v7-m/nofp/libc_nano.a(lib_a-init.o)
                0x0000000008007f20                __libc_init_array
 .text.memset   0x0000000008007f68       0x10 /opt/st/stm32cubeide_1.11.0/plugins/com.st.stm32cube.ide.mcu.externaltools.gnu-tools-for-stm32.10.3-2021.10.linux64_1.0.100.202210260954/tools/bin/../lib/gcc/arm-none-eabi/10.3.1/../../../../arm-none-eabi/lib/thumb/v7-m/nofp/libc_nano.a(lib_a-memset.o)
                0x0000000008007f68                memset
 .text.sprintf  0x0000000008007f78       0x40 /opt/st/stm32cubeide_1.11.0/plugins/com.st.stm32cube.ide.mcu.externaltools.gnu-tools-for-stm32.10.3-2021.10.linux64_1.0.100.202210260954/tools/bin/../lib/gcc/arm-none-eabi/10.3.1/../../../../arm-none-eabi/lib/thumb/v7-m/nofp/libc_nano.a(lib_a-sprintf.o)
                0x0000000008007f78                sprintf
                0x0000000008007f78                siprintf
 .text.__ssputs_r
                0x0000000008007fb8       0xb6 /opt/st/stm32cubeide_1.11.0/plugins/com.st.stm32cube.ide.mcu.externaltools.gnu-tools-for-stm32.10.3-2021.10.linux64_1.0.100.202210260954/tools/bin/../lib/gcc/arm-none-eabi/10.3.1/../../../../arm-none-eabi/lib/thumb/v7-m/nofp/libc_nano.a(lib_a-nano-svfprintf.o)
                0x0000000008007fb8                __ssputs_r
 *fill*         0x000000000800806e        0x2 
 .text._svfprintf_r
                0x0000000008008070      0x200 /opt/st/stm32cubeide_1.11.0/plugins/com.st.stm32cube.ide.mcu.externaltools.gnu-tools-for-stm32.10.3-2021.10.linux64_1.0.100.202210260954/tools/bin/../lib/gcc/arm-none-eabi/10.3.1/../../../../arm-none-eabi/lib/thumb/v7-m/nofp/libc_nano.a(lib_a-nano-svfprintf.o)
                0x0000000008008070                _svfprintf_r
                0x0000000008008070                _svfiprintf_r
 .text._printf_common
                0x0000000008008270       0xde /opt/st/stm32cubeide_1.11.0/plugins/com.st.stm32cube.ide.mcu.externaltools.gnu-tools-for-stm32.10.3-2021.10.linux64_1.0.100.202210260954/tools/bin/../lib/gcc/arm-none-eabi/10.3.1/../../../../arm-none-eabi/lib/thumb/v7-m/nofp/libc_nano.a(lib_a-nano-vfprintf_i.o)
                0x0000000008008270                _printf_common
 *fill*         0x000000000800834e        0x2 
 .text._printf_i
                0x0000000008008350      0x24c /opt/st/stm32cubeide_1.11.0/plugins/com.st.stm32cube.ide.mcu.externaltools.gnu-tools-for-stm32.10.3-2021.10.linux64_1.0.100.202210260954/tools/bin/../lib/gcc/arm-none-eabi/10.3.1/../../../../arm-none-eabi/lib/thumb/v7-m/nofp/libc_nano.a(lib_a-nano-vfprintf_i.o)
                0x0000000008008350                _printf_i
 .text.memchr   0x000000000800859c       0x1c /opt/st/stm32cubeide_1.11.0/plugins/com.st.stm32cube.ide.mcu.externaltools.gnu-tools-for-stm32.10.3-2021.10.linux64_1.0.100.202210260954/tools/bin/../lib/gcc/arm-none-eabi/10.3.1/../../../../arm-none-eabi/lib/thumb/v7-m/nofp/libc_nano.a(lib_a-memchr-stub.o)
                0x000000000800859c                memchr
 .text.memcpy   0x00000000080085b8       0x1c /opt/st/stm32cubeide_1.11.0/plugins/com.st.stm32cube.ide.mcu.externaltools.gnu-tools-for-stm32.10.3-2021.10.linux64_1.0.100.202210260954/tools/bin/../lib/gcc/arm-none-eabi/10.3.1/../../../../arm-none-eabi/lib/thumb/v7-m/nofp/libc_nano.a(lib_a-memcpy-stub.o)
                0x00000000080085b8                memcpy
 .text.memmove  0x00000000080085d4       0x34 /opt/st/stm32cubeide_1.11.0/plugins/com.st.stm32cube.ide.mcu.externaltools.gnu-tools-for-stm32.10.3-2021.10.linux64_1.0.100.202210260954/tools/bin/../lib/gcc/arm-none-eabi/10.3.1/../../../../arm-none-eabi/lib/thumb/v7-m/nofp/libc_nano.a(lib_a-memmove.o)
                0x00000000080085d4                memmove
 .text._free_r  0x0000000008008608       0x90 /opt/st/stm32cubeide_1.11.0/plugins/com.st.stm32cube.ide.mcu.externaltools.gnu-tools-for-stm32.10.3-2021.10.linux64_1.0.100.202210260954/tools/bin/../lib/gcc/arm-none-eabi/10.3.1/../../../../arm-none-eabi/lib/thumb/v7-m/nofp/libc_nano.a(lib_a-nano-freer.o)
                0x0000000008008608                _free_r
 .text.sbrk_aligned
                0x0000000008008698       0x40 /opt/st/stm32cubeide_1.11.0/plugins/com.st.stm32cube.ide.mcu.externaltools.gnu-tools-for-stm32.10.3-2021.10.linux64_1.0.100.202210260954/tools/bin/../lib/gcc/arm-none-eabi/10.3.1/../../../../arm-none-eabi/lib/thumb/v7-m/nofp/libc_nano.a(lib_a-nano-mallocr.o)
 .text._malloc_r
                0x00000000080086d8       0xe8 /opt/st/stm32cubeide_1.11.0/plugins/com.st.stm32cube.ide.mcu.externaltools.gnu-tools-for-stm32.10.3-2021.10.linux64_1.0.100.202210260954/tools/bin/../lib/gcc/arm-none-eabi/10.3.1/../../../../arm-none-eabi/lib/thumb/v7-m/nofp/libc_nano.a(lib_a-nano-mallocr.o)
                0x00000000080086d8                _malloc_r
 .text._realloc_r
                0x00000000080087c0       0x5e /opt/st/stm32cubeide_1.11.0/plugins/com.st.stm32cube.ide.mcu.externaltools.gnu-tools-for-stm32.10.3-2021.10.linux64_1.0.100.202210260954/tools/bin/../lib/gcc/arm-none-eabi/10.3.1/../../../../arm-none-eabi/lib/thumb/v7-m/nofp/libc_nano.a(lib_a-nano-reallocr.o)
                0x00000000080087c0                _realloc_r
 *fill*         0x000000000800881e        0x2 
 .text._sbrk_r  0x0000000008008820       0x20 /opt/st/stm32cubeide_1.11.0/plugins/com.st.stm32cube.ide.mcu.externaltools.gnu-tools-for-stm32.10.3-2021.10.linux64_1.0.100.202210260954/tools/bin/../lib/gcc/arm-none-eabi/10.3.1/../../../../arm-none-eabi/lib/thumb/v7-m/nofp/libc_nano.a(lib_a-sbrkr.o)
                0x0000000008008820                _sbrk_r
 .text.__malloc_lock
                0x0000000008008840        0xc /opt/st/stm32cubeide_1.11.0/plugins/com.st.stm32cube.ide.mcu.externaltools.gnu-tools-for-stm32.10.3-2021.10.linux64_1.0.100.202210260954/tools/bin/../lib/gcc/arm-none-eabi/10.3.1/../../../../arm-none-eabi/lib/thumb/v7-m/nofp/libc_nano.a(lib_a-mlock.o)
                0x0000000008008840                __malloc_lock
 .text.__malloc_unlock
                0x000000000800884c        0xc /opt/st/stm32cubeide_1.11.0/plugins/com.st.stm32cube.ide.mcu.externaltools.gnu-tools-for-stm32.10.3-2021.10.linux64_1.0.100.202210260954/tools/bin/../lib/gcc/arm-none-eabi/10.3.1/../../../../arm-none-eabi/lib/thumb/v7-m/nofp/libc_nano.a(lib_a-mlock.o)
                0x000000000800884c                __malloc_unlock
 .text._malloc_usable_size_r
                0x0000000008008858       0x10 /opt/st/stm32cubeide_1.11.0/plugins/com.st.stm32cube.ide.mcu.externaltools.gnu-tools-for-stm32.10.3-2021.10.linux64_1.0.100.202210260954/tools/bin/../lib/gcc/arm-none-eabi/10.3.1/../../../../arm-none-eabi/lib/thumb/v7-m/nofp/libc_nano.a(lib_a-nano-msizer.o)
                0x0000000008008858                _malloc_usable_size_r
 .text.__retarget_lock_acquire_recursive
                0x0000000008008868        0x2 /opt/st/stm32cubeide_1.11.0/plugins/com.st.stm32cube.ide.mcu.externaltools.gnu-tools-for-stm32.10.3-2021.10.linux64_1.0.100.202210260954/tools/bin/../lib/gcc/arm-none-eabi/10.3.1/../../../../arm-none-eabi/lib/thumb/v7-m/nofp/libc_nano.a(lib_a-lock.o)
                0x0000000008008868                __retarget_lock_acquire_recursive
 .text.__retarget_lock_release_recursive
                0x000000000800886a        0x2 /opt/st/stm32cubeide_1.11.0/plugins/com.st.stm32cube.ide.mcu.externaltools.gnu-tools-for-stm32.10.3-2021.10.linux64_1.0.100.202210260954/tools/bin/../lib/gcc/arm-none-eabi/10.3.1/../../../../arm-none-eabi/lib/thumb/v7-m/nofp/libc_nano.a(lib_a-lock.o)
                0x000000000800886a                __retarget_lock_release_recursive
 *(.glue_7)
 .glue_7        0x000000000800886c        0x0 linker stubs
 *(.glue_7t)
 .glue_7t       0x000000000800886c        0x0 linker stubs
 *(.eh_frame)
 .eh_frame      0x000000000800886c        0x0 /opt/st/stm32cubeide_1.11.0/plugins/com.st.stm32cube.ide.mcu.externaltools.gnu-tools-for-stm32.10.3-2021.10.linux64_1.0.100.202210260954/tools/bin/../lib/gcc/arm-none-eabi/10.3.1/thumb/v7-m/nofp/crtbegin.o
 *(.init)
 .init          0x000000000800886c        0x4 /opt/st/stm32cubeide_1.11.0/plugins/com.st.stm32cube.ide.mcu.externaltools.gnu-tools-for-stm32.10.3-2021.10.linux64_1.0.100.202210260954/tools/bin/../lib/gcc/arm-none-eabi/10.3.1/thumb/v7-m/nofp/crti.o
                0x000000000800886c                _init
 .init          0x0000000008008870        0x8 /opt/st/stm32cubeide_1.11.0/plugins/com.st.stm32cube.ide.mcu.externaltools.gnu-tools-for-stm32.10.3-2021.10.linux64_1.0.100.202210260954/tools/bin/../lib/gcc/arm-none-eabi/10.3.1/thumb/v7-m/nofp/crtn.o
 *(.fini)
 .fini          0x0000000008008878        0x4 /opt/st/stm32cubeide_1.11.0/plugins/com.st.stm32cube.ide.mcu.externaltools.gnu-tools-for-stm32.10.3-2021.10.linux64_1.0.100.202210260954/tools/bin/../lib/gcc/arm-none-eabi/10.3.1/thumb/v7-m/nofp/crti.o
                0x0000000008008878                _fini
 .fini          0x000000000800887c        0x8 /opt/st/stm32cubeide_1.11.0/plugins/com.st.stm32cube.ide.mcu.externaltools.gnu-tools-for-stm32.10.3-2021.10.linux64_1.0.100.202210260954/tools/bin/../lib/gcc/arm-none-eabi/10.3.1/thumb/v7-m/nofp/crtn.o
                0x0000000008008884                . = ALIGN (0x4)
                0x0000000008008884                _etext = .

.vfp11_veneer   0x0000000008008884        0x0
 .vfp11_veneer  0x0000000008008884        0x0 linker stubs

.v4_bx          0x0000000008008884        0x0
 .v4_bx         0x0000000008008884        0x0 linker stubs

.iplt           0x0000000008008884        0x0
 .iplt          0x0000000008008884        0x0 /opt/st/stm32cubeide_1.11.0/plugins/com.st.stm32cube.ide.mcu.externaltools.gnu-tools-for-stm32.10.3-2021.10.linux64_1.0.100.202210260954/tools/bin/../lib/gcc/arm-none-eabi/10.3.1/thumb/v7-m/nofp/crtbegin.o

.rodata         0x0000000008008884       0xb0
                0x0000000008008884                . = ALIGN (0x4)
 *(.rodata)
 .rodata        0x0000000008008884       0x11 ./Core/Src/program.o
 *fill*         0x0000000008008895        0x3 
 .rodata        0x0000000008008898       0x10 ./Drivers/STM32F1xx_HAL_Driver/Src/stm32f1xx_hal_rcc.o
 .rodata        0x00000000080088a8       0x46 ./USB_DEVICE/App/usbd_desc.o
 *(.rodata*)
 *fill*         0x00000000080088ee        0x2 
 .rodata.AHBPrescTable
                0x00000000080088f0       0x10 ./Core/Src/system_stm32f1xx.o
                0x00000000080088f0                AHBPrescTable
 .rodata._svfprintf_r.str1.1
                0x0000000008008900       0x11 /opt/st/stm32cubeide_1.11.0/plugins/com.st.stm32cube.ide.mcu.externaltools.gnu-tools-for-stm32.10.3-2021.10.linux64_1.0.100.202210260954/tools/bin/../lib/gcc/arm-none-eabi/10.3.1/../../../../arm-none-eabi/lib/thumb/v7-m/nofp/libc_nano.a(lib_a-nano-svfprintf.o)
 .rodata._printf_i.str1.1
                0x0000000008008911       0x22 /opt/st/stm32cubeide_1.11.0/plugins/com.st.stm32cube.ide.mcu.externaltools.gnu-tools-for-stm32.10.3-2021.10.linux64_1.0.100.202210260954/tools/bin/../lib/gcc/arm-none-eabi/10.3.1/../../../../arm-none-eabi/lib/thumb/v7-m/nofp/libc_nano.a(lib_a-nano-vfprintf_i.o)
                0x0000000008008934                . = ALIGN (0x4)
 *fill*         0x0000000008008933        0x1 

.rel.dyn        0x0000000008008934        0x0
 .rel.iplt      0x0000000008008934        0x0 /opt/st/stm32cubeide_1.11.0/plugins/com.st.stm32cube.ide.mcu.externaltools.gnu-tools-for-stm32.10.3-2021.10.linux64_1.0.100.202210260954/tools/bin/../lib/gcc/arm-none-eabi/10.3.1/thumb/v7-m/nofp/crtbegin.o

.ARM.extab      0x0000000008008934        0x0
                0x0000000008008934                . = ALIGN (0x4)
 *(.ARM.extab* .gnu.linkonce.armextab.*)
                0x0000000008008934                . = ALIGN (0x4)

.ARM            0x0000000008008934        0x0
                0x0000000008008934                . = ALIGN (0x4)
                0x0000000008008934                __exidx_start = .
 *(.ARM.exidx*)
                0x0000000008008934                __exidx_end = .
                0x0000000008008934                . = ALIGN (0x4)

.preinit_array  0x0000000008008934        0x0
                0x0000000008008934                . = ALIGN (0x4)
                0x0000000008008934                PROVIDE (__preinit_array_start = .)
 *(.preinit_array*)
                0x0000000008008934                PROVIDE (__preinit_array_end = .)
                0x0000000008008934                . = ALIGN (0x4)

.init_array     0x0000000008008934        0x4
                0x0000000008008934                . = ALIGN (0x4)
                0x0000000008008934                PROVIDE (__init_array_start = .)
 *(SORT_BY_NAME(.init_array.*))
 *(.init_array*)
 .init_array    0x0000000008008934        0x4 /opt/st/stm32cubeide_1.11.0/plugins/com.st.stm32cube.ide.mcu.externaltools.gnu-tools-for-stm32.10.3-2021.10.linux64_1.0.100.202210260954/tools/bin/../lib/gcc/arm-none-eabi/10.3.1/thumb/v7-m/nofp/crtbegin.o
                0x0000000008008938                PROVIDE (__init_array_end = .)
                0x0000000008008938                . = ALIGN (0x4)

.fini_array     0x0000000008008938        0x4
                0x0000000008008938                . = ALIGN (0x4)
                [!provide]                        PROVIDE (__fini_array_start = .)
 *(SORT_BY_NAME(.fini_array.*))
 *(.fini_array*)
 .fini_array    0x0000000008008938        0x4 /opt/st/stm32cubeide_1.11.0/plugins/com.st.stm32cube.ide.mcu.externaltools.gnu-tools-for-stm32.10.3-2021.10.linux64_1.0.100.202210260954/tools/bin/../lib/gcc/arm-none-eabi/10.3.1/thumb/v7-m/nofp/crtbegin.o
                [!provide]                        PROVIDE (__fini_array_end = .)
                0x000000000800893c                . = ALIGN (0x4)
                0x000000000800893c                _sidata = LOADADDR (.data)

.data           0x0000000020000000      0x1e0 load address 0x000000000800893c
                0x0000000020000000                . = ALIGN (0x4)
                0x0000000020000000                _sdata = .
 *(.data)
 *(.data*)
 .data.SystemCoreClock
                0x0000000020000000        0x4 ./Core/Src/system_stm32f1xx.o
                0x0000000020000000                SystemCoreClock
 .data.uwTickPrio
                0x0000000020000004        0x4 ./Drivers/STM32F1xx_HAL_Driver/Src/stm32f1xx_hal.o
                0x0000000020000004                uwTickPrio
 .data.uwTickFreq
                0x0000000020000008        0x1 ./Drivers/STM32F1xx_HAL_Driver/Src/stm32f1xx_hal.o
                0x0000000020000008                uwTickFreq
 *fill*         0x0000000020000009        0x3 
 .data.USBD_CDC_DeviceQualifierDesc
                0x000000002000000c        0xa ./Middlewares/ST/STM32_USB_Device_Library/Class/CDC/Src/usbd_cdc.o
 *fill*         0x0000000020000016        0x2 
 .data.USBD_CDC
                0x0000000020000018       0x38 ./Middlewares/ST/STM32_USB_Device_Library/Class/CDC/Src/usbd_cdc.o
                0x0000000020000018                USBD_CDC
 .data.USBD_CDC_CfgHSDesc
                0x0000000020000050       0x43 ./Middlewares/ST/STM32_USB_Device_Library/Class/CDC/Src/usbd_cdc.o
                0x0000000020000050                USBD_CDC_CfgHSDesc
 *fill*         0x0000000020000093        0x1 
 .data.USBD_CDC_CfgFSDesc
                0x0000000020000094       0x43 ./Middlewares/ST/STM32_USB_Device_Library/Class/CDC/Src/usbd_cdc.o
                0x0000000020000094                USBD_CDC_CfgFSDesc
 *fill*         0x00000000200000d7        0x1 
 .data.USBD_CDC_OtherSpeedCfgDesc
                0x00000000200000d8       0x43 ./Middlewares/ST/STM32_USB_Device_Library/Class/CDC/Src/usbd_cdc.o
                0x00000000200000d8                USBD_CDC_OtherSpeedCfgDesc
 *fill*         0x000000002000011b        0x1 
 .data.USBD_Interface_fops_FS
                0x000000002000011c       0x10 ./USB_DEVICE/App/usbd_cdc_if.o
                0x000000002000011c                USBD_Interface_fops_FS
 .data.FS_Desc  0x000000002000012c       0x1c ./USB_DEVICE/App/usbd_desc.o
                0x000000002000012c                FS_Desc
 .data.USBD_FS_DeviceDesc
                0x0000000020000148       0x12 ./USB_DEVICE/App/usbd_desc.o
                0x0000000020000148                USBD_FS_DeviceDesc
 *fill*         0x000000002000015a        0x2 
 .data.USBD_LangIDDesc
                0x000000002000015c        0x4 ./USB_DEVICE/App/usbd_desc.o
                0x000000002000015c                USBD_LangIDDesc
 .data.USBD_StringSerial
                0x0000000020000160       0x1a ./USB_DEVICE/App/usbd_desc.o
                0x0000000020000160                USBD_StringSerial
 *fill*         0x000000002000017a        0x2 
 .data._impure_ptr
                0x000000002000017c        0x4 /opt/st/stm32cubeide_1.11.0/plugins/com.st.stm32cube.ide.mcu.externaltools.gnu-tools-for-stm32.10.3-2021.10.linux64_1.0.100.202210260954/tools/bin/../lib/gcc/arm-none-eabi/10.3.1/../../../../arm-none-eabi/lib/thumb/v7-m/nofp/libc_nano.a(lib_a-impure.o)
                0x000000002000017c                _impure_ptr
 .data.impure_data
                0x0000000020000180       0x60 /opt/st/stm32cubeide_1.11.0/plugins/com.st.stm32cube.ide.mcu.externaltools.gnu-tools-for-stm32.10.3-2021.10.linux64_1.0.100.202210260954/tools/bin/../lib/gcc/arm-none-eabi/10.3.1/../../../../arm-none-eabi/lib/thumb/v7-m/nofp/libc_nano.a(lib_a-impure.o)
 *(.RamFunc)
 *(.RamFunc*)
                0x00000000200001e0                . = ALIGN (0x4)
                0x00000000200001e0                _edata = .

.igot.plt       0x00000000200001e0        0x0 load address 0x0000000008008b1c
 .igot.plt      0x00000000200001e0        0x0 /opt/st/stm32cubeide_1.11.0/plugins/com.st.stm32cube.ide.mcu.externaltools.gnu-tools-for-stm32.10.3-2021.10.linux64_1.0.100.202210260954/tools/bin/../lib/gcc/arm-none-eabi/10.3.1/thumb/v7-m/nofp/crtbegin.o
                0x00000000200001e0                . = ALIGN (0x4)

.bss            0x00000000200001e0     0x1220 load address 0x0000000008008b1c
                0x00000000200001e0                _sbss = .
                0x00000000200001e0                __bss_start__ = _sbss
 *(.bss)
 .bss           0x00000000200001e0       0x1c /opt/st/stm32cubeide_1.11.0/plugins/com.st.stm32cube.ide.mcu.externaltools.gnu-tools-for-stm32.10.3-2021.10.linux64_1.0.100.202210260954/tools/bin/../lib/gcc/arm-none-eabi/10.3.1/thumb/v7-m/nofp/crtbegin.o
 *(.bss*)
 .bss.rcv       0x00000000200001fc        0x1 ./Core/Src/program.o
                0x00000000200001fc                rcv
 *fill*         0x00000000200001fd        0x3 
 .bss.cnt       0x0000000020000200        0x4 ./Core/Src/program.o
                0x0000000020000200                cnt
 .bss.usartRXFlag
                0x0000000020000204        0x1 ./Core/Src/program.o
                0x0000000020000204                usartRXFlag
 *fill*         0x0000000020000205        0x3 
 .bss.usartBuff
                0x0000000020000208        0x6 ./Core/Src/program.o
                0x0000000020000208                usartBuff
 *fill*         0x000000002000020e        0x2 
 .bss.tick      0x0000000020000210        0x4 ./Core/Src/shalf1SysTick.o
                0x0000000020000210                tick
 .bss.__sbrk_heap_end
                0x0000000020000214        0x4 ./Core/Src/sysmem.o
 .bss.uwTick    0x0000000020000218        0x4 ./Drivers/STM32F1xx_HAL_Driver/Src/stm32f1xx_hal.o
                0x0000000020000218                uwTick
 .bss.cfgidx.0  0x000000002000021c        0x1 ./Middlewares/ST/STM32_USB_Device_Library/Core/Src/usbd_ctlreq.o
 *fill*         0x000000002000021d        0x3 
 .bss.hUsbDeviceFS
                0x0000000020000220      0x2c4 ./USB_DEVICE/App/usb_device.o
                0x0000000020000220                hUsbDeviceFS
 .bss.UserRxBufferFS
                0x00000000200004e4      0x400 ./USB_DEVICE/App/usbd_cdc_if.o
                0x00000000200004e4                UserRxBufferFS
 .bss.UserTxBufferFS
                0x00000000200008e4      0x400 ./USB_DEVICE/App/usbd_cdc_if.o
                0x00000000200008e4                UserTxBufferFS
 .bss.USBD_StrDesc
                0x0000000020000ce4      0x200 ./USB_DEVICE/App/usbd_desc.o
                0x0000000020000ce4                USBD_StrDesc
 .bss.hpcd_USB_FS
                0x0000000020000ee4      0x2ec ./USB_DEVICE/Target/usbd_conf.o
                0x0000000020000ee4                hpcd_USB_FS
 .bss.mem.0     0x00000000200011d0      0x220 ./USB_DEVICE/Target/usbd_conf.o
 .bss.__malloc_free_list
                0x00000000200013f0        0x4 /opt/st/stm32cubeide_1.11.0/plugins/com.st.stm32cube.ide.mcu.externaltools.gnu-tools-for-stm32.10.3-2021.10.linux64_1.0.100.202210260954/tools/bin/../lib/gcc/arm-none-eabi/10.3.1/../../../../arm-none-eabi/lib/thumb/v7-m/nofp/libc_nano.a(lib_a-nano-mallocr.o)
                0x00000000200013f0                __malloc_free_list
 .bss.__malloc_sbrk_start
                0x00000000200013f4        0x4 /opt/st/stm32cubeide_1.11.0/plugins/com.st.stm32cube.ide.mcu.externaltools.gnu-tools-for-stm32.10.3-2021.10.linux64_1.0.100.202210260954/tools/bin/../lib/gcc/arm-none-eabi/10.3.1/../../../../arm-none-eabi/lib/thumb/v7-m/nofp/libc_nano.a(lib_a-nano-mallocr.o)
                0x00000000200013f4                __malloc_sbrk_start
 .bss.errno     0x00000000200013f8        0x4 /opt/st/stm32cubeide_1.11.0/plugins/com.st.stm32cube.ide.mcu.externaltools.gnu-tools-for-stm32.10.3-2021.10.linux64_1.0.100.202210260954/tools/bin/../lib/gcc/arm-none-eabi/10.3.1/../../../../arm-none-eabi/lib/thumb/v7-m/nofp/libc_nano.a(lib_a-reent.o)
                0x00000000200013f8                errno
 .bss.__lock___malloc_recursive_mutex
                0x00000000200013fc        0x1 /opt/st/stm32cubeide_1.11.0/plugins/com.st.stm32cube.ide.mcu.externaltools.gnu-tools-for-stm32.10.3-2021.10.linux64_1.0.100.202210260954/tools/bin/../lib/gcc/arm-none-eabi/10.3.1/../../../../arm-none-eabi/lib/thumb/v7-m/nofp/libc_nano.a(lib_a-lock.o)
                0x00000000200013fc                __lock___malloc_recursive_mutex
 *(COMMON)
                0x0000000020001400                . = ALIGN (0x4)
 *fill*         0x00000000200013fd        0x3 
                0x0000000020001400                _ebss = .
                0x0000000020001400                __bss_end__ = _ebss

._user_heap_stack
                0x0000000020001400      0x600 load address 0x0000000008008b1c
                0x0000000020001400                . = ALIGN (0x8)
                [!provide]                        PROVIDE (end = .)
                0x0000000020001400                PROVIDE (_end = .)
                0x0000000020001600                . = (. + _Min_Heap_Size)
 *fill*         0x0000000020001400      0x200 
                0x0000000020001a00                . = (. + _Min_Stack_Size)
 *fill*         0x0000000020001600      0x400 
                0x0000000020001a00                . = ALIGN (0x8)

/DISCARD/
 libc.a(*)
 libm.a(*)
 libgcc.a(*)

.ARM.attributes
                0x0000000000000000       0x29
 *(.ARM.attributes)
 .ARM.attributes
                0x0000000000000000       0x1d /opt/st/stm32cubeide_1.11.0/plugins/com.st.stm32cube.ide.mcu.externaltools.gnu-tools-for-stm32.10.3-2021.10.linux64_1.0.100.202210260954/tools/bin/../lib/gcc/arm-none-eabi/10.3.1/thumb/v7-m/nofp/crti.o
 .ARM.attributes
                0x000000000000001d       0x2d /opt/st/stm32cubeide_1.11.0/plugins/com.st.stm32cube.ide.mcu.externaltools.gnu-tools-for-stm32.10.3-2021.10.linux64_1.0.100.202210260954/tools/bin/../lib/gcc/arm-none-eabi/10.3.1/thumb/v7-m/nofp/crtbegin.o
 .ARM.attributes
                0x000000000000004a       0x2d ./Core/Src/gpio.o
 .ARM.attributes
                0x0000000000000077       0x2d ./Core/Src/main.o
 .ARM.attributes
                0x00000000000000a4       0x2d ./Core/Src/program.o
 .ARM.attributes
                0x00000000000000d1       0x2d ./Core/Src/rs485uart.o
 .ARM.attributes
                0x00000000000000fe       0x2d ./Core/Src/shalf1GPIO.o
 .ARM.attributes
                0x000000000000012b       0x2d ./Core/Src/shalf1SysTick.o
 .ARM.attributes
                0x0000000000000158       0x2d ./Core/Src/shalf1USART.o
 .ARM.attributes
                0x0000000000000185       0x2d ./Core/Src/stm32f1xx_hal_msp.o
 .ARM.attributes
                0x00000000000001b2       0x2d ./Core/Src/stm32f1xx_it.o
 .ARM.attributes
                0x00000000000001df       0x2d ./Core/Src/sysmem.o
 .ARM.attributes
                0x000000000000020c       0x2d ./Core/Src/system_stm32f1xx.o
 .ARM.attributes
                0x0000000000000239       0x21 ./Core/Startup/startup_stm32f103retx.o
 .ARM.attributes
                0x000000000000025a       0x2d ./Drivers/STM32F1xx_HAL_Driver/Src/stm32f1xx_hal.o
 .ARM.attributes
                0x0000000000000287       0x2d ./Drivers/STM32F1xx_HAL_Driver/Src/stm32f1xx_hal_cortex.o
 .ARM.attributes
                0x00000000000002b4       0x2d ./Drivers/STM32F1xx_HAL_Driver/Src/stm32f1xx_hal_pcd.o
 .ARM.attributes
                0x00000000000002e1       0x2d ./Drivers/STM32F1xx_HAL_Driver/Src/stm32f1xx_hal_pcd_ex.o
 .ARM.attributes
                0x000000000000030e       0x2d ./Drivers/STM32F1xx_HAL_Driver/Src/stm32f1xx_hal_rcc.o
 .ARM.attributes
                0x000000000000033b       0x2d ./Drivers/STM32F1xx_HAL_Driver/Src/stm32f1xx_hal_rcc_ex.o
 .ARM.attributes
                0x0000000000000368       0x2d ./Drivers/STM32F1xx_HAL_Driver/Src/stm32f1xx_ll_usb.o
 .ARM.attributes
                0x0000000000000395       0x2d ./Middlewares/ST/STM32_USB_Device_Library/Class/CDC/Src/usbd_cdc.o
 .ARM.attributes
                0x00000000000003c2       0x2d ./Middlewares/ST/STM32_USB_Device_Library/Core/Src/usbd_core.o
 .ARM.attributes
                0x00000000000003ef       0x2d ./Middlewares/ST/STM32_USB_Device_Library/Core/Src/usbd_ctlreq.o
 .ARM.attributes
                0x000000000000041c       0x2d ./Middlewares/ST/STM32_USB_Device_Library/Core/Src/usbd_ioreq.o
 .ARM.attributes
                0x0000000000000449       0x2d ./USB_DEVICE/App/usb_device.o
 .ARM.attributes
                0x0000000000000476       0x2d ./USB_DEVICE/App/usbd_cdc_if.o
 .ARM.attributes
                0x00000000000004a3       0x2d ./USB_DEVICE/App/usbd_desc.o
 .ARM.attributes
                0x00000000000004d0       0x2d ./USB_DEVICE/Target/usbd_conf.o
 .ARM.attributes
                0x00000000000004fd       0x2d /opt/st/stm32cubeide_1.11.0/plugins/com.st.stm32cube.ide.mcu.externaltools.gnu-tools-for-stm32.10.3-2021.10.linux64_1.0.100.202210260954/tools/bin/../lib/gcc/arm-none-eabi/10.3.1/../../../../arm-none-eabi/lib/thumb/v7-m/nofp/libc_nano.a(lib_a-errno.o)
 .ARM.attributes
                0x000000000000052a       0x2d /opt/st/stm32cubeide_1.11.0/plugins/com.st.stm32cube.ide.mcu.externaltools.gnu-tools-for-stm32.10.3-2021.10.linux64_1.0.100.202210260954/tools/bin/../lib/gcc/arm-none-eabi/10.3.1/../../../../arm-none-eabi/lib/thumb/v7-m/nofp/libc_nano.a(lib_a-impure.o)
 .ARM.attributes
                0x0000000000000557       0x2d /opt/st/stm32cubeide_1.11.0/plugins/com.st.stm32cube.ide.mcu.externaltools.gnu-tools-for-stm32.10.3-2021.10.linux64_1.0.100.202210260954/tools/bin/../lib/gcc/arm-none-eabi/10.3.1/../../../../arm-none-eabi/lib/thumb/v7-m/nofp/libc_nano.a(lib_a-init.o)
 .ARM.attributes
                0x0000000000000584       0x2d /opt/st/stm32cubeide_1.11.0/plugins/com.st.stm32cube.ide.mcu.externaltools.gnu-tools-for-stm32.10.3-2021.10.linux64_1.0.100.202210260954/tools/bin/../lib/gcc/arm-none-eabi/10.3.1/../../../../arm-none-eabi/lib/thumb/v7-m/nofp/libc_nano.a(lib_a-memset.o)
 .ARM.attributes
                0x00000000000005b1       0x2d /opt/st/stm32cubeide_1.11.0/plugins/com.st.stm32cube.ide.mcu.externaltools.gnu-tools-for-stm32.10.3-2021.10.linux64_1.0.100.202210260954/tools/bin/../lib/gcc/arm-none-eabi/10.3.1/../../../../arm-none-eabi/lib/thumb/v7-m/nofp/libc_nano.a(lib_a-sprintf.o)
 .ARM.attributes
                0x00000000000005de       0x2d /opt/st/stm32cubeide_1.11.0/plugins/com.st.stm32cube.ide.mcu.externaltools.gnu-tools-for-stm32.10.3-2021.10.linux64_1.0.100.202210260954/tools/bin/../lib/gcc/arm-none-eabi/10.3.1/../../../../arm-none-eabi/lib/thumb/v7-m/nofp/libc_nano.a(lib_a-nano-svfprintf.o)
 .ARM.attributes
                0x000000000000060b       0x2d /opt/st/stm32cubeide_1.11.0/plugins/com.st.stm32cube.ide.mcu.externaltools.gnu-tools-for-stm32.10.3-2021.10.linux64_1.0.100.202210260954/tools/bin/../lib/gcc/arm-none-eabi/10.3.1/../../../../arm-none-eabi/lib/thumb/v7-m/nofp/libc_nano.a(lib_a-nano-vfprintf_i.o)
 .ARM.attributes
                0x0000000000000638       0x2d /opt/st/stm32cubeide_1.11.0/plugins/com.st.stm32cube.ide.mcu.externaltools.gnu-tools-for-stm32.10.3-2021.10.linux64_1.0.100.202210260954/tools/bin/../lib/gcc/arm-none-eabi/10.3.1/../../../../arm-none-eabi/lib/thumb/v7-m/nofp/libc_nano.a(lib_a-memchr-stub.o)
 .ARM.attributes
                0x0000000000000665       0x2d /opt/st/stm32cubeide_1.11.0/plugins/com.st.stm32cube.ide.mcu.externaltools.gnu-tools-for-stm32.10.3-2021.10.linux64_1.0.100.202210260954/tools/bin/../lib/gcc/arm-none-eabi/10.3.1/../../../../arm-none-eabi/lib/thumb/v7-m/nofp/libc_nano.a(lib_a-memcpy-stub.o)
 .ARM.attributes
                0x0000000000000692       0x2d /opt/st/stm32cubeide_1.11.0/plugins/com.st.stm32cube.ide.mcu.externaltools.gnu-tools-for-stm32.10.3-2021.10.linux64_1.0.100.202210260954/tools/bin/../lib/gcc/arm-none-eabi/10.3.1/../../../../arm-none-eabi/lib/thumb/v7-m/nofp/libc_nano.a(lib_a-memmove.o)
 .ARM.attributes
                0x00000000000006bf       0x2d /opt/st/stm32cubeide_1.11.0/plugins/com.st.stm32cube.ide.mcu.externaltools.gnu-tools-for-stm32.10.3-2021.10.linux64_1.0.100.202210260954/tools/bin/../lib/gcc/arm-none-eabi/10.3.1/../../../../arm-none-eabi/lib/thumb/v7-m/nofp/libc_nano.a(lib_a-nano-freer.o)
 .ARM.attributes
                0x00000000000006ec       0x2d /opt/st/stm32cubeide_1.11.0/plugins/com.st.stm32cube.ide.mcu.externaltools.gnu-tools-for-stm32.10.3-2021.10.linux64_1.0.100.202210260954/tools/bin/../lib/gcc/arm-none-eabi/10.3.1/../../../../arm-none-eabi/lib/thumb/v7-m/nofp/libc_nano.a(lib_a-nano-mallocr.o)
 .ARM.attributes
                0x0000000000000719       0x2d /opt/st/stm32cubeide_1.11.0/plugins/com.st.stm32cube.ide.mcu.externaltools.gnu-tools-for-stm32.10.3-2021.10.linux64_1.0.100.202210260954/tools/bin/../lib/gcc/arm-none-eabi/10.3.1/../../../../arm-none-eabi/lib/thumb/v7-m/nofp/libc_nano.a(lib_a-nano-reallocr.o)
 .ARM.attributes
                0x0000000000000746       0x2d /opt/st/stm32cubeide_1.11.0/plugins/com.st.stm32cube.ide.mcu.externaltools.gnu-tools-for-stm32.10.3-2021.10.linux64_1.0.100.202210260954/tools/bin/../lib/gcc/arm-none-eabi/10.3.1/../../../../arm-none-eabi/lib/thumb/v7-m/nofp/libc_nano.a(lib_a-sbrkr.o)
 .ARM.attributes
                0x0000000000000773       0x2d /opt/st/stm32cubeide_1.11.0/plugins/com.st.stm32cube.ide.mcu.externaltools.gnu-tools-for-stm32.10.3-2021.10.linux64_1.0.100.202210260954/tools/bin/../lib/gcc/arm-none-eabi/10.3.1/../../../../arm-none-eabi/lib/thumb/v7-m/nofp/libc_nano.a(lib_a-mlock.o)
 .ARM.attributes
                0x00000000000007a0       0x2d /opt/st/stm32cubeide_1.11.0/plugins/com.st.stm32cube.ide.mcu.externaltools.gnu-tools-for-stm32.10.3-2021.10.linux64_1.0.100.202210260954/tools/bin/../lib/gcc/arm-none-eabi/10.3.1/../../../../arm-none-eabi/lib/thumb/v7-m/nofp/libc_nano.a(lib_a-nano-msizer.o)
 .ARM.attributes
                0x00000000000007cd       0x2d /opt/st/stm32cubeide_1.11.0/plugins/com.st.stm32cube.ide.mcu.externaltools.gnu-tools-for-stm32.10.3-2021.10.linux64_1.0.100.202210260954/tools/bin/../lib/gcc/arm-none-eabi/10.3.1/../../../../arm-none-eabi/lib/thumb/v7-m/nofp/libc_nano.a(lib_a-reent.o)
 .ARM.attributes
                0x00000000000007fa       0x2d /opt/st/stm32cubeide_1.11.0/plugins/com.st.stm32cube.ide.mcu.externaltools.gnu-tools-for-stm32.10.3-2021.10.linux64_1.0.100.202210260954/tools/bin/../lib/gcc/arm-none-eabi/10.3.1/../../../../arm-none-eabi/lib/thumb/v7-m/nofp/libc_nano.a(lib_a-lock.o)
 .ARM.attributes
                0x0000000000000827       0x1d /opt/st/stm32cubeide_1.11.0/plugins/com.st.stm32cube.ide.mcu.externaltools.gnu-tools-for-stm32.10.3-2021.10.linux64_1.0.100.202210260954/tools/bin/../lib/gcc/arm-none-eabi/10.3.1/thumb/v7-m/nofp/crtn.o
OUTPUT(ProSem3_Gaszaehler.elf elf32-littlearm)
LOAD linker stubs
LOAD /opt/st/stm32cubeide_1.11.0/plugins/com.st.stm32cube.ide.mcu.externaltools.gnu-tools-for-stm32.10.3-2021.10.linux64_1.0.100.202210260954/tools/bin/../lib/gcc/arm-none-eabi/10.3.1/../../../../arm-none-eabi/lib/thumb/v7-m/nofp/libc.a
LOAD /opt/st/stm32cubeide_1.11.0/plugins/com.st.stm32cube.ide.mcu.externaltools.gnu-tools-for-stm32.10.3-2021.10.linux64_1.0.100.202210260954/tools/bin/../lib/gcc/arm-none-eabi/10.3.1/../../../../arm-none-eabi/lib/thumb/v7-m/nofp/libm.a
LOAD /opt/st/stm32cubeide_1.11.0/plugins/com.st.stm32cube.ide.mcu.externaltools.gnu-tools-for-stm32.10.3-2021.10.linux64_1.0.100.202210260954/tools/bin/../lib/gcc/arm-none-eabi/10.3.1/thumb/v7-m/nofp/libgcc.a

.debug_info     0x0000000000000000     0xe3dd
 .debug_info    0x0000000000000000      0x434 ./Core/Src/gpio.o
 .debug_info    0x0000000000000434      0x443 ./Core/Src/main.o
 .debug_info    0x0000000000000877      0x403 ./Core/Src/program.o
 .debug_info    0x0000000000000c7a      0xa53 ./Core/Src/rs485uart.o
 .debug_info    0x00000000000016cd      0x52a ./Core/Src/shalf1GPIO.o
 .debug_info    0x0000000000001bf7      0x707 ./Core/Src/shalf1SysTick.o
 .debug_info    0x00000000000022fe      0x562 ./Core/Src/shalf1USART.o
 .debug_info    0x0000000000002860      0x180 ./Core/Src/stm32f1xx_hal_msp.o
 .debug_info    0x00000000000029e0      0x646 ./Core/Src/stm32f1xx_it.o
 .debug_info    0x0000000000003026      0x171 ./Core/Src/sysmem.o
 .debug_info    0x0000000000003197      0x23d ./Core/Src/system_stm32f1xx.o
 .debug_info    0x00000000000033d4       0x22 ./Core/Startup/startup_stm32f103retx.o
 .debug_info    0x00000000000033f6      0x79a ./Drivers/STM32F1xx_HAL_Driver/Src/stm32f1xx_hal.o
 .debug_info    0x0000000000003b90      0xb86 ./Drivers/STM32F1xx_HAL_Driver/Src/stm32f1xx_hal_cortex.o
 .debug_info    0x0000000000004716     0x16ab ./Drivers/STM32F1xx_HAL_Driver/Src/stm32f1xx_hal_pcd.o
 .debug_info    0x0000000000005dc1      0x728 ./Drivers/STM32F1xx_HAL_Driver/Src/stm32f1xx_hal_pcd_ex.o
 .debug_info    0x00000000000064e9      0x860 ./Drivers/STM32F1xx_HAL_Driver/Src/stm32f1xx_hal_rcc.o
 .debug_info    0x0000000000006d49      0x409 ./Drivers/STM32F1xx_HAL_Driver/Src/stm32f1xx_hal_rcc_ex.o
 .debug_info    0x0000000000007152     0x190d ./Drivers/STM32F1xx_HAL_Driver/Src/stm32f1xx_ll_usb.o
 .debug_info    0x0000000000008a5f     0x10f1 ./Middlewares/ST/STM32_USB_Device_Library/Class/CDC/Src/usbd_cdc.o
 .debug_info    0x0000000000009b50      0xb02 ./Middlewares/ST/STM32_USB_Device_Library/Core/Src/usbd_core.o
 .debug_info    0x000000000000a652      0x9b6 ./Middlewares/ST/STM32_USB_Device_Library/Core/Src/usbd_ctlreq.o
 .debug_info    0x000000000000b008      0x715 ./Middlewares/ST/STM32_USB_Device_Library/Core/Src/usbd_ioreq.o
 .debug_info    0x000000000000b71d      0x679 ./USB_DEVICE/App/usb_device.o
 .debug_info    0x000000000000bd96      0x828 ./USB_DEVICE/App/usbd_cdc_if.o
 .debug_info    0x000000000000c5be      0x484 ./USB_DEVICE/App/usbd_desc.o
 .debug_info    0x000000000000ca42     0x199b ./USB_DEVICE/Target/usbd_conf.o

.debug_abbrev   0x0000000000000000     0x303b
 .debug_abbrev  0x0000000000000000       0xfd ./Core/Src/gpio.o
 .debug_abbrev  0x00000000000000fd      0x1c3 ./Core/Src/main.o
 .debug_abbrev  0x00000000000002c0      0x1b7 ./Core/Src/program.o
 .debug_abbrev  0x0000000000000477      0x1d3 ./Core/Src/rs485uart.o
 .debug_abbrev  0x000000000000064a      0x152 ./Core/Src/shalf1GPIO.o
 .debug_abbrev  0x000000000000079c      0x209 ./Core/Src/shalf1SysTick.o
 .debug_abbrev  0x00000000000009a5      0x19c ./Core/Src/shalf1USART.o
 .debug_abbrev  0x0000000000000b41       0xc2 ./Core/Src/stm32f1xx_hal_msp.o
 .debug_abbrev  0x0000000000000c03      0x175 ./Core/Src/stm32f1xx_it.o
 .debug_abbrev  0x0000000000000d78       0xbb ./Core/Src/sysmem.o
 .debug_abbrev  0x0000000000000e33      0x13b ./Core/Src/system_stm32f1xx.o
 .debug_abbrev  0x0000000000000f6e       0x12 ./Core/Startup/startup_stm32f103retx.o
 .debug_abbrev  0x0000000000000f80      0x1fb ./Drivers/STM32F1xx_HAL_Driver/Src/stm32f1xx_hal.o
 .debug_abbrev  0x000000000000117b      0x2ed ./Drivers/STM32F1xx_HAL_Driver/Src/stm32f1xx_hal_cortex.o
 .debug_abbrev  0x0000000000001468      0x2b9 ./Drivers/STM32F1xx_HAL_Driver/Src/stm32f1xx_hal_pcd.o
 .debug_abbrev  0x0000000000001721      0x17f ./Drivers/STM32F1xx_HAL_Driver/Src/stm32f1xx_hal_pcd_ex.o
 .debug_abbrev  0x00000000000018a0      0x2a8 ./Drivers/STM32F1xx_HAL_Driver/Src/stm32f1xx_hal_rcc.o
 .debug_abbrev  0x0000000000001b48      0x182 ./Drivers/STM32F1xx_HAL_Driver/Src/stm32f1xx_hal_rcc_ex.o
 .debug_abbrev  0x0000000000001cca      0x1cd ./Drivers/STM32F1xx_HAL_Driver/Src/stm32f1xx_ll_usb.o
 .debug_abbrev  0x0000000000001e97      0x2c0 ./Middlewares/ST/STM32_USB_Device_Library/Class/CDC/Src/usbd_cdc.o
 .debug_abbrev  0x0000000000002157      0x236 ./Middlewares/ST/STM32_USB_Device_Library/Core/Src/usbd_core.o
 .debug_abbrev  0x000000000000238d      0x257 ./Middlewares/ST/STM32_USB_Device_Library/Core/Src/usbd_ctlreq.o
 .debug_abbrev  0x00000000000025e4      0x183 ./Middlewares/ST/STM32_USB_Device_Library/Core/Src/usbd_ioreq.o
 .debug_abbrev  0x0000000000002767      0x183 ./USB_DEVICE/App/usb_device.o
 .debug_abbrev  0x00000000000028ea      0x252 ./USB_DEVICE/App/usbd_cdc_if.o
 .debug_abbrev  0x0000000000002b3c      0x1fa ./USB_DEVICE/App/usbd_desc.o
 .debug_abbrev  0x0000000000002d36      0x305 ./USB_DEVICE/Target/usbd_conf.o

.debug_aranges  0x0000000000000000      0xbe8
 .debug_aranges
                0x0000000000000000       0x28 ./Core/Src/gpio.o
 .debug_aranges
                0x0000000000000028       0x38 ./Core/Src/main.o
 .debug_aranges
                0x0000000000000060       0x38 ./Core/Src/program.o
 .debug_aranges
                0x0000000000000098       0x30 ./Core/Src/rs485uart.o
 .debug_aranges
                0x00000000000000c8       0x70 ./Core/Src/shalf1GPIO.o
 .debug_aranges
                0x0000000000000138       0x50 ./Core/Src/shalf1SysTick.o
 .debug_aranges
                0x0000000000000188       0x78 ./Core/Src/shalf1USART.o
 .debug_aranges
                0x0000000000000200       0x20 ./Core/Src/stm32f1xx_hal_msp.o
 .debug_aranges
                0x0000000000000220       0x60 ./Core/Src/stm32f1xx_it.o
 .debug_aranges
                0x0000000000000280       0x20 ./Core/Src/sysmem.o
 .debug_aranges
                0x00000000000002a0       0x28 ./Core/Src/system_stm32f1xx.o
 .debug_aranges
                0x00000000000002c8       0x28 ./Core/Startup/startup_stm32f103retx.o
 .debug_aranges
                0x00000000000002f0       0xe0 ./Drivers/STM32F1xx_HAL_Driver/Src/stm32f1xx_hal.o
 .debug_aranges
                0x00000000000003d0      0x100 ./Drivers/STM32F1xx_HAL_Driver/Src/stm32f1xx_hal_cortex.o
 .debug_aranges
                0x00000000000004d0      0x138 ./Drivers/STM32F1xx_HAL_Driver/Src/stm32f1xx_hal_pcd.o
 .debug_aranges
                0x0000000000000608       0x38 ./Drivers/STM32F1xx_HAL_Driver/Src/stm32f1xx_hal_pcd_ex.o
 .debug_aranges
                0x0000000000000640       0x90 ./Drivers/STM32F1xx_HAL_Driver/Src/stm32f1xx_hal_rcc.o
 .debug_aranges
                0x00000000000006d0       0x30 ./Drivers/STM32F1xx_HAL_Driver/Src/stm32f1xx_hal_rcc_ex.o
 .debug_aranges
                0x0000000000000700       0xf0 ./Drivers/STM32F1xx_HAL_Driver/Src/stm32f1xx_ll_usb.o
 .debug_aranges
                0x00000000000007f0       0x90 ./Middlewares/ST/STM32_USB_Device_Library/Class/CDC/Src/usbd_cdc.o
 .debug_aranges
                0x0000000000000880       0xb8 ./Middlewares/ST/STM32_USB_Device_Library/Core/Src/usbd_core.o
 .debug_aranges
                0x0000000000000938       0x88 ./Middlewares/ST/STM32_USB_Device_Library/Core/Src/usbd_ctlreq.o
 .debug_aranges
                0x00000000000009c0       0x50 ./Middlewares/ST/STM32_USB_Device_Library/Core/Src/usbd_ioreq.o
 .debug_aranges
                0x0000000000000a10       0x20 ./USB_DEVICE/App/usb_device.o
 .debug_aranges
                0x0000000000000a30       0x40 ./USB_DEVICE/App/usbd_cdc_if.o
 .debug_aranges
                0x0000000000000a70       0x60 ./USB_DEVICE/App/usbd_desc.o
 .debug_aranges
                0x0000000000000ad0      0x118 ./USB_DEVICE/Target/usbd_conf.o

.debug_ranges   0x0000000000000000      0xa40
 .debug_ranges  0x0000000000000000       0x18 ./Core/Src/gpio.o
 .debug_ranges  0x0000000000000018       0x28 ./Core/Src/main.o
 .debug_ranges  0x0000000000000040       0x28 ./Core/Src/program.o
 .debug_ranges  0x0000000000000068       0x20 ./Core/Src/rs485uart.o
 .debug_ranges  0x0000000000000088       0x60 ./Core/Src/shalf1GPIO.o
 .debug_ranges  0x00000000000000e8       0x40 ./Core/Src/shalf1SysTick.o
 .debug_ranges  0x0000000000000128       0x68 ./Core/Src/shalf1USART.o
 .debug_ranges  0x0000000000000190       0x10 ./Core/Src/stm32f1xx_hal_msp.o
 .debug_ranges  0x00000000000001a0       0x50 ./Core/Src/stm32f1xx_it.o
 .debug_ranges  0x00000000000001f0       0x10 ./Core/Src/sysmem.o
 .debug_ranges  0x0000000000000200       0x18 ./Core/Src/system_stm32f1xx.o
 .debug_ranges  0x0000000000000218       0x20 ./Core/Startup/startup_stm32f103retx.o
 .debug_ranges  0x0000000000000238       0xd0 ./Drivers/STM32F1xx_HAL_Driver/Src/stm32f1xx_hal.o
 .debug_ranges  0x0000000000000308       0xf0 ./Drivers/STM32F1xx_HAL_Driver/Src/stm32f1xx_hal_cortex.o
 .debug_ranges  0x00000000000003f8      0x128 ./Drivers/STM32F1xx_HAL_Driver/Src/stm32f1xx_hal_pcd.o
 .debug_ranges  0x0000000000000520       0x28 ./Drivers/STM32F1xx_HAL_Driver/Src/stm32f1xx_hal_pcd_ex.o
 .debug_ranges  0x0000000000000548       0x80 ./Drivers/STM32F1xx_HAL_Driver/Src/stm32f1xx_hal_rcc.o
 .debug_ranges  0x00000000000005c8       0x20 ./Drivers/STM32F1xx_HAL_Driver/Src/stm32f1xx_hal_rcc_ex.o
 .debug_ranges  0x00000000000005e8       0xe0 ./Drivers/STM32F1xx_HAL_Driver/Src/stm32f1xx_ll_usb.o
 .debug_ranges  0x00000000000006c8       0x80 ./Middlewares/ST/STM32_USB_Device_Library/Class/CDC/Src/usbd_cdc.o
 .debug_ranges  0x0000000000000748       0xa8 ./Middlewares/ST/STM32_USB_Device_Library/Core/Src/usbd_core.o
 .debug_ranges  0x00000000000007f0       0x78 ./Middlewares/ST/STM32_USB_Device_Library/Core/Src/usbd_ctlreq.o
 .debug_ranges  0x0000000000000868       0x40 ./Middlewares/ST/STM32_USB_Device_Library/Core/Src/usbd_ioreq.o
 .debug_ranges  0x00000000000008a8       0x10 ./USB_DEVICE/App/usb_device.o
 .debug_ranges  0x00000000000008b8       0x30 ./USB_DEVICE/App/usbd_cdc_if.o
 .debug_ranges  0x00000000000008e8       0x50 ./USB_DEVICE/App/usbd_desc.o
 .debug_ranges  0x0000000000000938      0x108 ./USB_DEVICE/Target/usbd_conf.o

.debug_macro    0x0000000000000000    0x1c80b
 .debug_macro   0x0000000000000000      0x334 ./Core/Src/gpio.o
 .debug_macro   0x0000000000000334      0xa6c ./Core/Src/gpio.o
 .debug_macro   0x0000000000000da0       0x2e ./Core/Src/gpio.o
 .debug_macro   0x0000000000000dce       0x22 ./Core/Src/gpio.o
 .debug_macro   0x0000000000000df0       0x22 ./Core/Src/gpio.o
 .debug_macro   0x0000000000000e12       0x8e ./Core/Src/gpio.o
 .debug_macro   0x0000000000000ea0       0x51 ./Core/Src/gpio.o
 .debug_macro   0x0000000000000ef1      0x103 ./Core/Src/gpio.o
 .debug_macro   0x0000000000000ff4       0x6a ./Core/Src/gpio.o
 .debug_macro   0x000000000000105e      0x1df ./Core/Src/gpio.o
 .debug_macro   0x000000000000123d       0x1c ./Core/Src/gpio.o
 .debug_macro   0x0000000000001259       0x22 ./Core/Src/gpio.o
 .debug_macro   0x000000000000127b       0xbd ./Core/Src/gpio.o
 .debug_macro   0x0000000000001338      0xd23 ./Core/Src/gpio.o
 .debug_macro   0x000000000000205b     0xfd8c ./Core/Src/gpio.o
 .debug_macro   0x0000000000011de7       0x6d ./Core/Src/gpio.o
 .debug_macro   0x0000000000011e54      0x215 ./Core/Src/gpio.o
 .debug_macro   0x0000000000012069     0x3468 ./Core/Src/gpio.o
 .debug_macro   0x00000000000154d1      0x174 ./Core/Src/gpio.o
 .debug_macro   0x0000000000015645       0x5c ./Core/Src/gpio.o
 .debug_macro   0x00000000000156a1      0x5be ./Core/Src/gpio.o
 .debug_macro   0x0000000000015c5f      0x4d5 ./Core/Src/gpio.o
 .debug_macro   0x0000000000016134      0x1cb ./Core/Src/gpio.o
 .debug_macro   0x00000000000162ff      0x114 ./Core/Src/gpio.o
 .debug_macro   0x0000000000016413      0x1ea ./Core/Src/gpio.o
 .debug_macro   0x00000000000165fd       0x27 ./Core/Src/gpio.o
 .debug_macro   0x0000000000016624      0x144 ./Core/Src/gpio.o
 .debug_macro   0x0000000000016768      0x1bc ./Core/Src/gpio.o
 .debug_macro   0x0000000000016924       0x30 ./Core/Src/gpio.o
 .debug_macro   0x0000000000016954       0x3c ./Core/Src/gpio.o
 .debug_macro   0x0000000000016990       0x57 ./Core/Src/gpio.o
 .debug_macro   0x00000000000169e7       0x88 ./Core/Src/gpio.o
 .debug_macro   0x0000000000016a6f      0x24f ./Core/Src/gpio.o
 .debug_macro   0x0000000000016cbe      0x141 ./Core/Src/gpio.o
 .debug_macro   0x0000000000016dff       0x65 ./Core/Src/gpio.o
 .debug_macro   0x0000000000016e64      0x249 ./Core/Src/gpio.o
 .debug_macro   0x00000000000170ad       0xb5 ./Core/Src/gpio.o
 .debug_macro   0x0000000000017162       0x22 ./Core/Src/gpio.o
 .debug_macro   0x0000000000017184       0x16 ./Core/Src/gpio.o
 .debug_macro   0x000000000001719a       0x2e ./Core/Src/gpio.o
 .debug_macro   0x00000000000171c8       0x52 ./Core/Src/gpio.o
 .debug_macro   0x000000000001721a       0x18 ./Core/Src/gpio.o
 .debug_macro   0x0000000000017232       0x3c ./Core/Src/gpio.o
 .debug_macro   0x000000000001726e       0x34 ./Core/Src/gpio.o
 .debug_macro   0x00000000000172a2       0x16 ./Core/Src/gpio.o
 .debug_macro   0x00000000000172b8       0x43 ./Core/Src/gpio.o
 .debug_macro   0x00000000000172fb       0x34 ./Core/Src/gpio.o
 .debug_macro   0x000000000001732f       0x10 ./Core/Src/gpio.o
 .debug_macro   0x000000000001733f       0x58 ./Core/Src/gpio.o
 .debug_macro   0x0000000000017397       0x71 ./Core/Src/gpio.o
 .debug_macro   0x0000000000017408       0x1c ./Core/Src/gpio.o
 .debug_macro   0x0000000000017424      0x12a ./Core/Src/gpio.o
 .debug_macro   0x000000000001754e      0x341 ./Core/Src/gpio.o
 .debug_macro   0x000000000001788f       0x10 ./Core/Src/gpio.o
 .debug_macro   0x000000000001789f       0x35 ./Core/Src/gpio.o
 .debug_macro   0x00000000000178d4       0x20 ./Core/Src/gpio.o
 .debug_macro   0x00000000000178f4       0x16 ./Core/Src/gpio.o
 .debug_macro   0x000000000001790a       0x16 ./Core/Src/gpio.o
 .debug_macro   0x0000000000017920       0x29 ./Core/Src/gpio.o
 .debug_macro   0x0000000000017949       0x22 ./Core/Src/gpio.o
 .debug_macro   0x000000000001796b      0x420 ./Core/Src/main.o
 .debug_macro   0x0000000000017d8b       0x16 ./Core/Src/main.o
 .debug_macro   0x0000000000017da1       0x10 ./Core/Src/main.o
 .debug_macro   0x0000000000017db1       0x10 ./Core/Src/main.o
 .debug_macro   0x0000000000017dc1       0x1c ./Core/Src/main.o
 .debug_macro   0x0000000000017ddd       0x52 ./Core/Src/main.o
 .debug_macro   0x0000000000017e2f       0x22 ./Core/Src/main.o
 .debug_macro   0x0000000000017e51       0x10 ./Core/Src/main.o
 .debug_macro   0x0000000000017e61       0x52 ./Core/Src/main.o
 .debug_macro   0x0000000000017eb3       0xd5 ./Core/Src/main.o
 .debug_macro   0x0000000000017f88       0x1c ./Core/Src/main.o
 .debug_macro   0x0000000000017fa4       0x3d ./Core/Src/main.o
 .debug_macro   0x0000000000017fe1       0x16 ./Core/Src/main.o
 .debug_macro   0x0000000000017ff7      0x145 ./Core/Src/main.o
 .debug_macro   0x000000000001813c       0x16 ./Core/Src/main.o
 .debug_macro   0x0000000000018152       0x5f ./Core/Src/main.o
 .debug_macro   0x00000000000181b1      0x1c8 ./Core/Src/main.o
 .debug_macro   0x0000000000018379       0x10 ./Core/Src/main.o
 .debug_macro   0x0000000000018389      0x473 ./Core/Src/program.o
 .debug_macro   0x00000000000187fc       0x4c ./Core/Src/program.o
 .debug_macro   0x0000000000018848       0x94 ./Core/Src/program.o
 .debug_macro   0x00000000000188dc       0x57 ./Core/Src/program.o
 .debug_macro   0x0000000000018933       0x8f ./Core/Src/program.o
 .debug_macro   0x00000000000189c2       0x10 ./Core/Src/program.o
 .debug_macro   0x00000000000189d2       0x10 ./Core/Src/program.o
 .debug_macro   0x00000000000189e2      0x32a ./Core/Src/rs485uart.o
 .debug_macro   0x0000000000018d0c      0x1bb ./Core/Src/shalf1GPIO.o
 .debug_macro   0x0000000000018ec7      0x1ce ./Core/Src/shalf1SysTick.o
 .debug_macro   0x0000000000019095       0x28 ./Core/Src/shalf1SysTick.o
 .debug_macro   0x00000000000190bd      0x29e ./Core/Src/shalf1USART.o
 .debug_macro   0x000000000001935b      0x1b2 ./Core/Src/stm32f1xx_hal_msp.o
 .debug_macro   0x000000000001950d      0x1bc ./Core/Src/stm32f1xx_it.o
 .debug_macro   0x00000000000196c9       0xff ./Core/Src/sysmem.o
 .debug_macro   0x00000000000197c8      0x23b ./Core/Src/sysmem.o
 .debug_macro   0x0000000000019a03      0x1a8 ./Core/Src/system_stm32f1xx.o
 .debug_macro   0x0000000000019bab      0x1cc ./Drivers/STM32F1xx_HAL_Driver/Src/stm32f1xx_hal.o
 .debug_macro   0x0000000000019d77      0x1a8 ./Drivers/STM32F1xx_HAL_Driver/Src/stm32f1xx_hal_cortex.o
 .debug_macro   0x0000000000019f1f      0x1b4 ./Drivers/STM32F1xx_HAL_Driver/Src/stm32f1xx_hal_pcd.o
 .debug_macro   0x000000000001a0d3      0x1a8 ./Drivers/STM32F1xx_HAL_Driver/Src/stm32f1xx_hal_pcd_ex.o
 .debug_macro   0x000000000001a27b      0x1ba ./Drivers/STM32F1xx_HAL_Driver/Src/stm32f1xx_hal_rcc.o
 .debug_macro   0x000000000001a435      0x1a8 ./Drivers/STM32F1xx_HAL_Driver/Src/stm32f1xx_hal_rcc_ex.o
 .debug_macro   0x000000000001a5dd      0x1a8 ./Drivers/STM32F1xx_HAL_Driver/Src/stm32f1xx_ll_usb.o
 .debug_macro   0x000000000001a785      0x3c8 ./Middlewares/ST/STM32_USB_Device_Library/Class/CDC/Src/usbd_cdc.o
 .debug_macro   0x000000000001ab4d      0x3af ./Middlewares/ST/STM32_USB_Device_Library/Core/Src/usbd_core.o
 .debug_macro   0x000000000001aefc      0x1ce ./Middlewares/ST/STM32_USB_Device_Library/Core/Src/usbd_core.o
 .debug_macro   0x000000000001b0ca      0x3b9 ./Middlewares/ST/STM32_USB_Device_Library/Core/Src/usbd_ctlreq.o
 .debug_macro   0x000000000001b483      0x3b5 ./Middlewares/ST/STM32_USB_Device_Library/Core/Src/usbd_ioreq.o
 .debug_macro   0x000000000001b838      0x3ee ./USB_DEVICE/App/usb_device.o
 .debug_macro   0x000000000001bc26       0x22 ./USB_DEVICE/App/usb_device.o
 .debug_macro   0x000000000001bc48       0x16 ./USB_DEVICE/App/usb_device.o
 .debug_macro   0x000000000001bc5e      0x3d3 ./USB_DEVICE/App/usbd_cdc_if.o
 .debug_macro   0x000000000001c031      0x3ec ./USB_DEVICE/App/usbd_desc.o
 .debug_macro   0x000000000001c41d       0x1c ./USB_DEVICE/App/usbd_desc.o
 .debug_macro   0x000000000001c439      0x3d2 ./USB_DEVICE/Target/usbd_conf.o

.debug_line     0x0000000000000000    0x10caf
 .debug_line    0x0000000000000000      0x88e ./Core/Src/gpio.o
 .debug_line    0x000000000000088e      0xa59 ./Core/Src/main.o
 .debug_line    0x00000000000012e7      0xb2d ./Core/Src/program.o
 .debug_line    0x0000000000001e14      0x8d9 ./Core/Src/rs485uart.o
 .debug_line    0x00000000000026ed      0x84d ./Core/Src/shalf1GPIO.o
 .debug_line    0x0000000000002f3a      0x75d ./Core/Src/shalf1SysTick.o
 .debug_line    0x0000000000003697      0xa14 ./Core/Src/shalf1USART.o
 .debug_line    0x00000000000040ab      0x653 ./Core/Src/stm32f1xx_hal_msp.o
 .debug_line    0x00000000000046fe      0x716 ./Core/Src/stm32f1xx_it.o
 .debug_line    0x0000000000004e14      0x4c7 ./Core/Src/sysmem.o
 .debug_line    0x00000000000052db      0x6d2 ./Core/Src/system_stm32f1xx.o
 .debug_line    0x00000000000059ad       0x87 ./Core/Startup/startup_stm32f103retx.o
 .debug_line    0x0000000000005a34      0x8ff ./Drivers/STM32F1xx_HAL_Driver/Src/stm32f1xx_hal.o
 .debug_line    0x0000000000006333      0xae7 ./Drivers/STM32F1xx_HAL_Driver/Src/stm32f1xx_hal_cortex.o
 .debug_line    0x0000000000006e1a     0x12ed ./Drivers/STM32F1xx_HAL_Driver/Src/stm32f1xx_hal_pcd.o
 .debug_line    0x0000000000008107      0x6cd ./Drivers/STM32F1xx_HAL_Driver/Src/stm32f1xx_hal_pcd_ex.o
 .debug_line    0x00000000000087d4      0xd0d ./Drivers/STM32F1xx_HAL_Driver/Src/stm32f1xx_hal_rcc.o
 .debug_line    0x00000000000094e1      0x85e ./Drivers/STM32F1xx_HAL_Driver/Src/stm32f1xx_hal_rcc_ex.o
 .debug_line    0x0000000000009d3f     0x1032 ./Drivers/STM32F1xx_HAL_Driver/Src/stm32f1xx_ll_usb.o