Archive member included to satisfy reference by file (symbol)

/opt/st/stm32cubeide_1.11.0/plugins/com.st.stm32cube.ide.mcu.externaltools.gnu-tools-for-stm32.10.3-2021.10.linux64_1.0.100.202210260954/tools/bin/../lib/gcc/arm-none-eabi/10.3.1/../../../../arm-none-eabi/lib/thumb/v7-m/nofp/libc_nano.a(lib_a-errno.o)
                              ./Core/Src/syscalls.o (__errno)
/opt/st/stm32cubeide_1.11.0/plugins/com.st.stm32cube.ide.mcu.externaltools.gnu-tools-for-stm32.10.3-2021.10.linux64_1.0.100.202210260954/tools/bin/../lib/gcc/arm-none-eabi/10.3.1/../../../../arm-none-eabi/lib/thumb/v7-m/nofp/libc_nano.a(lib_a-exit.o)
                              /opt/st/stm32cubeide_1.11.0/plugins/com.st.stm32cube.ide.mcu.externaltools.gnu-tools-for-stm32.10.3-2021.10.linux64_1.0.100.202210260954/tools/bin/../lib/gcc/arm-none-eabi/10.3.1/../../../../arm-none-eabi/lib/thumb/v7-m/nofp/crt0.o (exit)
/opt/st/stm32cubeide_1.11.0/plugins/com.st.stm32cube.ide.mcu.externaltools.gnu-tools-for-stm32.10.3-2021.10.linux64_1.0.100.202210260954/tools/bin/../lib/gcc/arm-none-eabi/10.3.1/../../../../arm-none-eabi/lib/thumb/v7-m/nofp/libc_nano.a(lib_a-impure.o)
                              /opt/st/stm32cubeide_1.11.0/plugins/com.st.stm32cube.ide.mcu.externaltools.gnu-tools-for-stm32.10.3-2021.10.linux64_1.0.100.202210260954/tools/bin/../lib/gcc/arm-none-eabi/10.3.1/../../../../arm-none-eabi/lib/thumb/v7-m/nofp/libc_nano.a(lib_a-exit.o) (_global_impure_ptr)
/opt/st/stm32cubeide_1.11.0/plugins/com.st.stm32cube.ide.mcu.externaltools.gnu-tools-for-stm32.10.3-2021.10.linux64_1.0.100.202210260954/tools/bin/../lib/gcc/arm-none-eabi/10.3.1/../../../../arm-none-eabi/lib/thumb/v7-m/nofp/libc_nano.a(lib_a-init.o)
                              /opt/st/stm32cubeide_1.11.0/plugins/com.st.stm32cube.ide.mcu.externaltools.gnu-tools-for-stm32.10.3-2021.10.linux64_1.0.100.202210260954/tools/bin/../lib/gcc/arm-none-eabi/10.3.1/../../../../arm-none-eabi/lib/thumb/v7-m/nofp/crt0.o (__libc_init_array)
/opt/st/stm32cubeide_1.11.0/plugins/com.st.stm32cube.ide.mcu.externaltools.gnu-tools-for-stm32.10.3-2021.10.linux64_1.0.100.202210260954/tools/bin/../lib/gcc/arm-none-eabi/10.3.1/../../../../arm-none-eabi/lib/thumb/v7-m/nofp/libc_nano.a(lib_a-memset.o)
                              /opt/st/stm32cubeide_1.11.0/plugins/com.st.stm32cube.ide.mcu.externaltools.gnu-tools-for-stm32.10.3-2021.10.linux64_1.0.100.202210260954/tools/bin/../lib/gcc/arm-none-eabi/10.3.1/../../../../arm-none-eabi/lib/thumb/v7-m/nofp/crt0.o (memset)

Discarded input sections

 .text          0x0000000000000000        0x0 /opt/st/stm32cubeide_1.11.0/plugins/com.st.stm32cube.ide.mcu.externaltools.gnu-tools-for-stm32.10.3-2021.10.linux64_1.0.100.202210260954/tools/bin/../lib/gcc/arm-none-eabi/10.3.1/thumb/v7-m/nofp/crti.o
 .data          0x0000000000000000        0x0 /opt/st/stm32cubeide_1.11.0/plugins/com.st.stm32cube.ide.mcu.externaltools.gnu-tools-for-stm32.10.3-2021.10.linux64_1.0.100.202210260954/tools/bin/../lib/gcc/arm-none-eabi/10.3.1/thumb/v7-m/nofp/crti.o
 .bss           0x0000000000000000        0x0 /opt/st/stm32cubeide_1.11.0/plugins/com.st.stm32cube.ide.mcu.externaltools.gnu-tools-for-stm32.10.3-2021.10.linux64_1.0.100.202210260954/tools/bin/../lib/gcc/arm-none-eabi/10.3.1/thumb/v7-m/nofp/crti.o
 .data          0x0000000000000000        0x4 /opt/st/stm32cubeide_1.11.0/plugins/com.st.stm32cube.ide.mcu.externaltools.gnu-tools-for-stm32.10.3-2021.10.linux64_1.0.100.202210260954/tools/bin/../lib/gcc/arm-none-eabi/10.3.1/thumb/v7-m/nofp/crtbegin.o
 .rodata        0x0000000000000000       0x24 /opt/st/stm32cubeide_1.11.0/plugins/com.st.stm32cube.ide.mcu.externaltools.gnu-tools-for-stm32.10.3-2021.10.linux64_1.0.100.202210260954/tools/bin/../lib/gcc/arm-none-eabi/10.3.1/thumb/v7-m/nofp/crtbegin.o
 .text          0x0000000000000000       0x7c /opt/st/stm32cubeide_1.11.0/plugins/com.st.stm32cube.ide.mcu.externaltools.gnu-tools-for-stm32.10.3-2021.10.linux64_1.0.100.202210260954/tools/bin/../lib/gcc/arm-none-eabi/10.3.1/../../../../arm-none-eabi/lib/thumb/v7-m/nofp/crt0.o
 .data          0x0000000000000000        0x0 /opt/st/stm32cubeide_1.11.0/plugins/com.st.stm32cube.ide.mcu.externaltools.gnu-tools-for-stm32.10.3-2021.10.linux64_1.0.100.202210260954/tools/bin/../lib/gcc/arm-none-eabi/10.3.1/../../../../arm-none-eabi/lib/thumb/v7-m/nofp/crt0.o
 .bss           0x0000000000000000        0x0 /opt/st/stm32cubeide_1.11.0/plugins/com.st.stm32cube.ide.mcu.externaltools.gnu-tools-for-stm32.10.3-2021.10.linux64_1.0.100.202210260954/tools/bin/../lib/gcc/arm-none-eabi/10.3.1/../../../../arm-none-eabi/lib/thumb/v7-m/nofp/crt0.o
 .ARM.extab     0x0000000000000000        0x0 /opt/st/stm32cubeide_1.11.0/plugins/com.st.stm32cube.ide.mcu.externaltools.gnu-tools-for-stm32.10.3-2021.10.linux64_1.0.100.202210260954/tools/bin/../lib/gcc/arm-none-eabi/10.3.1/../../../../arm-none-eabi/lib/thumb/v7-m/nofp/crt0.o
[...]
Memory Configuration

Name             Origin             Length             Attributes
RAM              0x0000000020000000 0x0000000000010000 xrw
FLASH            0x0000000008000000 0x0000000000080000 xr
*default*        0x0000000000000000 0xffffffffffffffff

Linker script and memory map

LOAD /opt/st/stm32cubeide_1.11.0/plugins/com.st.stm32cube.ide.mcu.externaltools.gnu-tools-for-stm32.10.3-2021.10.linux64_1.0.100.202210260954/tools/bin/../lib/gcc/arm-none-eabi/10.3.1/thumb/v7-m/nofp/crti.o
LOAD /opt/st/stm32cubeide_1.11.0/plugins/com.st.stm32cube.ide.mcu.externaltools.gnu-tools-for-stm32.10.3-2021.10.linux64_1.0.100.202210260954/tools/bin/../lib/gcc/arm-none-eabi/10.3.1/thumb/v7-m/nofp/crtbegin.o
LOAD /opt/st/stm32cubeide_1.11.0/plugins/com.st.stm32cube.ide.mcu.externaltools.gnu-tools-for-stm32.10.3-2021.10.linux64_1.0.100.202210260954/tools/bin/../lib/gcc/arm-none-eabi/10.3.1/../../../../arm-none-eabi/lib/thumb/v7-m/nofp/crt0.o
LOAD ./Core/Src/backupData.o
LOAD ./Core/Src/delay.o
LOAD ./Core/Src/gpio.o
LOAD ./Core/Src/main.o
LOAD ./Core/Src/modbusRTU.o
LOAD ./Core/Src/program.o
LOAD ./Core/Src/rs485uart.o
LOAD ./Core/Src/shalf1.o
LOAD ./Core/Src/shalf1ADC.o
LOAD ./Core/Src/shalf1Backup.o
LOAD ./Core/Src/shalf1DMA.o
LOAD ./Core/Src/shalf1EXTI.o
LOAD ./Core/Src/shalf1GPIO.o
LOAD ./Core/Src/shalf1I2C.o
LOAD ./Core/Src/shalf1RCC.o
LOAD ./Core/Src/shalf1SPI.o
LOAD ./Core/Src/shalf1SysTick.o
LOAD ./Core/Src/shalf1Timer.o
LOAD ./Core/Src/shalf1USART.o
LOAD ./Core/Src/stm32f1xx_hal_msp.o
LOAD ./Core/Src/stm32f1xx_it.o
LOAD ./Core/Src/syscalls.o
LOAD ./Core/Src/sysmem.o
LOAD ./Core/Src/system_stm32f1xx.o
LOAD ./Core/Startup/startup_stm32f103retx.o
LOAD ./Drivers/STM32F1xx_HAL_Driver/Src/stm32f1xx_hal.o
LOAD ./Drivers/STM32F1xx_HAL_Driver/Src/stm32f1xx_hal_cortex.o
LOAD ./Drivers/STM32F1xx_HAL_Driver/Src/stm32f1xx_hal_dma.o
LOAD ./Drivers/STM32F1xx_HAL_Driver/Src/stm32f1xx_hal_exti.o
LOAD ./Drivers/STM32F1xx_HAL_Driver/Src/stm32f1xx_hal_flash.o
LOAD ./Drivers/STM32F1xx_HAL_Driver/Src/stm32f1xx_hal_flash_ex.o
LOAD ./Drivers/STM32F1xx_HAL_Driver/Src/stm32f1xx_hal_gpio.o
LOAD ./Drivers/STM32F1xx_HAL_Driver/Src/stm32f1xx_hal_gpio_ex.o
LOAD ./Drivers/STM32F1xx_HAL_Driver/Src/stm32f1xx_hal_pcd.o
LOAD ./Drivers/STM32F1xx_HAL_Driver/Src/stm32f1xx_hal_pcd_ex.o
LOAD ./Drivers/STM32F1xx_HAL_Driver/Src/stm32f1xx_hal_pwr.o
LOAD ./Drivers/STM32F1xx_HAL_Driver/Src/stm32f1xx_hal_rcc.o
LOAD ./Drivers/STM32F1xx_HAL_Driver/Src/stm32f1xx_hal_rcc_ex.o
LOAD ./Drivers/STM32F1xx_HAL_Driver/Src/stm32f1xx_ll_usb.o
LOAD ./Middlewares/ST/STM32_USB_Device_Library/Class/CDC/Src/usbd_cdc.o
LOAD ./Middlewares/ST/STM32_USB_Device_Library/Core/Src/usbd_core.o
LOAD ./Middlewares/ST/STM32_USB_Device_Library/Core/Src/usbd_ctlreq.o
LOAD ./Middlewares/ST/STM32_USB_Device_Library/Core/Src/usbd_ioreq.o
LOAD ./USB_DEVICE/App/usb_device.o
LOAD ./USB_DEVICE/App/usbd_cdc_if.o
LOAD ./USB_DEVICE/App/usbd_desc.o
LOAD ./USB_DEVICE/Target/usbd_conf.o
START GROUP
LOAD /opt/st/stm32cubeide_1.11.0/plugins/com.st.stm32cube.ide.mcu.externaltools.gnu-tools-for-stm32.10.3-2021.10.linux64_1.0.100.202210260954/tools/bin/../lib/gcc/arm-none-eabi/10.3.1/../../../../arm-none-eabi/lib/thumb/v7-m/nofp/libc_nano.a
LOAD /opt/st/stm32cubeide_1.11.0/plugins/com.st.stm32cube.ide.mcu.externaltools.gnu-tools-for-stm32.10.3-2021.10.linux64_1.0.100.202210260954/tools/bin/../lib/gcc/arm-none-eabi/10.3.1/../../../../arm-none-eabi/lib/thumb/v7-m/nofp/libm.a
END GROUP
START GROUP
LOAD /opt/st/stm32cubeide_1.11.0/plugins/com.st.stm32cube.ide.mcu.externaltools.gnu-tools-for-stm32.10.3-2021.10.linux64_1.0.100.202210260954/tools/bin/../lib/gcc/arm-none-eabi/10.3.1/thumb/v7-m/nofp/libgcc.a
LOAD /opt/st/stm32cubeide_1.11.0/plugins/com.st.stm32cube.ide.mcu.externaltools.gnu-tools-for-stm32.10.3-2021.10.linux64_1.0.100.202210260954/tools/bin/../lib/gcc/arm-none-eabi/10.3.1/../../../../arm-none-eabi/lib/thumb/v7-m/nofp/libc_nano.a
END GROUP
START GROUP
LOAD /opt/st/stm32cubeide_1.11.0/plugins/com.st.stm32cube.ide.mcu.externaltools.gnu-tools-for-stm32.10.3-2021.10.linux64_1.0.100.202210260954/tools/bin/../lib/gcc/arm-none-eabi/10.3.1/thumb/v7-m/nofp/libgcc.a
LOAD /opt/st/stm32cubeide_1.11.0/plugins/com.st.stm32cube.ide.mcu.externaltools.gnu-tools-for-stm32.10.3-2021.10.linux64_1.0.100.202210260954/tools/bin/../lib/gcc/arm-none-eabi/10.3.1/../../../../arm-none-eabi/lib/thumb/v7-m/nofp/libc_nano.a
LOAD /opt/st/stm32cubeide_1.11.0/plugins/com.st.stm32cube.ide.mcu.externaltools.gnu-tools-for-stm32.10.3-2021.10.linux64_1.0.100.202210260954/tools/bin/../lib/gcc/arm-none-eabi/10.3.1/../../../../arm-none-eabi/lib/thumb/v7-m/nofp/libnosys.a
END GROUP
START GROUP
LOAD /opt/st/stm32cubeide_1.11.0/plugins/com.st.stm32cube.ide.mcu.externaltools.gnu-tools-for-stm32.10.3-2021.10.linux64_1.0.100.202210260954/tools/bin/../lib/gcc/arm-none-eabi/10.3.1/thumb/v7-m/nofp/libgcc.a
LOAD /opt/st/stm32cubeide_1.11.0/plugins/com.st.stm32cube.ide.mcu.externaltools.gnu-tools-for-stm32.10.3-2021.10.linux64_1.0.100.202210260954/tools/bin/../lib/gcc/arm-none-eabi/10.3.1/../../../../arm-none-eabi/lib/thumb/v7-m/nofp/libc_nano.a
LOAD /opt/st/stm32cubeide_1.11.0/plugins/com.st.stm32cube.ide.mcu.externaltools.gnu-tools-for-stm32.10.3-2021.10.linux64_1.0.100.202210260954/tools/bin/../lib/gcc/arm-none-eabi/10.3.1/../../../../arm-none-eabi/lib/thumb/v7-m/nofp/libnosys.a
END GROUP
LOAD /opt/st/stm32cubeide_1.11.0/plugins/com.st.stm32cube.ide.mcu.externaltools.gnu-tools-for-stm32.10.3-2021.10.linux64_1.0.100.202210260954/tools/bin/../lib/gcc/arm-none-eabi/10.3.1/thumb/v7-m/nofp/crtend.o
LOAD /opt/st/stm32cubeide_1.11.0/plugins/com.st.stm32cube.ide.mcu.externaltools.gnu-tools-for-stm32.10.3-2021.10.linux64_1.0.100.202210260954/tools/bin/../lib/gcc/arm-none-eabi/10.3.1/thumb/v7-m/nofp/crtn.o
                0x0000000020010000                _estack = (ORIGIN (RAM) + LENGTH (RAM))
                0x0000000000000200                _Min_Heap_Size = 0x200
                0x0000000000000400                _Min_Stack_Size = 0x400

.isr_vector     0x0000000008000000      0x1e4
                0x0000000008000000                . = ALIGN (0x4)
 *(.isr_vector)
 .isr_vector    0x0000000008000000      0x1e4 ./Core/Startup/startup_stm32f103retx.o
                0x0000000008000000                g_pfnVectors
                0x00000000080001e4                . = ALIGN (0x4)

.text           0x00000000080001e4     0x86c4
                0x00000000080001e4                . = ALIGN (0x4)
 *(.text)
 .text          0x00000000080001e4       0x40 /opt/st/stm32cubeide_1.11.0/plugins/com.st.stm32cube.ide.mcu.externaltools.gnu-tools-for-stm32.10.3-2021.10.linux64_1.0.100.202210260954/tools/bin/../lib/gcc/arm-none-eabi/10.3.1/thumb/v7-m/nofp/crtbegin.o
 *(.text*)
 .text.writeTicks
                0x0000000008000224       0x4c ./Core/Src/backupData.o
                0x0000000008000224                writeTicks
 .text.getTicks
                0x0000000008000270       0x24 ./Core/Src/backupData.o
                0x0000000008000270                getTicks
 .text.getNumOfTicks
                0x0000000008000294       0x3e ./Core/Src/backupData.o
                0x0000000008000294                getNumOfTicks
 *fill*         0x00000000080002d2        0x2 
 .text.__NVIC_EnableIRQ
                0x00000000080002d4       0x38 ./Core/Src/delay.o
 .text.initTimer
                0x000000000800030c       0x3c ./Core/Src/delay.o
                0x000000000800030c                initTimer
 .text.delay_ms
                0x0000000008000348       0x40 ./Core/Src/delay.o
                0x0000000008000348                delay_ms
 .text.TIM2_IRQHandler
                0x0000000008000388       0x20 ./Core/Src/delay.o
                0x0000000008000388                TIM2_IRQHandler
 .text.__NVIC_EnableIRQ
                0x00000000080003a8       0x38 ./Core/Src/gpio.o
 .text.initPins
                0x00000000080003e0       0x88 ./Core/Src/gpio.o
                0x00000000080003e0                initPins
 .text.main     0x0000000008000468       0x1a ./Core/Src/main.o
                0x0000000008000468                main
 .text.SystemClock_Config
                0x0000000008000482       0xba ./Core/Src/main.o
                0x0000000008000482                SystemClock_Config
 .text.MX_GPIO_Init
                0x000000000800053c       0x44 ./Core/Src/main.o
 .text.Error_Handler
                0x0000000008000580        0xa ./Core/Src/main.o
                0x0000000008000580                Error_Handler
 *fill*         0x000000000800058a        0x2 
 .text.registerRead
                0x000000000800058c       0x2c ./Core/Src/modbusRTU.o
                0x000000000800058c                registerRead
 .text.registerWrite
                0x00000000080005b8       0x38 ./Core/Src/modbusRTU.o
                0x00000000080005b8                registerWrite
 .text.modbusCRC
                0x00000000080005f0       0x78 ./Core/Src/modbusRTU.o
                0x00000000080005f0                modbusCRC
 .text.modbusResponse
                0x0000000008000668      0x360 ./Core/Src/modbusRTU.o
                0x0000000008000668                modbusResponse
 .text.start    0x00000000080009c8       0x9c ./Core/Src/program.o
                0x00000000080009c8                start
 .text.USART1_IRQHandler
                0x0000000008000a64       0x90 ./Core/Src/program.o
                0x0000000008000a64                USART1_IRQHandler
 .text.EXTI9_5_IRQHandler
                0x0000000008000af4       0x40 ./Core/Src/program.o
                0x0000000008000af4                EXTI9_5_IRQHandler
 .text.__NVIC_EnableIRQ
                0x0000000008000b34       0x38 ./Core/Src/rs485uart.o
 .text.initRS485UART
                0x0000000008000b6c       0x7c ./Core/Src/rs485uart.o
                0x0000000008000b6c                initRS485UART
 .text.USARTSendStringMB
                0x0000000008000be8       0x50 ./Core/Src/rs485uart.o
                0x0000000008000be8                USARTSendStringMB
 .text.backupWriteArray
                0x0000000008000c38       0xd4 ./Core/Src/shalf1Backup.o
                0x0000000008000c38                backupWriteArray
 .text.backupReadArray
                0x0000000008000d0c       0xd4 ./Core/Src/shalf1Backup.o
                0x0000000008000d0c                backupReadArray
 .text.getIDX   0x0000000008000de0       0x38 ./Core/Src/shalf1Backup.o
 .text.extiConfigureEXTI
                0x0000000008000e18       0xec ./Core/Src/shalf1EXTI.o
                0x0000000008000e18                extiConfigureEXTI
 .text.extiEnableIrq
                0x0000000008000f04       0x2c ./Core/Src/shalf1EXTI.o
                0x0000000008000f04                extiEnableIrq
 .text.extiSetTriggerEdge
                0x0000000008000f30       0x50 ./Core/Src/shalf1EXTI.o
                0x0000000008000f30                extiSetTriggerEdge
 .text.gpioInitPort
                0x0000000008000f80       0x98 ./Core/Src/shalf1GPIO.o
                0x0000000008000f80                gpioInitPort
 .text.gpioSetupPin
                0x0000000008001018       0x7a ./Core/Src/shalf1GPIO.o
                0x0000000008001018                gpioSetupPin
 .text.gpioSetupInput
                0x0000000008001092       0x50 ./Core/Src/shalf1GPIO.o
                0x0000000008001092                gpioSetupInput
 .text.gpioSetupMode
                0x00000000080010e2       0x50 ./Core/Src/shalf1GPIO.o
                0x00000000080010e2                gpioSetupMode
 .text.gpioSetPin
                0x0000000008001132       0x28 ./Core/Src/shalf1GPIO.o
                0x0000000008001132                gpioSetPin
 .text.gpioResetPin
                0x000000000800115a       0x2a ./Core/Src/shalf1GPIO.o
                0x000000000800115a                gpioResetPin
 .text.gpioSetPullupPulldown
                0x0000000008001184       0x48 ./Core/Src/shalf1GPIO.o
                0x0000000008001184                gpioSetPullupPulldown
 .text.gpioGetPinVal
                0x00000000080011cc       0x2e ./Core/Src/shalf1GPIO.o
                0x00000000080011cc                gpioGetPinVal
 .text.gpioTogglePin
                0x00000000080011fa       0x3a ./Core/Src/shalf1GPIO.o
                0x00000000080011fa                gpioTogglePin
 .text.afioInit
                0x0000000008001234       0x1c ./Core/Src/shalf1GPIO.o
                0x0000000008001234                afioInit
 .text.SysTick_Handler
                0x0000000008001250       0x1c ./Core/Src/shalf1SysTick.o
                0x0000000008001250                SysTick_Handler
 .text.timerBusClkOn
                0x000000000800126c       0x84 ./Core/Src/shalf1Timer.o
                0x000000000800126c                timerBusClkOn
 .text.timerSetPrescaler
                0x00000000080012f0       0x1c ./Core/Src/shalf1Timer.o
                0x00000000080012f0                timerSetPrescaler
 .text.timerSetAutoReloadValue
                0x000000000800130c       0x1c ./Core/Src/shalf1Timer.o
                0x000000000800130c                timerSetAutoReloadValue
 .text.timerEnableInterrupt
                0x0000000008001328       0x1e ./Core/Src/shalf1Timer.o
                0x0000000008001328                timerEnableInterrupt
 .text.timerSetOnePulseMode
                0x0000000008001346       0x36 ./Core/Src/shalf1Timer.o
                0x0000000008001346                timerSetOnePulseMode
 .text.timerStart
                0x000000000800137c       0x1e ./Core/Src/shalf1Timer.o
                0x000000000800137c                timerStart
 *fill*         0x000000000800139a        0x2 
 .text.USARTEnable
                0x000000000800139c       0x88 ./Core/Src/shalf1USART.o
                0x000000000800139c                USARTEnable
 .text.USARTSetBaudrate
                0x0000000008001424       0x44 ./Core/Src/shalf1USART.o
                0x0000000008001424                USARTSetBaudrate
 .text.USARTRXOn
                0x0000000008001468       0x36 ./Core/Src/shalf1USART.o
                0x0000000008001468                USARTRXOn
 .text.USARTTXOn
                0x000000000800149e       0x36 ./Core/Src/shalf1USART.o
                0x000000000800149e                USARTTXOn
 .text.USARTIRQ
                0x00000000080014d4      0x138 ./Core/Src/shalf1USART.o
                0x00000000080014d4                USARTIRQ
 .text.HAL_MspInit
                0x000000000800160c       0x44 ./Core/Src/stm32f1xx_hal_msp.o
                0x000000000800160c                HAL_MspInit
 .text.NMI_Handler
                0x0000000008001650        0x6 ./Core/Src/stm32f1xx_it.o
                0x0000000008001650                NMI_Handler
 .text.HardFault_Handler
                0x0000000008001656        0x6 ./Core/Src/stm32f1xx_it.o
                0x0000000008001656                HardFault_Handler
 .text.MemManage_Handler
                0x000000000800165c        0x6 ./Core/Src/stm32f1xx_it.o
                0x000000000800165c                MemManage_Handler
 .text.BusFault_Handler
                0x0000000008001662        0x6 ./Core/Src/stm32f1xx_it.o
                0x0000000008001662                BusFault_Handler
 .text.UsageFault_Handler
                0x0000000008001668        0x6 ./Core/Src/stm32f1xx_it.o
                0x0000000008001668                UsageFault_Handler
 .text.SVC_Handler
                0x000000000800166e        0xc ./Core/Src/stm32f1xx_it.o
                0x000000000800166e                SVC_Handler
 .text.DebugMon_Handler
                0x000000000800167a        0xc ./Core/Src/stm32f1xx_it.o
                0x000000000800167a                DebugMon_Handler
 .text.PendSV_Handler
                0x0000000008001686        0xc ./Core/Src/stm32f1xx_it.o
                0x0000000008001686                PendSV_Handler
 *fill*         0x0000000008001692        0x2 
 .text.USB_LP_CAN1_RX0_IRQHandler
                0x0000000008001694       0x14 ./Core/Src/stm32f1xx_it.o
                0x0000000008001694                USB_LP_CAN1_RX0_IRQHandler
 .text.SystemInit
                0x00000000080016a8        0xc ./Core/Src/system_stm32f1xx.o
                0x00000000080016a8                SystemInit
 .text.Reset_Handler
                0x00000000080016b4       0x48 ./Core/Startup/startup_stm32f103retx.o
                0x00000000080016b4                Reset_Handler
 .text.Default_Handler
                0x00000000080016fc        0x2 ./Core/Startup/startup_stm32f103retx.o
                0x00000000080016fc                RTC_Alarm_IRQHandler
                0x00000000080016fc                EXTI2_IRQHandler
                0x00000000080016fc                TIM8_TRG_COM_IRQHandler
                0x00000000080016fc                TIM8_CC_IRQHandler
                0x00000000080016fc                TIM1_CC_IRQHandler
                0x00000000080016fc                TIM6_IRQHandler
                0x00000000080016fc                PVD_IRQHandler
                0x00000000080016fc                SDIO_IRQHandler
                0x00000000080016fc                EXTI3_IRQHandler
                0x00000000080016fc                EXTI0_IRQHandler
                0x00000000080016fc                I2C2_EV_IRQHandler
                0x00000000080016fc                ADC1_2_IRQHandler
                0x00000000080016fc                SPI1_IRQHandler
                0x00000000080016fc                TAMPER_IRQHandler
                0x00000000080016fc                TIM8_UP_IRQHandler
                0x00000000080016fc                DMA2_Channel2_IRQHandler
                0x00000000080016fc                DMA1_Channel4_IRQHandler
                0x00000000080016fc                USART3_IRQHandler
                0x00000000080016fc                RTC_IRQHandler
                0x00000000080016fc                DMA1_Channel7_IRQHandler
                0x00000000080016fc                CAN1_RX1_IRQHandler
                0x00000000080016fc                UART5_IRQHandler
                0x00000000080016fc                ADC3_IRQHandler
                0x00000000080016fc                TIM4_IRQHandler
                0x00000000080016fc                DMA2_Channel1_IRQHandler
                0x00000000080016fc                I2C1_EV_IRQHandler
                0x00000000080016fc                DMA1_Channel6_IRQHandler
                0x00000000080016fc                UART4_IRQHandler
                0x00000000080016fc                TIM3_IRQHandler
                0x00000000080016fc                RCC_IRQHandler
                0x00000000080016fc                TIM1_TRG_COM_IRQHandler
                0x00000000080016fc                DMA1_Channel1_IRQHandler
                0x00000000080016fc                Default_Handler
                0x00000000080016fc                EXTI15_10_IRQHandler
                0x00000000080016fc                TIM7_IRQHandler
                0x00000000080016fc                TIM5_IRQHandler
                0x00000000080016fc                SPI2_IRQHandler
                0x00000000080016fc                DMA1_Channel5_IRQHandler
                0x00000000080016fc                EXTI4_IRQHandler
                0x00000000080016fc                USB_HP_CAN1_TX_IRQHandler
                0x00000000080016fc                DMA1_Channel3_IRQHandler
                0x00000000080016fc                FSMC_IRQHandler
                0x00000000080016fc                TIM1_UP_IRQHandler
                0x00000000080016fc                WWDG_IRQHandler
                0x00000000080016fc                TIM1_BRK_IRQHandler
                0x00000000080016fc                EXTI1_IRQHandler
                0x00000000080016fc                DMA2_Channel4_5_IRQHandler
                0x00000000080016fc                USART2_IRQHandler
                0x00000000080016fc                I2C2_ER_IRQHandler
                0x00000000080016fc                DMA1_Channel2_IRQHandler
                0x00000000080016fc                TIM8_BRK_IRQHandler
                0x00000000080016fc                CAN1_SCE_IRQHandler
                0x00000000080016fc                FLASH_IRQHandler
                0x00000000080016fc                SPI3_IRQHandler
                0x00000000080016fc                I2C1_ER_IRQHandler
                0x00000000080016fc                USBWakeUp_IRQHandler
                0x00000000080016fc                DMA2_Channel3_IRQHandler
 *fill*         0x00000000080016fe        0x2 
 .text.HAL_Init
                0x0000000008001700       0x2c ./Drivers/STM32F1xx_HAL_Driver/Src/stm32f1xx_hal.o
                0x0000000008001700                HAL_Init
 .text.HAL_InitTick
                0x000000000800172c       0x60 ./Drivers/STM32F1xx_HAL_Driver/Src/stm32f1xx_hal.o
                0x000000000800172c                HAL_InitTick
 .text.HAL_GetTick
                0x000000000800178c       0x14 ./Drivers/STM32F1xx_HAL_Driver/Src/stm32f1xx_hal.o
                0x000000000800178c                HAL_GetTick
 .text.__NVIC_SetPriorityGrouping
                0x00000000080017a0       0x48 ./Drivers/STM32F1xx_HAL_Driver/Src/stm32f1xx_hal_cortex.o
 .text.__NVIC_GetPriorityGrouping
                0x00000000080017e8       0x1c ./Drivers/STM32F1xx_HAL_Driver/Src/stm32f1xx_hal_cortex.o
 .text.__NVIC_EnableIRQ
                0x0000000008001804       0x38 ./Drivers/STM32F1xx_HAL_Driver/Src/stm32f1xx_hal_cortex.o
 .text.__NVIC_SetPriority
                0x000000000800183c       0x54 ./Drivers/STM32F1xx_HAL_Driver/Src/stm32f1xx_hal_cortex.o
 .text.NVIC_EncodePriority
                0x0000000008001890       0x64 ./Drivers/STM32F1xx_HAL_Driver/Src/stm32f1xx_hal_cortex.o
 .text.SysTick_Config
                0x00000000080018f4       0x44 ./Drivers/STM32F1xx_HAL_Driver/Src/stm32f1xx_hal_cortex.o
 .text.HAL_NVIC_SetPriorityGrouping
                0x0000000008001938       0x16 ./Drivers/STM32F1xx_HAL_Driver/Src/stm32f1xx_hal_cortex.o
                0x0000000008001938                HAL_NVIC_SetPriorityGrouping
 .text.HAL_NVIC_SetPriority
                0x000000000800194e       0x38 ./Drivers/STM32F1xx_HAL_Driver/Src/stm32f1xx_hal_cortex.o
                0x000000000800194e                HAL_NVIC_SetPriority
 .text.HAL_NVIC_EnableIRQ
                0x0000000008001986       0x1c ./Drivers/STM32F1xx_HAL_Driver/Src/stm32f1xx_hal_cortex.o
                0x0000000008001986                HAL_NVIC_EnableIRQ
 .text.HAL_SYSTICK_Config
                0x00000000080019a2       0x18 ./Drivers/STM32F1xx_HAL_Driver/Src/stm32f1xx_hal_cortex.o
                0x00000000080019a2                HAL_SYSTICK_Config
 .text.HAL_PCD_Init
                0x00000000080019ba      0x216 ./Drivers/STM32F1xx_HAL_Driver/Src/stm32f1xx_hal_pcd.o
                0x00000000080019ba                HAL_PCD_Init
 .text.HAL_PCD_Start
                0x0000000008001bd0       0x4c ./Drivers/STM32F1xx_HAL_Driver/Src/stm32f1xx_hal_pcd.o
                0x0000000008001bd0                HAL_PCD_Start
 .text.HAL_PCD_IRQHandler
                0x0000000008001c1c      0x2a6 ./Drivers/STM32F1xx_HAL_Driver/Src/stm32f1xx_hal_pcd.o
                0x0000000008001c1c                HAL_PCD_IRQHandler
 .text.HAL_PCD_SetAddress
                0x0000000008001ec2       0x4a ./Drivers/STM32F1xx_HAL_Driver/Src/stm32f1xx_hal_pcd.o
                0x0000000008001ec2                HAL_PCD_SetAddress
 .text.HAL_PCD_EP_Open
                0x0000000008001f0c       0xcc ./Drivers/STM32F1xx_HAL_Driver/Src/stm32f1xx_hal_pcd.o
                0x0000000008001f0c                HAL_PCD_EP_Open
 .text.HAL_PCD_EP_Close
                0x0000000008001fd8       0x90 ./Drivers/STM32F1xx_HAL_Driver/Src/stm32f1xx_hal_pcd.o
                0x0000000008001fd8                HAL_PCD_EP_Close
 .text.HAL_PCD_EP_Receive
                0x0000000008002068       0x7a ./Drivers/STM32F1xx_HAL_Driver/Src/stm32f1xx_hal_pcd.o
                0x0000000008002068                HAL_PCD_EP_Receive
 .text.HAL_PCD_EP_GetRxCount
                0x00000000080020e2       0x2e ./Drivers/STM32F1xx_HAL_Driver/Src/stm32f1xx_hal_pcd.o
                0x00000000080020e2                HAL_PCD_EP_GetRxCount
 .text.HAL_PCD_EP_Transmit
                0x0000000008002110       0x86 ./Drivers/STM32F1xx_HAL_Driver/Src/stm32f1xx_hal_pcd.o
                0x0000000008002110                HAL_PCD_EP_Transmit
 .text.HAL_PCD_EP_SetStall
                0x0000000008002196       0xc0 ./Drivers/STM32F1xx_HAL_Driver/Src/stm32f1xx_hal_pcd.o
                0x0000000008002196                HAL_PCD_EP_SetStall
 .text.HAL_PCD_EP_ClrStall
                0x0000000008002256       0xa8 ./Drivers/STM32F1xx_HAL_Driver/Src/stm32f1xx_hal_pcd.o
                0x0000000008002256                HAL_PCD_EP_ClrStall
 .text.PCD_EP_ISR_Handler
                0x00000000080022fe      0x600 ./Drivers/STM32F1xx_HAL_Driver/Src/stm32f1xx_hal_pcd.o
 .text.HAL_PCD_EP_DB_Receive
                0x00000000080028fe      0x21a ./Drivers/STM32F1xx_HAL_Driver/Src/stm32f1xx_hal_pcd.o
 .text.HAL_PCD_EP_DB_Transmit
                0x0000000008002b18      0x7a4 ./Drivers/STM32F1xx_HAL_Driver/Src/stm32f1xx_hal_pcd.o
 .text.HAL_PCDEx_PMAConfig
                0x00000000080032bc       0x84 ./Drivers/STM32F1xx_HAL_Driver/Src/stm32f1xx_hal_pcd_ex.o
                0x00000000080032bc                HAL_PCDEx_PMAConfig
 .text.HAL_RCC_OscConfig
                0x0000000008003340      0x504 ./Drivers/STM32F1xx_HAL_Driver/Src/stm32f1xx_hal_rcc.o
                0x0000000008003340                HAL_RCC_OscConfig
 .text.HAL_RCC_ClockConfig
                0x0000000008003844      0x1d4 ./Drivers/STM32F1xx_HAL_Driver/Src/stm32f1xx_hal_rcc.o
                0x0000000008003844                HAL_RCC_ClockConfig
 .text.HAL_RCC_GetSysClockFreq
                0x0000000008003a18       0xbc ./Drivers/STM32F1xx_HAL_Driver/Src/stm32f1xx_hal_rcc.o
                0x0000000008003a18                HAL_RCC_GetSysClockFreq
 .text.RCC_Delay
                0x0000000008003ad4       0x3c ./Drivers/STM32F1xx_HAL_Driver/Src/stm32f1xx_hal_rcc.o
 .text.HAL_RCCEx_PeriphCLKConfig
                0x0000000008003b10      0x16c ./Drivers/STM32F1xx_HAL_Driver/Src/stm32f1xx_hal_rcc_ex.o
                0x0000000008003b10                HAL_RCCEx_PeriphCLKConfig
 .text.USB_CoreInit
                0x0000000008003c7c       0x20 ./Drivers/STM32F1xx_HAL_Driver/Src/stm32f1xx_ll_usb.o
                0x0000000008003c7c                USB_CoreInit
 .text.USB_EnableGlobalInt
                0x0000000008003c9c       0x2c ./Drivers/STM32F1xx_HAL_Driver/Src/stm32f1xx_ll_usb.o
                0x0000000008003c9c                USB_EnableGlobalInt
 .text.USB_DisableGlobalInt
                0x0000000008003cc8       0x34 ./Drivers/STM32F1xx_HAL_Driver/Src/stm32f1xx_ll_usb.o
                0x0000000008003cc8                USB_DisableGlobalInt
 .text.USB_SetCurrentMode
                0x0000000008003cfc       0x18 ./Drivers/STM32F1xx_HAL_Driver/Src/stm32f1xx_ll_usb.o
                0x0000000008003cfc                USB_SetCurrentMode
 .text.USB_DevInit
                0x0000000008003d14       0x40 ./Drivers/STM32F1xx_HAL_Driver/Src/stm32f1xx_ll_usb.o
                0x0000000008003d14                USB_DevInit
 .text.USB_ActivateEndpoint
                0x0000000008003d54      0x6d4 ./Drivers/STM32F1xx_HAL_Driver/Src/stm32f1xx_ll_usb.o
                0x0000000008003d54                USB_ActivateEndpoint
 .text.USB_DeactivateEndpoint
                0x0000000008004428      0x3d8 ./Drivers/STM32F1xx_HAL_Driver/Src/stm32f1xx_ll_usb.o
                0x0000000008004428                USB_DeactivateEndpoint
 .text.USB_EPStartXfer
                0x0000000008004800     0x1c70 ./Drivers/STM32F1xx_HAL_Driver/Src/stm32f1xx_ll_usb.o
                0x0000000008004800                USB_EPStartXfer
 .text.USB_EPSetStall
                0x0000000008006470       0xa0 ./Drivers/STM32F1xx_HAL_Driver/Src/stm32f1xx_ll_usb.o
                0x0000000008006470                USB_EPSetStall
 .text.USB_EPClearStall
                0x0000000008006510      0x15a ./Drivers/STM32F1xx_HAL_Driver/Src/stm32f1xx_ll_usb.o
                0x0000000008006510                USB_EPClearStall
 .text.USB_SetDevAddress
                0x000000000800666a       0x26 ./Drivers/STM32F1xx_HAL_Driver/Src/stm32f1xx_ll_usb.o
                0x000000000800666a                USB_SetDevAddress
 .text.USB_DevConnect
                0x0000000008006690       0x14 ./Drivers/STM32F1xx_HAL_Driver/Src/stm32f1xx_ll_usb.o
                0x0000000008006690                USB_DevConnect
 .text.USB_DevDisconnect
                0x00000000080066a4       0x14 ./Drivers/STM32F1xx_HAL_Driver/Src/stm32f1xx_ll_usb.o
                0x00000000080066a4                USB_DevDisconnect
 .text.USB_ReadInterrupts
                0x00000000080066b8       0x1e ./Drivers/STM32F1xx_HAL_Driver/Src/stm32f1xx_ll_usb.o
                0x00000000080066b8                USB_ReadInterrupts
 .text.USB_EP0_OutStart
                0x00000000080066d6       0x16 ./Drivers/STM32F1xx_HAL_Driver/Src/stm32f1xx_ll_usb.o
                0x00000000080066d6                USB_EP0_OutStart
 .text.USB_WritePMA
                0x00000000080066ec       0x8a ./Drivers/STM32F1xx_HAL_Driver/Src/stm32f1xx_ll_usb.o
                0x00000000080066ec                USB_WritePMA
 .text.USB_ReadPMA
                0x0000000008006776       0x9e ./Drivers/STM32F1xx_HAL_Driver/Src/stm32f1xx_ll_usb.o
                0x0000000008006776                USB_ReadPMA
 .text.USBD_CDC_Init
                0x0000000008006814       0xf4 ./Middlewares/ST/STM32_USB_Device_Library/Class/CDC/Src/usbd_cdc.o
 .text.USBD_CDC_DeInit
                0x0000000008006908       0x6e ./Middlewares/ST/STM32_USB_Device_Library/Class/CDC/Src/usbd_cdc.o
 .text.USBD_CDC_Setup
                0x0000000008006976      0x146 ./Middlewares/ST/STM32_USB_Device_Library/Class/CDC/Src/usbd_cdc.o
 .text.USBD_CDC_DataIn
                0x0000000008006abc       0xa6 ./Middlewares/ST/STM32_USB_Device_Library/Class/CDC/Src/usbd_cdc.o
 .text.USBD_CDC_DataOut
                0x0000000008006b62       0x56 ./Middlewares/ST/STM32_USB_Device_Library/Class/CDC/Src/usbd_cdc.o
 .text.USBD_CDC_EP0_RxReady
                0x0000000008006bb8       0x50 ./Middlewares/ST/STM32_USB_Device_Library/Class/CDC/Src/usbd_cdc.o
 .text.USBD_CDC_GetFSCfgDesc
                0x0000000008006c08       0x20 ./Middlewares/ST/STM32_USB_Device_Library/Class/CDC/Src/usbd_cdc.o
 .text.USBD_CDC_GetHSCfgDesc
                0x0000000008006c28       0x20 ./Middlewares/ST/STM32_USB_Device_Library/Class/CDC/Src/usbd_cdc.o
 .text.USBD_CDC_GetOtherSpeedCfgDesc
                0x0000000008006c48       0x20 ./Middlewares/ST/STM32_USB_Device_Library/Class/CDC/Src/usbd_cdc.o
 .text.USBD_CDC_GetDeviceQualifierDescriptor
                0x0000000008006c68       0x20 ./Middlewares/ST/STM32_USB_Device_Library/Class/CDC/Src/usbd_cdc.o
                0x0000000008006c68                USBD_CDC_GetDeviceQualifierDescriptor
 .text.USBD_CDC_RegisterInterface
                0x0000000008006c88       0x2c ./Middlewares/ST/STM32_USB_Device_Library/Class/CDC/Src/usbd_cdc.o
                0x0000000008006c88                USBD_CDC_RegisterInterface
 .text.USBD_CDC_SetTxBuffer
                0x0000000008006cb4       0x32 ./Middlewares/ST/STM32_USB_Device_Library/Class/CDC/Src/usbd_cdc.o
                0x0000000008006cb4                USBD_CDC_SetTxBuffer
 .text.USBD_CDC_SetRxBuffer
                0x0000000008006ce6       0x26 ./Middlewares/ST/STM32_USB_Device_Library/Class/CDC/Src/usbd_cdc.o
                0x0000000008006ce6                USBD_CDC_SetRxBuffer
 .text.USBD_CDC_TransmitPacket
                0x0000000008006d0c       0x5e ./Middlewares/ST/STM32_USB_Device_Library/Class/CDC/Src/usbd_cdc.o
                0x0000000008006d0c                USBD_CDC_TransmitPacket
 .text.USBD_CDC_ReceivePacket
                0x0000000008006d6a       0x54 ./Middlewares/ST/STM32_USB_Device_Library/Class/CDC/Src/usbd_cdc.o
                0x0000000008006d6a                USBD_CDC_ReceivePacket
 .text.USBD_Init
                0x0000000008006dbe       0x56 ./Middlewares/ST/STM32_USB_Device_Library/Core/Src/usbd_core.o
                0x0000000008006dbe                USBD_Init
 .text.USBD_RegisterClass
                0x0000000008006e14       0x32 ./Middlewares/ST/STM32_USB_Device_Library/Core/Src/usbd_core.o
                0x0000000008006e14                USBD_RegisterClass
 .text.USBD_Start
                0x0000000008006e46       0x18 ./Middlewares/ST/STM32_USB_Device_Library/Core/Src/usbd_core.o
                0x0000000008006e46                USBD_Start
 .text.USBD_RunTestMode
                0x0000000008006e5e       0x14 ./Middlewares/ST/STM32_USB_Device_Library/Core/Src/usbd_core.o
                0x0000000008006e5e                USBD_RunTestMode
 .text.USBD_SetClassConfig
                0x0000000008006e72       0x3e ./Middlewares/ST/STM32_USB_Device_Library/Core/Src/usbd_core.o
                0x0000000008006e72                USBD_SetClassConfig
 .text.USBD_ClrClassConfig
                0x0000000008006eb0       0x26 ./Middlewares/ST/STM32_USB_Device_Library/Core/Src/usbd_core.o
                0x0000000008006eb0                USBD_ClrClassConfig
 .text.USBD_LL_SetupStage
                0x0000000008006ed6       0x9a ./Middlewares/ST/STM32_USB_Device_Library/Core/Src/usbd_core.o
                0x0000000008006ed6                USBD_LL_SetupStage
 .text.USBD_LL_DataOutStage
                0x0000000008006f70       0xe2 ./Middlewares/ST/STM32_USB_Device_Library/Core/Src/usbd_core.o
                0x0000000008006f70                USBD_LL_DataOutStage
 .text.USBD_LL_DataInStage
                0x0000000008007052      0x14a ./Middlewares/ST/STM32_USB_Device_Library/Core/Src/usbd_core.o
                0x0000000008007052                USBD_LL_DataInStage
 .text.USBD_LL_Reset
                0x000000000800719c       0x82 ./Middlewares/ST/STM32_USB_Device_Library/Core/Src/usbd_core.o
                0x000000000800719c                USBD_LL_Reset
 .text.USBD_LL_SetSpeed
                0x000000000800721e       0x1e ./Middlewares/ST/STM32_USB_Device_Library/Core/Src/usbd_core.o
                0x000000000800721e                USBD_LL_SetSpeed
 .text.USBD_LL_Suspend
                0x000000000800723c       0x28 ./Middlewares/ST/STM32_USB_Device_Library/Core/Src/usbd_core.o
                0x000000000800723c                USBD_LL_Suspend
 .text.USBD_LL_Resume
                0x0000000008007264       0x2a ./Middlewares/ST/STM32_USB_Device_Library/Core/Src/usbd_core.o
                0x0000000008007264                USBD_LL_Resume
 .text.USBD_LL_SOF
                0x000000000800728e       0x34 ./Middlewares/ST/STM32_USB_Device_Library/Core/Src/usbd_core.o
                0x000000000800728e                USBD_LL_SOF
 *fill*         0x00000000080072c2        0x2 
 .text.USBD_StdDevReq
                0x00000000080072c4       0xd4 ./Middlewares/ST/STM32_USB_Device_Library/Core/Src/usbd_ctlreq.o
                0x00000000080072c4                USBD_StdDevReq
 .text.USBD_StdItfReq
                0x0000000008007398       0x90 ./Middlewares/ST/STM32_USB_Device_Library/Core/Src/usbd_ctlreq.o
                0x0000000008007398                USBD_StdItfReq
 .text.USBD_StdEPReq
                0x0000000008007428      0x2c6 ./Middlewares/ST/STM32_USB_Device_Library/Core/Src/usbd_ctlreq.o
                0x0000000008007428                USBD_StdEPReq
 *fill*         0x00000000080076ee        0x2 
 .text.USBD_GetDescriptor
                0x00000000080076f0      0x2d0 ./Middlewares/ST/STM32_USB_Device_Library/Core/Src/usbd_ctlreq.o
 .text.USBD_SetAddress
                0x00000000080079c0       0x86 ./Middlewares/ST/STM32_USB_Device_Library/Core/Src/usbd_ctlreq.o
 *fill*         0x0000000008007a46        0x2 
 .text.USBD_SetConfig
                0x0000000008007a48      0x11c ./Middlewares/ST/STM32_USB_Device_Library/Core/Src/usbd_ctlreq.o
 .text.USBD_GetConfig
                0x0000000008007b64       0x6a ./Middlewares/ST/STM32_USB_Device_Library/Core/Src/usbd_ctlreq.o
 .text.USBD_GetStatus
                0x0000000008007bce       0x66 ./Middlewares/ST/STM32_USB_Device_Library/Core/Src/usbd_ctlreq.o
 .text.USBD_SetFeature
                0x0000000008007c34       0x28 ./Middlewares/ST/STM32_USB_Device_Library/Core/Src/usbd_ctlreq.o
 .text.USBD_ClrFeature
                0x0000000008007c5c       0x42 ./Middlewares/ST/STM32_USB_Device_Library/Core/Src/usbd_ctlreq.o
 .text.USBD_ParseSetupRequest
                0x0000000008007c9e       0x78 ./Middlewares/ST/STM32_USB_Device_Library/Core/Src/usbd_ctlreq.o
                0x0000000008007c9e                USBD_ParseSetupRequest
 .text.USBD_CtlError
                0x0000000008007d16       0x22 ./Middlewares/ST/STM32_USB_Device_Library/Core/Src/usbd_ctlreq.o
                0x0000000008007d16                USBD_CtlError
 .text.USBD_GetString
                0x0000000008007d38       0x84 ./Middlewares/ST/STM32_USB_Device_Library/Core/Src/usbd_ctlreq.o
                0x0000000008007d38                USBD_GetString
 .text.USBD_GetLen
                0x0000000008007dbc       0x2e ./Middlewares/ST/STM32_USB_Device_Library/Core/Src/usbd_ctlreq.o
 .text.USBD_CtlSendData
                0x0000000008007dea       0x38 ./Middlewares/ST/STM32_USB_Device_Library/Core/Src/usbd_ioreq.o
                0x0000000008007dea                USBD_CtlSendData
 .text.USBD_CtlContinueSendData
                0x0000000008007e22       0x24 ./Middlewares/ST/STM32_USB_Device_Library/Core/Src/usbd_ioreq.o
                0x0000000008007e22                USBD_CtlContinueSendData
 .text.USBD_CtlPrepareRx
                0x0000000008007e46       0x3c ./Middlewares/ST/STM32_USB_Device_Library/Core/Src/usbd_ioreq.o
                0x0000000008007e46                USBD_CtlPrepareRx
 .text.USBD_CtlContinueRx
                0x0000000008007e82       0x24 ./Middlewares/ST/STM32_USB_Device_Library/Core/Src/usbd_ioreq.o
                0x0000000008007e82                USBD_CtlContinueRx
 .text.USBD_CtlSendStatus
                0x0000000008007ea6       0x26 ./Middlewares/ST/STM32_USB_Device_Library/Core/Src/usbd_ioreq.o
                0x0000000008007ea6                USBD_CtlSendStatus
 .text.USBD_CtlReceiveStatus
                0x0000000008007ecc       0x26 ./Middlewares/ST/STM32_USB_Device_Library/Core/Src/usbd_ioreq.o
                0x0000000008007ecc                USBD_CtlReceiveStatus
 *fill*         0x0000000008007ef2        0x2 
 .text.MX_USB_DEVICE_Init
                0x0000000008007ef4       0x60 ./USB_DEVICE/App/usb_device.o
                0x0000000008007ef4                MX_USB_DEVICE_Init
 .text.CDC_Init_FS
                0x0000000008007f54       0x28 ./USB_DEVICE/App/usbd_cdc_if.o
 .text.CDC_DeInit_FS
                0x0000000008007f7c        0xe ./USB_DEVICE/App/usbd_cdc_if.o
 *fill*         0x0000000008007f8a        0x2 
 .text.CDC_Control_FS
                0x0000000008007f8c       0xbc ./USB_DEVICE/App/usbd_cdc_if.o
 .text.CDC_Receive_FS
                0x0000000008008048       0x34 ./USB_DEVICE/App/usbd_cdc_if.o
 .text.CDC_Transmit_FS
                0x000000000800807c       0x4c ./USB_DEVICE/App/usbd_cdc_if.o
                0x000000000800807c                CDC_Transmit_FS
 .text.USBD_FS_DeviceDescriptor
                0x00000000080080c8       0x24 ./USB_DEVICE/App/usbd_desc.o
                0x00000000080080c8                USBD_FS_DeviceDescriptor
 .text.USBD_FS_LangIDStrDescriptor
                0x00000000080080ec       0x24 ./USB_DEVICE/App/usbd_desc.o
                0x00000000080080ec                USBD_FS_LangIDStrDescriptor
 .text.USBD_FS_ProductStrDescriptor
                0x0000000008008110       0x3c ./USB_DEVICE/App/usbd_desc.o
                0x0000000008008110                USBD_FS_ProductStrDescriptor
 .text.USBD_FS_ManufacturerStrDescriptor
                0x000000000800814c       0x28 ./USB_DEVICE/App/usbd_desc.o
                0x000000000800814c                USBD_FS_ManufacturerStrDescriptor
 .text.USBD_FS_SerialStrDescriptor
                0x0000000008008174       0x24 ./USB_DEVICE/App/usbd_desc.o
                0x0000000008008174                USBD_FS_SerialStrDescriptor
 .text.USBD_FS_ConfigStrDescriptor
                0x0000000008008198       0x3c ./USB_DEVICE/App/usbd_desc.o
                0x0000000008008198                USBD_FS_ConfigStrDescriptor
 .text.USBD_FS_InterfaceStrDescriptor
                0x00000000080081d4       0x3c ./USB_DEVICE/App/usbd_desc.o
                0x00000000080081d4                USBD_FS_InterfaceStrDescriptor
 .text.Get_SerialNum
                0x0000000008008210       0x58 ./USB_DEVICE/App/usbd_desc.o
 .text.IntToUnicode
                0x0000000008008268       0x7c ./USB_DEVICE/App/usbd_desc.o
 .text.HAL_PCD_MspInit
                0x00000000080082e4       0x4c ./USB_DEVICE/Target/usbd_conf.o
                0x00000000080082e4                HAL_PCD_MspInit
 .text.HAL_PCD_SetupStageCallback
                0x0000000008008330       0x24 ./USB_DEVICE/Target/usbd_conf.o
                0x0000000008008330                HAL_PCD_SetupStageCallback
 .text.HAL_PCD_DataOutStageCallback
                0x0000000008008354       0x36 ./USB_DEVICE/Target/usbd_conf.o
                0x0000000008008354                HAL_PCD_DataOutStageCallback
 .text.HAL_PCD_DataInStageCallback
                0x000000000800838a       0x34 ./USB_DEVICE/Target/usbd_conf.o
                0x000000000800838a                HAL_PCD_DataInStageCallback
 .text.HAL_PCD_SOFCallback
                0x00000000080083be       0x1c ./USB_DEVICE/Target/usbd_conf.o
                0x00000000080083be                HAL_PCD_SOFCallback
 .text.HAL_PCD_ResetCallback
                0x00000000080083da       0x3c ./USB_DEVICE/Target/usbd_conf.o
                0x00000000080083da                HAL_PCD_ResetCallback
 *fill*         0x0000000008008416        0x2 
 .text.HAL_PCD_SuspendCallback
                0x0000000008008418       0x34 ./USB_DEVICE/Target/usbd_conf.o
                0x0000000008008418                HAL_PCD_SuspendCallback
 .text.HAL_PCD_ResumeCallback
                0x000000000800844c       0x1c ./USB_DEVICE/Target/usbd_conf.o
                0x000000000800844c                HAL_PCD_ResumeCallback
 .text.USBD_LL_Init
                0x0000000008008468       0xb4 ./USB_DEVICE/Target/usbd_conf.o
                0x0000000008008468                USBD_LL_Init
 .text.USBD_LL_Start
                0x000000000800851c       0x36 ./USB_DEVICE/Target/usbd_conf.o
                0x000000000800851c                USBD_LL_Start
 .text.USBD_LL_OpenEP
                0x0000000008008552       0x4c ./USB_DEVICE/Target/usbd_conf.o
                0x0000000008008552                USBD_LL_OpenEP
 .text.USBD_LL_CloseEP
                0x000000000800859e       0x3e ./USB_DEVICE/Target/usbd_conf.o
                0x000000000800859e                USBD_LL_CloseEP
 .text.USBD_LL_StallEP
                0x00000000080085dc       0x3e ./USB_DEVICE/Target/usbd_conf.o
                0x00000000080085dc                USBD_LL_StallEP
 .text.USBD_LL_ClearStallEP
                0x000000000800861a       0x3e ./USB_DEVICE/Target/usbd_conf.o
                0x000000000800861a                USBD_LL_ClearStallEP
 .text.USBD_LL_IsStallEP
                0x0000000008008658       0x58 ./USB_DEVICE/Target/usbd_conf.o
                0x0000000008008658                USBD_LL_IsStallEP
 .text.USBD_LL_SetUSBAddress
                0x00000000080086b0       0x3e ./USB_DEVICE/Target/usbd_conf.o
                0x00000000080086b0                USBD_LL_SetUSBAddress
 .text.USBD_LL_Transmit
                0x00000000080086ee       0x46 ./USB_DEVICE/Target/usbd_conf.o
                0x00000000080086ee                USBD_LL_Transmit
 .text.USBD_LL_PrepareReceive
                0x0000000008008734       0x46 ./USB_DEVICE/Target/usbd_conf.o
                0x0000000008008734                USBD_LL_PrepareReceive
 .text.USBD_LL_GetRxDataSize
                0x000000000800877a       0x26 ./USB_DEVICE/Target/usbd_conf.o
                0x000000000800877a                USBD_LL_GetRxDataSize
 .text.USBD_static_malloc
                0x00000000080087a0       0x18 ./USB_DEVICE/Target/usbd_conf.o
                0x00000000080087a0                USBD_static_malloc
 .text.USBD_static_free
                0x00000000080087b8       0x12 ./USB_DEVICE/Target/usbd_conf.o
                0x00000000080087b8                USBD_static_free
 .text.HAL_PCDEx_SetConnectionState
                0x00000000080087ca       0x16 ./USB_DEVICE/Target/usbd_conf.o
                0x00000000080087ca                HAL_PCDEx_SetConnectionState
 .text.USBD_Get_USB_Status
                0x00000000080087e0       0x58 ./USB_DEVICE/Target/usbd_conf.o
 .text.__libc_init_array
                0x0000000008008838       0x48 /opt/st/stm32cubeide_1.11.0/plugins/com.st.stm32cube.ide.mcu.externaltools.gnu-tools-for-stm32.10.3-2021.10.linux64_1.0.100.202210260954/tools/bin/../lib/gcc/arm-none-eabi/10.3.1/../../../../arm-none-eabi/lib/thumb/v7-m/nofp/libc_nano.a(lib_a-init.o)
                0x0000000008008838                __libc_init_array
 .text.memset   0x0000000008008880       0x10 /opt/st/stm32cubeide_1.11.0/plugins/com.st.stm32cube.ide.mcu.externaltools.gnu-tools-for-stm32.10.3-2021.10.linux64_1.0.100.202210260954/tools/bin/../lib/gcc/arm-none-eabi/10.3.1/../../../../arm-none-eabi/lib/thumb/v7-m/nofp/libc_nano.a(lib_a-memset.o)
                0x0000000008008880                memset
 *(.glue_7)
 .glue_7        0x0000000008008890        0x0 linker stubs
 *(.glue_7t)
 .glue_7t       0x0000000008008890        0x0 linker stubs
 *(.eh_frame)
 .eh_frame      0x0000000008008890        0x0 /opt/st/stm32cubeide_1.11.0/plugins/com.st.stm32cube.ide.mcu.externaltools.gnu-tools-for-stm32.10.3-2021.10.linux64_1.0.100.202210260954/tools/bin/../lib/gcc/arm-none-eabi/10.3.1/thumb/v7-m/nofp/crtbegin.o
 *(.init)
 .init          0x0000000008008890        0x4 /opt/st/stm32cubeide_1.11.0/plugins/com.st.stm32cube.ide.mcu.externaltools.gnu-tools-for-stm32.10.3-2021.10.linux64_1.0.100.202210260954/tools/bin/../lib/gcc/arm-none-eabi/10.3.1/thumb/v7-m/nofp/crti.o
                0x0000000008008890                _init
 .init          0x0000000008008894        0x8 /opt/st/stm32cubeide_1.11.0/plugins/com.st.stm32cube.ide.mcu.externaltools.gnu-tools-for-stm32.10.3-2021.10.linux64_1.0.100.202210260954/tools/bin/../lib/gcc/arm-none-eabi/10.3.1/thumb/v7-m/nofp/crtn.o
 *(.fini)
 .fini          0x000000000800889c        0x4 /opt/st/stm32cubeide_1.11.0/plugins/com.st.stm32cube.ide.mcu.externaltools.gnu-tools-for-stm32.10.3-2021.10.linux64_1.0.100.202210260954/tools/bin/../lib/gcc/arm-none-eabi/10.3.1/thumb/v7-m/nofp/crti.o
                0x000000000800889c                _fini
 .fini          0x00000000080088a0        0x8 /opt/st/stm32cubeide_1.11.0/plugins/com.st.stm32cube.ide.mcu.externaltools.gnu-tools-for-stm32.10.3-2021.10.linux64_1.0.100.202210260954/tools/bin/../lib/gcc/arm-none-eabi/10.3.1/thumb/v7-m/nofp/crtn.o
                0x00000000080088a8                . = ALIGN (0x4)
                0x00000000080088a8                _etext = .

.vfp11_veneer   0x00000000080088a8        0x0
 .vfp11_veneer  0x00000000080088a8        0x0 linker stubs

.v4_bx          0x00000000080088a8        0x0
 .v4_bx         0x00000000080088a8        0x0 linker stubs

.iplt           0x00000000080088a8        0x0
 .iplt          0x00000000080088a8        0x0 /opt/st/stm32cubeide_1.11.0/plugins/com.st.stm32cube.ide.mcu.externaltools.gnu-tools-for-stm32.10.3-2021.10.linux64_1.0.100.202210260954/tools/bin/../lib/gcc/arm-none-eabi/10.3.1/thumb/v7-m/nofp/crtbegin.o

.rodata         0x00000000080088a8       0x68
                0x00000000080088a8                . = ALIGN (0x4)
 *(.rodata)
 .rodata        0x00000000080088a8       0x10 ./Drivers/STM32F1xx_HAL_Driver/Src/stm32f1xx_hal_rcc.o
 .rodata        0x00000000080088b8       0x46 ./USB_DEVICE/App/usbd_desc.o
 *(.rodata*)
 *fill*         0x00000000080088fe        0x2 
 .rodata.AHBPrescTable
                0x0000000008008900       0x10 ./Core/Src/system_stm32f1xx.o
                0x0000000008008900                AHBPrescTable
                0x0000000008008910                . = ALIGN (0x4)

.rel.dyn        0x0000000008008910        0x0
 .rel.iplt      0x0000000008008910        0x0 /opt/st/stm32cubeide_1.11.0/plugins/com.st.stm32cube.ide.mcu.externaltools.gnu-tools-for-stm32.10.3-2021.10.linux64_1.0.100.202210260954/tools/bin/../lib/gcc/arm-none-eabi/10.3.1/thumb/v7-m/nofp/crtbegin.o

.ARM.extab      0x0000000008008910        0x0
                0x0000000008008910                . = ALIGN (0x4)
 *(.ARM.extab* .gnu.linkonce.armextab.*)
                0x0000000008008910                . = ALIGN (0x4)

.ARM            0x0000000008008910        0x0
                0x0000000008008910                . = ALIGN (0x4)
                0x0000000008008910                __exidx_start = .
 *(.ARM.exidx*)
                0x0000000008008910                __exidx_end = .
                0x0000000008008910                . = ALIGN (0x4)

.preinit_array  0x0000000008008910        0x0
                0x0000000008008910                . = ALIGN (0x4)
                0x0000000008008910                PROVIDE (__preinit_array_start = .)
 *(.preinit_array*)
                0x0000000008008910                PROVIDE (__preinit_array_end = .)
                0x0000000008008910                . = ALIGN (0x4)

.init_array     0x0000000008008910        0x4
                0x0000000008008910                . = ALIGN (0x4)
                0x0000000008008910                PROVIDE (__init_array_start = .)
 *(SORT_BY_NAME(.init_array.*))
 *(.init_array*)
 .init_array    0x0000000008008910        0x4 /opt/st/stm32cubeide_1.11.0/plugins/com.st.stm32cube.ide.mcu.externaltools.gnu-tools-for-stm32.10.3-2021.10.linux64_1.0.100.202210260954/tools/bin/../lib/gcc/arm-none-eabi/10.3.1/thumb/v7-m/nofp/crtbegin.o
                0x0000000008008914                PROVIDE (__init_array_end = .)
                0x0000000008008914                . = ALIGN (0x4)

.fini_array     0x0000000008008914        0x4
                0x0000000008008914                . = ALIGN (0x4)
                [!provide]                        PROVIDE (__fini_array_start = .)
 *(SORT_BY_NAME(.fini_array.*))
 *(.fini_array*)
 .fini_array    0x0000000008008914        0x4 /opt/st/stm32cubeide_1.11.0/plugins/com.st.stm32cube.ide.mcu.externaltools.gnu-tools-for-stm32.10.3-2021.10.linux64_1.0.100.202210260954/tools/bin/../lib/gcc/arm-none-eabi/10.3.1/thumb/v7-m/nofp/crtbegin.o
                [!provide]                        PROVIDE (__fini_array_end = .)
                0x0000000008008918                . = ALIGN (0x4)
                0x0000000008008918                _sidata = LOADADDR (.data)

.data           0x0000000020000000      0x1b0 load address 0x0000000008008918
                0x0000000020000000                . = ALIGN (0x4)
                0x0000000020000000                _sdata = .
 *(.data)
 *(.data*)
 .data.registers
                0x0000000020000000        0x4 ./Core/Src/modbusRTU.o
 .data.deviceAddress
                0x0000000020000004        0x1 ./Core/Src/modbusRTU.o
 *fill*         0x0000000020000005        0x3 
 .data.BKPRegLookup
                0x0000000020000008       0x2a ./Core/Src/shalf1Backup.o
                0x0000000020000008                BKPRegLookup
 *fill*         0x0000000020000032        0x2 
 .data.SystemCoreClock
                0x0000000020000034        0x4 ./Core/Src/system_stm32f1xx.o
                0x0000000020000034                SystemCoreClock
 .data.uwTickPrio
                0x0000000020000038        0x4 ./Drivers/STM32F1xx_HAL_Driver/Src/stm32f1xx_hal.o
                0x0000000020000038                uwTickPrio
 .data.uwTickFreq
                0x000000002000003c        0x1 ./Drivers/STM32F1xx_HAL_Driver/Src/stm32f1xx_hal.o
                0x000000002000003c                uwTickFreq
 *fill*         0x000000002000003d        0x3 
 .data.USBD_CDC_DeviceQualifierDesc
                0x0000000020000040        0xa ./Middlewares/ST/STM32_USB_Device_Library/Class/CDC/Src/usbd_cdc.o
 *fill*         0x000000002000004a        0x2 
 .data.USBD_CDC
                0x000000002000004c       0x38 ./Middlewares/ST/STM32_USB_Device_Library/Class/CDC/Src/usbd_cdc.o
                0x000000002000004c                USBD_CDC
 .data.USBD_CDC_CfgHSDesc
                0x0000000020000084       0x43 ./Middlewares/ST/STM32_USB_Device_Library/Class/CDC/Src/usbd_cdc.o
                0x0000000020000084                USBD_CDC_CfgHSDesc
 *fill*         0x00000000200000c7        0x1 
 .data.USBD_CDC_CfgFSDesc
                0x00000000200000c8       0x43 ./Middlewares/ST/STM32_USB_Device_Library/Class/CDC/Src/usbd_cdc.o
                0x00000000200000c8                USBD_CDC_CfgFSDesc
 *fill*         0x000000002000010b        0x1 
 .data.USBD_CDC_OtherSpeedCfgDesc
                0x000000002000010c       0x43 ./Middlewares/ST/STM32_USB_Device_Library/Class/CDC/Src/usbd_cdc.o
                0x000000002000010c                USBD_CDC_OtherSpeedCfgDesc
 *fill*         0x000000002000014f        0x1 
 .data.USBD_Interface_fops_FS
                0x0000000020000150       0x10 ./USB_DEVICE/App/usbd_cdc_if.o
                0x0000000020000150                USBD_Interface_fops_FS
 .data.FS_Desc  0x0000000020000160       0x1c ./USB_DEVICE/App/usbd_desc.o
                0x0000000020000160                FS_Desc
 .data.USBD_FS_DeviceDesc
                0x000000002000017c       0x12 ./USB_DEVICE/App/usbd_desc.o
                0x000000002000017c                USBD_FS_DeviceDesc
 *fill*         0x000000002000018e        0x2 
 .data.USBD_LangIDDesc
                0x0000000020000190        0x4 ./USB_DEVICE/App/usbd_desc.o
                0x0000000020000190                USBD_LangIDDesc
 .data.USBD_StringSerial
                0x0000000020000194       0x1a ./USB_DEVICE/App/usbd_desc.o
                0x0000000020000194                USBD_StringSerial
 *(.RamFunc)
 *(.RamFunc*)
                0x00000000200001b0                . = ALIGN (0x4)
 *fill*         0x00000000200001ae        0x2 
                0x00000000200001b0                _edata = .

.igot.plt       0x00000000200001b0        0x0 load address 0x0000000008008ac8
 .igot.plt      0x00000000200001b0        0x0 /opt/st/stm32cubeide_1.11.0/plugins/com.st.stm32cube.ide.mcu.externaltools.gnu-tools-for-stm32.10.3-2021.10.linux64_1.0.100.202210260954/tools/bin/../lib/gcc/arm-none-eabi/10.3.1/thumb/v7-m/nofp/crtbegin.o
                0x00000000200001b0                . = ALIGN (0x4)

.bss            0x00000000200001b0     0x122c load address 0x0000000008008ac8
                0x00000000200001b0                _sbss = .
                0x00000000200001b0                __bss_start__ = _sbss
 *(.bss)
 .bss           0x00000000200001b0       0x1c /opt/st/stm32cubeide_1.11.0/plugins/com.st.stm32cube.ide.mcu.externaltools.gnu-tools-for-stm32.10.3-2021.10.linux64_1.0.100.202210260954/tools/bin/../lib/gcc/arm-none-eabi/10.3.1/thumb/v7-m/nofp/crtbegin.o
 *(.bss*)
 .bss.counterH  0x00000000200001cc        0x2 ./Core/Src/backupData.o
                0x00000000200001cc                counterH
 .bss.counterL  0x00000000200001ce        0x2 ./Core/Src/backupData.o
                0x00000000200001ce                counterL
 .bss.data2BKP  0x00000000200001d0        0x4 ./Core/Src/backupData.o
                0x00000000200001d0                data2BKP
 .bss.timFlag   0x00000000200001d4        0x1 ./Core/Src/delay.o
                0x00000000200001d4                timFlag
 *fill*         0x00000000200001d5        0x3 
 .bss.readData  0x00000000200001d8        0x6 ./Core/Src/modbusRTU.o
 .bss.slaveAdr  0x00000000200001de        0x1 ./Core/Src/modbusRTU.o
 .bss.funcCode  0x00000000200001df        0x1 ./Core/Src/modbusRTU.o
 .bss.regAdr    0x00000000200001e0        0x2 ./Core/Src/modbusRTU.o
 .bss.payload   0x00000000200001e2        0x2 ./Core/Src/modbusRTU.o
 .bss.usartBuff
                0x00000000200001e4        0x9 ./Core/Src/program.o
 *fill*         0x00000000200001ed        0x3 
 .bss.cnt       0x00000000200001f0        0x4 ./Core/Src/program.o
 .bss.usartRXFlag
                0x00000000200001f4        0x1 ./Core/Src/program.o
 .bss.foo       0x00000000200001f5        0x1 ./Core/Src/program.o
                0x00000000200001f5                foo
 *fill*         0x00000000200001f6        0x2 
 .bss.tickBuff  0x00000000200001f8        0x4 ./Core/Src/program.o
                0x00000000200001f8                tickBuff
 .bss.tickCNT   0x00000000200001fc        0x4 ./Core/Src/program.o
 .bss.tick      0x0000000020000200        0x4 ./Core/Src/shalf1SysTick.o
                0x0000000020000200                tick
 .bss.uwTick    0x0000000020000204        0x4 ./Drivers/STM32F1xx_HAL_Driver/Src/stm32f1xx_hal.o
                0x0000000020000204                uwTick
 .bss.cfgidx.0  0x0000000020000208        0x1 ./Middlewares/ST/STM32_USB_Device_Library/Core/Src/usbd_ctlreq.o
 *fill*         0x0000000020000209        0x3 
 .bss.hUsbDeviceFS
                0x000000002000020c      0x2c4 ./USB_DEVICE/App/usb_device.o
                0x000000002000020c                hUsbDeviceFS
 .bss.UserRxBufferFS
                0x00000000200004d0      0x400 ./USB_DEVICE/App/usbd_cdc_if.o
                0x00000000200004d0                UserRxBufferFS
 .bss.UserTxBufferFS
                0x00000000200008d0      0x400 ./USB_DEVICE/App/usbd_cdc_if.o
                0x00000000200008d0                UserTxBufferFS
 .bss.USBD_StrDesc
                0x0000000020000cd0      0x200 ./USB_DEVICE/App/usbd_desc.o
                0x0000000020000cd0                USBD_StrDesc
 .bss.hpcd_USB_FS
                0x0000000020000ed0      0x2ec ./USB_DEVICE/Target/usbd_conf.o
                0x0000000020000ed0                hpcd_USB_FS
 .bss.mem.0     0x00000000200011bc      0x220 ./USB_DEVICE/Target/usbd_conf.o
 *(COMMON)
                0x00000000200013dc                . = ALIGN (0x4)
                0x00000000200013dc                _ebss = .
                0x00000000200013dc                __bss_end__ = _ebss

._user_heap_stack
                0x00000000200013dc      0x604 load address 0x0000000008008ac8
                0x00000000200013e0                . = ALIGN (0x8)
 *fill*         0x00000000200013dc        0x4 
                [!provide]                        PROVIDE (end = .)
                0x00000000200013e0                PROVIDE (_end = .)
                0x00000000200015e0                . = (. + _Min_Heap_Size)
 *fill*         0x00000000200013e0      0x200 
                0x00000000200019e0                . = (. + _Min_Stack_Size)
 *fill*         0x00000000200015e0      0x400 
                0x00000000200019e0                . = ALIGN (0x8)

/DISCARD/
 libc.a(*)
 libm.a(*)
 libgcc.a(*)

.ARM.attributes
                0x0000000000000000       0x29
 *(.ARM.attributes)
 .ARM.attributes
                0x0000000000000000       0x1d /opt/st/stm32cubeide_1.11.0/plugins/com.st.stm32cube.ide.mcu.externaltools.gnu-tools-for-stm32.10.3-2021.10.linux64_1.0.100.202210260954/tools/bin/../lib/gcc/arm-none-eabi/10.3.1/thumb/v7-m/nofp/crti.o
 .ARM.attributes
                0x000000000000001d       0x2d /opt/st/stm32cubeide_1.11.0/plugins/com.st.stm32cube.ide.mcu.externaltools.gnu-tools-for-stm32.10.3-2021.10.linux64_1.0.100.202210260954/tools/bin/../lib/gcc/arm-none-eabi/10.3.1/thumb/v7-m/nofp/crtbegin.o
 .ARM.attributes
                0x000000000000004a       0x2d ./Core/Src/backupData.o
 .ARM.attributes
                0x0000000000000077       0x2d ./Core/Src/delay.o
 .ARM.attributes
                0x00000000000000a4       0x2d ./Core/Src/gpio.o
 .ARM.attributes
                0x00000000000000d1       0x2d ./Core/Src/main.o
 .ARM.attributes
                0x00000000000000fe       0x2d ./Core/Src/modbusRTU.o
 .ARM.attributes
                0x000000000000012b       0x2d ./Core/Src/program.o
 .ARM.attributes
                0x0000000000000158       0x2d ./Core/Src/rs485uart.o
 .ARM.attributes
                0x0000000000000185       0x2d ./Core/Src/shalf1Backup.o
 .ARM.attributes
                0x00000000000001b2       0x2d ./Core/Src/shalf1EXTI.o
 .ARM.attributes
                0x00000000000001df       0x2d ./Core/Src/shalf1GPIO.o
 .ARM.attributes
                0x000000000000020c       0x2d ./Core/Src/shalf1SysTick.o
 .ARM.attributes
                0x0000000000000239       0x2d ./Core/Src/shalf1Timer.o
 .ARM.attributes
                0x0000000000000266       0x2d ./Core/Src/shalf1USART.o
 .ARM.attributes
                0x0000000000000293       0x2d ./Core/Src/stm32f1xx_hal_msp.o
 .ARM.attributes
                0x00000000000002c0       0x2d ./Core/Src/stm32f1xx_it.o
 .ARM.attributes
                0x00000000000002ed       0x2d ./Core/Src/system_stm32f1xx.o
 .ARM.attributes
                0x000000000000031a       0x21 ./Core/Startup/startup_stm32f103retx.o
 .ARM.attributes
                0x000000000000033b       0x2d ./Drivers/STM32F1xx_HAL_Driver/Src/stm32f1xx_hal.o
 .ARM.attributes
                0x0000000000000368       0x2d ./Drivers/STM32F1xx_HAL_Driver/Src/stm32f1xx_hal_cortex.o
 .ARM.attributes
                0x0000000000000395       0x2d ./Drivers/STM32F1xx_HAL_Driver/Src/stm32f1xx_hal_pcd.o
 .ARM.attributes
                0x00000000000003c2       0x2d ./Drivers/STM32F1xx_HAL_Driver/Src/stm32f1xx_hal_pcd_ex.o
 .ARM.attributes
                0x00000000000003ef       0x2d ./Drivers/STM32F1xx_HAL_Driver/Src/stm32f1xx_hal_rcc.o
 .ARM.attributes
                0x000000000000041c       0x2d ./Drivers/STM32F1xx_HAL_Driver/Src/stm32f1xx_hal_rcc_ex.o
 .ARM.attributes
                0x0000000000000449       0x2d ./Drivers/STM32F1xx_HAL_Driver/Src/stm32f1xx_ll_usb.o
 .ARM.attributes
                0x0000000000000476       0x2d ./Middlewares/ST/STM32_USB_Device_Library/Class/CDC/Src/usbd_cdc.o
 .ARM.attributes
                0x00000000000004a3       0x2d ./Middlewares/ST/STM32_USB_Device_Library/Core/Src/usbd_core.o
 .ARM.attributes
                0x00000000000004d0       0x2d ./Middlewares/ST/STM32_USB_Device_Library/Core/Src/usbd_ctlreq.o
 .ARM.attributes
                0x00000000000004fd       0x2d ./Middlewares/ST/STM32_USB_Device_Library/Core/Src/usbd_ioreq.o
 .ARM.attributes
                0x000000000000052a       0x2d ./USB_DEVICE/App/usb_device.o
 .ARM.attributes
                0x0000000000000557       0x2d ./USB_DEVICE/App/usbd_cdc_if.o
 .ARM.attributes
                0x0000000000000584       0x2d ./USB_DEVICE/App/usbd_desc.o
 .ARM.attributes
                0x00000000000005b1       0x2d ./USB_DEVICE/Target/usbd_conf.o
 .ARM.attributes
                0x00000000000005de       0x2d /opt/st/stm32cubeide_1.11.0/plugins/com.st.stm32cube.ide.mcu.externaltools.gnu-tools-for-stm32.10.3-2021.10.linux64_1.0.100.202210260954/tools/bin/../lib/gcc/arm-none-eabi/10.3.1/../../../../arm-none-eabi/lib/thumb/v7-m/nofp/libc_nano.a(lib_a-init.o)
 .ARM.attributes
                0x000000000000060b       0x2d /opt/st/stm32cubeide_1.11.0/plugins/com.st.stm32cube.ide.mcu.externaltools.gnu-tools-for-stm32.10.3-2021.10.linux64_1.0.100.202210260954/tools/bin/../lib/gcc/arm-none-eabi/10.3.1/../../../../arm-none-eabi/lib/thumb/v7-m/nofp/libc_nano.a(lib_a-memset.o)
 .ARM.attributes
                0x0000000000000638       0x1d /opt/st/stm32cubeide_1.11.0/plugins/com.st.stm32cube.ide.mcu.externaltools.gnu-tools-for-stm32.10.3-2021.10.linux64_1.0.100.202210260954/tools/bin/../lib/gcc/arm-none-eabi/10.3.1/thumb/v7-m/nofp/crtn.o
OUTPUT(ProSem3_Gaszaehler.elf elf32-littlearm)
LOAD linker stubs
LOAD /opt/st/stm32cubeide_1.11.0/plugins/com.st.stm32cube.ide.mcu.externaltools.gnu-tools-for-stm32.10.3-2021.10.linux64_1.0.100.202210260954/tools/bin/../lib/gcc/arm-none-eabi/10.3.1/../../../../arm-none-eabi/lib/thumb/v7-m/nofp/libc.a
LOAD /opt/st/stm32cubeide_1.11.0/plugins/com.st.stm32cube.ide.mcu.externaltools.gnu-tools-for-stm32.10.3-2021.10.linux64_1.0.100.202210260954/tools/bin/../lib/gcc/arm-none-eabi/10.3.1/../../../../arm-none-eabi/lib/thumb/v7-m/nofp/libm.a
LOAD /opt/st/stm32cubeide_1.11.0/plugins/com.st.stm32cube.ide.mcu.externaltools.gnu-tools-for-stm32.10.3-2021.10.linux64_1.0.100.202210260954/tools/bin/../lib/gcc/arm-none-eabi/10.3.1/thumb/v7-m/nofp/libgcc.a

.debug_info     0x0000000000000000    0x105cd
 .debug_info    0x0000000000000000      0x353 ./Core/Src/backupData.o
 .debug_info    0x0000000000000353      0x679 ./Core/Src/delay.o
 .debug_info    0x00000000000009cc      0x890 ./Core/Src/gpio.o
 .debug_info    0x000000000000125c      0x443 ./Core/Src/main.o
 .debug_info    0x000000000000169f      0x44c ./Core/Src/modbusRTU.o
 .debug_info    0x0000000000001aeb      0x5c5 ./Core/Src/program.o
 .debug_info    0x00000000000020b0      0xa9d ./Core/Src/rs485uart.o
 .debug_info    0x0000000000002b4d      0x4bf ./Core/Src/shalf1Backup.o
 .debug_info    0x000000000000300c      0x3c3 ./Core/Src/shalf1EXTI.o
 .debug_info    0x00000000000033cf      0x52a ./Core/Src/shalf1GPIO.o
 .debug_info    0x00000000000038f9      0x707 ./Core/Src/shalf1SysTick.o
 .debug_info    0x0000000000004000      0x65f ./Core/Src/shalf1Timer.o
 .debug_info    0x000000000000465f      0x562 ./Core/Src/shalf1USART.o
 .debug_info    0x0000000000004bc1      0x180 ./Core/Src/stm32f1xx_hal_msp.o
 .debug_info    0x0000000000004d41      0x646 ./Core/Src/stm32f1xx_it.o
 .debug_info    0x0000000000005387      0x23d ./Core/Src/system_stm32f1xx.o
 .debug_info    0x00000000000055c4       0x22 ./Core/Startup/startup_stm32f103retx.o
 .debug_info    0x00000000000055e6      0x79a ./Drivers/STM32F1xx_HAL_Driver/Src/stm32f1xx_hal.o
 .debug_info    0x0000000000005d80      0xb86 ./Drivers/STM32F1xx_HAL_Driver/Src/stm32f1xx_hal_cortex.o
 .debug_info    0x0000000000006906     0x16ab ./Drivers/STM32F1xx_HAL_Driver/Src/stm32f1xx_hal_pcd.o
 .debug_info    0x0000000000007fb1      0x728 ./Drivers/STM32F1xx_HAL_Driver/Src/stm32f1xx_hal_pcd_ex.o
 .debug_info    0x00000000000086d9      0x860 ./Drivers/STM32F1xx_HAL_Driver/Src/stm32f1xx_hal_rcc.o
 .debug_info    0x0000000000008f39      0x409 ./Drivers/STM32F1xx_HAL_Driver/Src/stm32f1xx_hal_rcc_ex.o
 .debug_info    0x0000000000009342     0x190d ./Drivers/STM32F1xx_HAL_Driver/Src/stm32f1xx_ll_usb.o
 .debug_info    0x000000000000ac4f     0x10f1 ./Middlewares/ST/STM32_USB_Device_Library/Class/CDC/Src/usbd_cdc.o
 .debug_info    0x000000000000bd40      0xb02 ./Middlewares/ST/STM32_USB_Device_Library/Core/Src/usbd_core.o
 .debug_info    0x000000000000c842      0x9b6 ./Middlewares/ST/STM32_USB_Device_Library/Core/Src/usbd_ctlreq.o
 .debug_info    0x000000000000d1f8      0x715 ./Middlewares/ST/STM32_USB_Device_Library/Core/Src/usbd_ioreq.o
 .debug_info    0x000000000000d90d      0x679 ./USB_DEVICE/App/usb_device.o
 .debug_info    0x000000000000df86      0x828 ./USB_DEVICE/App/usbd_cdc_if.o
 .debug_info    0x000000000000e7ae      0x484 ./USB_DEVICE/App/usbd_desc.o
 .debug_info    0x000000000000ec32     0x199b ./USB_DEVICE/Target/usbd_conf.o

.debug_abbrev   0x0000000000000000     0x38af
 .debug_abbrev  0x0000000000000000      0x123 ./Core/Src/backupData.o
 .debug_abbrev  0x0000000000000123      0x1c0 ./Core/Src/delay.o
 .debug_abbrev  0x00000000000002e3      0x17b ./Core/Src/gpio.o
 .debug_abbrev  0x000000000000045e      0x1c3 ./Core/Src/main.o
 .debug_abbrev  0x0000000000000621      0x196 ./Core/Src/modbusRTU.o
 .debug_abbrev  0x00000000000007b7      0x1e8 ./Core/Src/program.o
 .debug_abbrev  0x000000000000099f      0x200 ./Core/Src/rs485uart.o
 .debug_abbrev  0x0000000000000b9f      0x186 ./Core/Src/shalf1Backup.o
 .debug_abbrev  0x0000000000000d25      0x11a ./Core/Src/shalf1EXTI.o
 .debug_abbrev  0x0000000000000e3f      0x152 ./Core/Src/shalf1GPIO.o
 .debug_abbrev  0x0000000000000f91      0x209 ./Core/Src/shalf1SysTick.o
 .debug_abbrev  0x000000000000119a      0x13a ./Core/Src/shalf1Timer.o
 .debug_abbrev  0x00000000000012d4      0x19c ./Core/Src/shalf1USART.o
 .debug_abbrev  0x0000000000001470       0xc2 ./Core/Src/stm32f1xx_hal_msp.o
 .debug_abbrev  0x0000000000001532      0x175 ./Core/Src/stm32f1xx_it.o
 .debug_abbrev  0x00000000000016a7      0x13b ./Core/Src/system_stm32f1xx.o
 .debug_abbrev  0x00000000000017e2       0x12 ./Core/Startup/startup_stm32f103retx.o
 .debug_abbrev  0x00000000000017f4      0x1fb ./Drivers/STM32F1xx_HAL_Driver/Src/stm32f1xx_hal.o
 .debug_abbrev  0x00000000000019ef      0x2ed ./Drivers/STM32F1xx_HAL_Driver/Src/stm32f1xx_hal_cortex.o
 .debug_abbrev  0x0000000000001cdc      0x2b9 ./Drivers/STM32F1xx_HAL_Driver/Src/stm32f1xx_hal_pcd.o
 .debug_abbrev  0x0000000000001f95      0x17f ./Drivers/STM32F1xx_HAL_Driver/Src/stm32f1xx_hal_pcd_ex.o
 .debug_abbrev  0x0000000000002114      0x2a8 ./Drivers/STM32F1xx_HAL_Driver/Src/stm32f1xx_hal_rcc.o
 .debug_abbrev  0x00000000000023bc      0x182 ./Drivers/STM32F1xx_HAL_Driver/Src/stm32f1xx_hal_rcc_ex.o
 .debug_abbrev  0x000000000000253e      0x1cd ./Drivers/STM32F1xx_HAL_Driver/Src/stm32f1xx_ll_usb.o
 .debug_abbrev  0x000000000000270b      0x2c0 ./Middlewares/ST/STM32_USB_Device_Library/Class/CDC/Src/usbd_cdc.o
 .debug_abbrev  0x00000000000029cb      0x236 ./Middlewares/ST/STM32_USB_Device_Library/Core/Src/usbd_core.o
 .debug_abbrev  0x0000000000002c01      0x257 ./Middlewares/ST/STM32_USB_Device_Library/Core/Src/usbd_ctlreq.o
 .debug_abbrev  0x0000000000002e58      0x183 ./Middlewares/ST/STM32_USB_Device_Library/Core/Src/usbd_ioreq.o
 .debug_abbrev  0x0000000000002fdb      0x183 ./USB_DEVICE/App/usb_device.o
 .debug_abbrev  0x000000000000315e      0x252 ./USB_DEVICE/App/usbd_cdc_if.o
 .debug_abbrev  0x00000000000033b0      0x1fa ./USB_DEVICE/App/usbd_desc.o
 .debug_abbrev  0x00000000000035aa      0x305 ./USB_DEVICE/Target/usbd_conf.o

.debug_aranges  0x0000000000000000      0xd78
 .debug_aranges
                0x0000000000000000       0x30 ./Core/Src/backupData.o
 .debug_aranges
                0x0000000000000030       0x38 ./Core/Src/delay.o
 .debug_aranges
                0x0000000000000068       0x30 ./Core/Src/gpio.o
 .debug_aranges
                0x0000000000000098       0x38 ./Core/Src/main.o
 .debug_aranges
                0x00000000000000d0       0x40 ./Core/Src/modbusRTU.o
 .debug_aranges
                0x0000000000000110       0x30 ./Core/Src/program.o
 .debug_aranges
                0x0000000000000140       0x38 ./Core/Src/rs485uart.o
 .debug_aranges
                0x0000000000000178       0x40 ./Core/Src/shalf1Backup.o
 .debug_aranges
                0x00000000000001b8       0x38 ./Core/Src/shalf1EXTI.o
 .debug_aranges
                0x00000000000001f0       0x70 ./Core/Src/shalf1GPIO.o
 .debug_aranges
                0x0000000000000260       0x50 ./Core/Src/shalf1SysTick.o
 .debug_aranges
                0x00000000000002b0       0x88 ./Core/Src/shalf1Timer.o
 .debug_aranges
                0x0000000000000338       0x78 ./Core/Src/shalf1USART.o
 .debug_aranges
                0x00000000000003b0       0x20 ./Core/Src/stm32f1xx_hal_msp.o
 .debug_aranges
                0x00000000000003d0       0x60 ./Core/Src/stm32f1xx_it.o
 .debug_aranges
                0x0000000000000430       0x28 ./Core/Src/system_stm32f1xx.o
 .debug_aranges
                0x0000000000000458       0x28 ./Core/Startup/startup_stm32f103retx.o
 .debug_aranges
                0x0000000000000480       0xe0 ./Drivers/STM32F1xx_HAL_Driver/Src/stm32f1xx_hal.o
 .debug_aranges
                0x0000000000000560      0x100 ./Drivers/STM32F1xx_HAL_Driver/Src/stm32f1xx_hal_cortex.o
 .debug_aranges
                0x0000000000000660      0x138 ./Drivers/STM32F1xx_HAL_Driver/Src/stm32f1xx_hal_pcd.o
 .debug_aranges
                0x0000000000000798       0x38 ./Drivers/STM32F1xx_HAL_Driver/Src/stm32f1xx_hal_pcd_ex.o
 .debug_aranges
                0x00000000000007d0       0x90 ./Drivers/STM32F1xx_HAL_Driver/Src/stm32f1xx_hal_rcc.o
 .debug_aranges
                0x0000000000000860       0x30 ./Drivers/STM32F1xx_HAL_Driver/Src/stm32f1xx_hal_rcc_ex.o
 .debug_aranges
                0x0000000000000890       0xf0 ./Drivers/STM32F1xx_HAL_Driver/Src/stm32f1xx_ll_usb.o
 .debug_aranges
                0x0000000000000980       0x90 ./Middlewares/ST/STM32_USB_Device_Library/Class/CDC/Src/usbd_cdc.o
 .debug_aranges
                0x0000000000000a10       0xb8 ./Middlewares/ST/STM32_USB_Device_Library/Core/Src/usbd_core.o
 .debug_aranges
                0x0000000000000ac8       0x88 ./Middlewares/ST/STM32_USB_Device_Library/Core/Src/usbd_ctlreq.o
 .debug_aranges
                0x0000000000000b50       0x50 ./Middlewares/ST/STM32_USB_Device_Library/Core/Src/usbd_ioreq.o
 .debug_aranges
                0x0000000000000ba0       0x20 ./USB_DEVICE/App/usb_device.o
 .debug_aranges
                0x0000000000000bc0       0x40 ./USB_DEVICE/App/usbd_cdc_if.o
 .debug_aranges
                0x0000000000000c00       0x60 ./USB_DEVICE/App/usbd_desc.o
 .debug_aranges
                0x0000000000000c60      0x118 ./USB_DEVICE/Target/usbd_conf.o

.debug_ranges   0x0000000000000000      0xb80
 .debug_ranges  0x0000000000000000       0x20 ./Core/Src/backupData.o
 .debug_ranges  0x0000000000000020       0x28 ./Core/Src/delay.o
 .debug_ranges  0x0000000000000048       0x20 ./Core/Src/gpio.o
 .debug_ranges  0x0000000000000068       0x28 ./Core/Src/main.o
 .debug_ranges  0x0000000000000090       0x30 ./Core/Src/modbusRTU.o
 .debug_ranges  0x00000000000000c0       0x20 ./Core/Src/program.o
 .debug_ranges  0x00000000000000e0       0x28 ./Core/Src/rs485uart.o
 .debug_ranges  0x0000000000000108       0x30 ./Core/Src/shalf1Backup.o
 .debug_ranges  0x0000000000000138       0x28 ./Core/Src/shalf1EXTI.o
 .debug_ranges  0x0000000000000160       0x60 ./Core/Src/shalf1GPIO.o
 .debug_ranges  0x00000000000001c0       0x40 ./Core/Src/shalf1SysTick.o
 .debug_ranges  0x0000000000000200       0x78 ./Core/Src/shalf1Timer.o
 .debug_ranges  0x0000000000000278       0x68 ./Core/Src/shalf1USART.o
 .debug_ranges  0x00000000000002e0       0x10 ./Core/Src/stm32f1xx_hal_msp.o
 .debug_ranges  0x00000000000002f0       0x50 ./Core/Src/stm32f1xx_it.o
 .debug_ranges  0x0000000000000340       0x18 ./Core/Src/system_stm32f1xx.o
 .debug_ranges  0x0000000000000358       0x20 ./Core/Startup/startup_stm32f103retx.o
 .debug_ranges  0x0000000000000378       0xd0 ./Drivers/STM32F1xx_HAL_Driver/Src/stm32f1xx_hal.o
 .debug_ranges  0x0000000000000448       0xf0 ./Drivers/STM32F1xx_HAL_Driver/Src/stm32f1xx_hal_cortex.o
 .debug_ranges  0x0000000000000538      0x128 ./Drivers/STM32F1xx_HAL_Driver/Src/stm32f1xx_hal_pcd.o
 .debug_ranges  0x0000000000000660       0x28 ./Drivers/STM32F1xx_HAL_Driver/Src/stm32f1xx_hal_pcd_ex.o
 .debug_ranges  0x0000000000000688       0x80 ./Drivers/STM32F1xx_HAL_Driver/Src/stm32f1xx_hal_rcc.o
 .debug_ranges  0x0000000000000708       0x20 ./Drivers/STM32F1xx_HAL_Driver/Src/stm32f1xx_hal_rcc_ex.o
 .debug_ranges  0x0000000000000728       0xe0 ./Drivers/STM32F1xx_HAL_Driver/Src/stm32f1xx_ll_usb.o
 .debug_ranges  0x0000000000000808       0x80 ./Middlewares/ST/STM32_USB_Device_Library/Class/CDC/Src/usbd_cdc.o
 .debug_ranges  0x0000000000000888       0xa8 ./Middlewares/ST/STM32_USB_Device_Library/Core/Src/usbd_core.o
 .debug_ranges  0x0000000000000930       0x78 ./Middlewares/ST/STM32_USB_Device_Library/Core/Src/usbd_ctlreq.o
 .debug_ranges  0x00000000000009a8       0x40 ./Middlewares/ST/STM32_USB_Device_Library/Core/Src/usbd_ioreq.o
 .debug_ranges  0x00000000000009e8       0x10 ./USB_DEVICE/App/usb_device.o
 .debug_ranges  0x00000000000009f8       0x30 ./USB_DEVICE/App/usbd_cdc_if.o
 .debug_ranges  0x0000000000000a28       0x50 ./USB_DEVICE/App/usbd_desc.o
 .debug_ranges  0x0000000000000a78      0x108 ./USB_DEVICE/Target/usbd_conf.o

.debug_macro    0x0000000000000000    0x1db8a
 .debug_macro   0x0000000000000000      0x33d ./Core/Src/backupData.o
 .debug_macro   0x000000000000033d      0xa6c ./Core/Src/backupData.o
 .debug_macro   0x0000000000000da9       0x22 ./Core/Src/backupData.o
 .debug_macro   0x0000000000000dcb       0x8e ./Core/Src/backupData.o
 .debug_macro   0x0000000000000e59       0x51 ./Core/Src/backupData.o
 .debug_macro   0x0000000000000eaa      0x103 ./Core/Src/backupData.o
 .debug_macro   0x0000000000000fad       0x6a ./Core/Src/backupData.o
 .debug_macro   0x0000000000001017      0x1df ./Core/Src/backupData.o
 .debug_macro   0x00000000000011f6       0x2e ./Core/Src/backupData.o
 .debug_macro   0x0000000000001224       0x22 ./Core/Src/backupData.o
 .debug_macro   0x0000000000001246       0x1c ./Core/Src/backupData.o
 .debug_macro   0x0000000000001262       0x22 ./Core/Src/backupData.o
 .debug_macro   0x0000000000001284       0xbd ./Core/Src/backupData.o
 .debug_macro   0x0000000000001341      0xd23 ./Core/Src/backupData.o
 .debug_macro   0x0000000000002064     0xfd8c ./Core/Src/backupData.o
 .debug_macro   0x0000000000011df0       0x6d ./Core/Src/backupData.o
 .debug_macro   0x0000000000011e5d      0x215 ./Core/Src/backupData.o
 .debug_macro   0x0000000000012072     0x3468 ./Core/Src/backupData.o
 .debug_macro   0x00000000000154da      0x174 ./Core/Src/backupData.o
 .debug_macro   0x000000000001564e       0x5c ./Core/Src/backupData.o
 .debug_macro   0x00000000000156aa      0x5be ./Core/Src/backupData.o
 .debug_macro   0x0000000000015c68      0x4d5 ./Core/Src/backupData.o
 .debug_macro   0x000000000001613d      0x1cb ./Core/Src/backupData.o
 .debug_macro   0x0000000000016308      0x114 ./Core/Src/backupData.o
 .debug_macro   0x000000000001641c      0x1ea ./Core/Src/backupData.o
 .debug_macro   0x0000000000016606       0x27 ./Core/Src/backupData.o
 .debug_macro   0x000000000001662d      0x144 ./Core/Src/backupData.o
 .debug_macro   0x0000000000016771      0x1bc ./Core/Src/backupData.o
 .debug_macro   0x000000000001692d       0x30 ./Core/Src/backupData.o
 .debug_macro   0x000000000001695d       0x3c ./Core/Src/backupData.o
 .debug_macro   0x0000000000016999       0x57 ./Core/Src/backupData.o
 .debug_macro   0x00000000000169f0       0x88 ./Core/Src/backupData.o
 .debug_macro   0x0000000000016a78      0x24f ./Core/Src/backupData.o
 .debug_macro   0x0000000000016cc7      0x141 ./Core/Src/backupData.o
 .debug_macro   0x0000000000016e08       0x65 ./Core/Src/backupData.o
 .debug_macro   0x0000000000016e6d      0x249 ./Core/Src/backupData.o
 .debug_macro   0x00000000000170b6       0xb5 ./Core/Src/backupData.o
 .debug_macro   0x000000000001716b       0x22 ./Core/Src/backupData.o
 .debug_macro   0x000000000001718d       0x16 ./Core/Src/backupData.o
 .debug_macro   0x00000000000171a3       0x2e ./Core/Src/backupData.o
 .debug_macro   0x00000000000171d1       0x52 ./Core/Src/backupData.o
 .debug_macro   0x0000000000017223       0x18 ./Core/Src/backupData.o
 .debug_macro   0x000000000001723b       0x3c ./Core/Src/backupData.o
 .debug_macro   0x0000000000017277       0x34 ./Core/Src/backupData.o
 .debug_macro   0x00000000000172ab       0x16 ./Core/Src/backupData.o
 .debug_macro   0x00000000000172c1       0x43 ./Core/Src/backupData.o
 .debug_macro   0x0000000000017304       0x34 ./Core/Src/backupData.o
 .debug_macro   0x0000000000017338       0x10 ./Core/Src/backupData.o
 .debug_macro   0x0000000000017348       0x58 ./Core/Src/backupData.o
 .debug_macro   0x00000000000173a0       0x71 ./Core/Src/backupData.o
 .debug_macro   0x0000000000017411       0x1c ./Core/Src/backupData.o
 .debug_macro   0x000000000001742d      0x12a ./Core/Src/backupData.o
 .debug_macro   0x0000000000017557      0x341 ./Core/Src/backupData.o
 .debug_macro   0x0000000000017898       0x10 ./Core/Src/backupData.o
 .debug_macro   0x00000000000178a8       0x35 ./Core/Src/backupData.o
 .debug_macro   0x00000000000178dd       0x20 ./Core/Src/backupData.o
 .debug_macro   0x00000000000178fd       0x10 ./Core/Src/backupData.o
 .debug_macro   0x000000000001790d       0x16 ./Core/Src/backupData.o
 .debug_macro   0x0000000000017923       0x16 ./Core/Src/backupData.o
 .debug_macro   0x0000000000017939       0x29 ./Core/Src/backupData.o
 .debug_macro   0x0000000000017962       0x22 ./Core/Src/backupData.o
 .debug_macro   0x0000000000017984      0x343 ./Core/Src/delay.o
 .debug_macro   0x0000000000017cc7      0x33d ./Core/Src/gpio.o
 .debug_macro   0x0000000000018004      0x429 ./Core/Src/main.o
 .debug_macro   0x000000000001842d       0x16 ./Core/Src/main.o
 .debug_macro   0x0000000000018443       0x10 ./Core/Src/main.o
 .debug_macro   0x0000000000018453       0x10 ./Core/Src/main.o
 .debug_macro   0x0000000000018463       0x1c ./Core/Src/main.o
 .debug_macro   0x000000000001847f       0x52 ./Core/Src/main.o
 .debug_macro   0x00000000000184d1       0x22 ./Core/Src/main.o
 .debug_macro   0x00000000000184f3       0x10 ./Core/Src/main.o
 .debug_macro   0x0000000000018503       0x52 ./Core/Src/main.o
 .debug_macro   0x0000000000018555       0xd5 ./Core/Src/main.o
 .debug_macro   0x000000000001862a       0x1c ./Core/Src/main.o
 .debug_macro   0x0000000000018646       0x3d ./Core/Src/main.o
 .debug_macro   0x0000000000018683       0x16 ./Core/Src/main.o
 .debug_macro   0x0000000000018699      0x145 ./Core/Src/main.o
 .debug_macro   0x00000000000187de       0x16 ./Core/Src/main.o
 .debug_macro   0x00000000000187f4       0x5f ./Core/Src/main.o
 .debug_macro   0x0000000000018853      0x1c8 ./Core/Src/main.o
 .debug_macro   0x0000000000018a1b       0x10 ./Core/Src/main.o
 .debug_macro   0x0000000000018a2b      0x3fa ./Core/Src/modbusRTU.o
 .debug_macro   0x0000000000018e25       0x10 ./Core/Src/modbusRTU.o
 .debug_macro   0x0000000000018e35      0x4a6 ./Core/Src/program.o
 .debug_macro   0x00000000000192db       0x4c ./Core/Src/program.o
 .debug_macro   0x0000000000019327       0x94 ./Core/Src/program.o
 .debug_macro   0x00000000000193bb       0x57 ./Core/Src/program.o
 .debug_macro   0x0000000000019412       0x97 ./Core/Src/program.o
 .debug_macro   0x00000000000194a9       0xfd ./Core/Src/program.o
 .debug_macro   0x00000000000195a6       0x56 ./Core/Src/program.o
 .debug_macro   0x00000000000195fc       0x8f ./Core/Src/program.o
 .debug_macro   0x000000000001968b       0x10 ./Core/Src/program.o
 .debug_macro   0x000000000001969b       0x10 ./Core/Src/program.o
 .debug_macro   0x00000000000196ab      0x460 ./Core/Src/program.o
 .debug_macro   0x0000000000019b0b       0x10 ./Core/Src/program.o
 .debug_macro   0x0000000000019b1b      0x349 ./Core/Src/rs485uart.o
 .debug_macro   0x0000000000019e64      0x1d3 ./Core/Src/shalf1Backup.o
 .debug_macro   0x000000000001a037      0x1c5 ./Core/Src/shalf1EXTI.o
 .debug_macro   0x000000000001a1fc      0x1bb ./Core/Src/shalf1GPIO.o
 .debug_macro   0x000000000001a3b7      0x1ce ./Core/Src/shalf1SysTick.o
 .debug_macro   0x000000000001a585       0x28 ./Core/Src/shalf1SysTick.o
 .debug_macro   0x000000000001a5ad      0x1c9 ./Core/Src/shalf1Timer.o
 .debug_macro   0x000000000001a776      0x29e ./Core/Src/shalf1USART.o
 .debug_macro   0x000000000001aa14      0x1b2 ./Core/Src/stm32f1xx_hal_msp.o
 .debug_macro   0x000000000001abc6      0x1bc ./Core/Src/stm32f1xx_it.o
 .debug_macro   0x000000000001ad82      0x1a8 ./Core/Src/system_stm32f1xx.o
 .debug_macro   0x000000000001af2a      0x1cc ./Drivers/STM32F1xx_HAL_Driver/Src/stm32f1xx_hal.o
 .debug_macro   0x000000000001b0f6      0x1a8 ./Drivers/STM32F1xx_HAL_Driver/Src/stm32f1xx_hal_cortex.o
 .debug_macro   0x000000000001b29e      0x1b4 ./Drivers/STM32F1xx_HAL_Driver/Src/stm32f1xx_hal_pcd.o
 .debug_macro   0x000000000001b452      0x1a8 ./Drivers/STM32F1xx_HAL_Driver/Src/stm32f1xx_hal_pcd_ex.o
 .debug_macro   0x000000000001b5fa      0x1ba ./Drivers/STM32F1xx_HAL_Driver/Src/stm32f1xx_hal_rcc.o
 .debug_macro   0x000000000001b7b4      0x1a8 ./Drivers/STM32F1xx_HAL_Driver/Src/stm32f1xx_hal_rcc_ex.o
 .debug_macro   0x000000000001b95c      0x1a8 ./Drivers/STM32F1xx_HAL_Driver/Src/stm32f1xx_ll_usb.o
 .debug_macro   0x000000000001bb04      0x3c8 ./Middlewares/ST/STM32_USB_Device_Library/Class/CDC/Src/usbd_cdc.o
 .debug_macro   0x000000000001becc      0x3af ./Middlewares/ST/STM32_USB_Device_Library/Core/Src/usbd_core.o
 .debug_macro   0x000000000001c27b      0x1ce ./Middlewares/ST/STM32_USB_Device_Library/Core/Src/usbd_core.o
 .debug_macro   0x000000000001c449      0x3b9 ./Middlewares/ST/STM32_USB_Device_Library/Core/Src/usbd_ctlreq.o
 .debug_macro   0x000000000001c802      0x3b5 ./Middlewares/ST/STM32_USB_Device_Library/Core/Src/usbd_ioreq.o
 .debug_macro   0x000000000001cbb7      0x3ee ./USB_DEVICE/App/usb_device.o
 .debug_macro   0x000000000001cfa5       0x22 ./USB_DEVICE/App/usb_device.o
 .debug_macro   0x000000000001cfc7       0x16 ./USB_DEVICE/App/usb_device.o
 .debug_macro   0x000000000001cfdd      0x3d3 ./USB_DEVICE/App/usbd_cdc_if.o
 .debug_macro   0x000000000001d3b0      0x3ec ./USB_DEVICE/App/usbd_desc.o
 .debug_macro   0x000000000001d79c       0x1c ./USB_DEVICE/App/usbd_desc.o
 .debug_macro   0x000000000001d7b8      0x3d2 ./USB_DEVICE/Target/usbd_conf.o

.debug_line     0x0000000000000000    0x13dfc
 .debug_line    0x0000000000000000      0x8d6 ./Core/Src/backupData.o
 .debug_line    0x00000000000008d6      0x918 ./Core/Src/delay.o
 .debug_line    0x00000000000011ee      0x8d4 ./Core/Src/gpio.o
 .debug_line    0x0000000000001ac2      0xa6b ./Core/Src/main.o
 .debug_line    0x000000000000252d      0xbad ./Core/Src/modbusRTU.o
 .debug_line    0x00000000000030da      0xb49 ./Core/Src/program.o
 .debug_line    0x0000000000003c23      0x939 ./Core/Src/rs485uart.o
 .debug_line    0x000000000000455c      0x7f1 ./Core/Src/shalf1Backup.o
 .debug_line    0x0000000000004d4d      0x710 ./Core/Src/shalf1EXTI.o
 .debug_line    0x000000000000545d      0x84d ./Core/Src/shalf1GPIO.o
 .debug_line    0x0000000000005caa      0x75d ./Core/Src/shalf1SysTick.o
 .debug_line    0x0000000000006407      0x89c ./Core/Src/shalf1Timer.o
 .debug_line    0x0000000000006ca3      0xa14 ./Core/Src/shalf1USART.o
 .debug_line    0x00000000000076b7      0x653 ./Core/Src/stm32f1xx_hal_msp.o
 .debug_line    0x0000000000007d0a      0x716 ./Core/Src/stm32f1xx_it.o
 .debug_line    0x0000000000008420      0x6d2 ./Core/Src/system_stm32f1xx.o
 .debug_line    0x0000000000008af2       0x87 ./Core/Startup/startup_stm32f103retx.o
 .debug_line    0x0000000000008b79      0x8ff ./Drivers/STM32F1xx_HAL_Driver/Src/stm32f1xx_hal.o
 .debug_line    0x0000000000009478      0xae7 ./Drivers/STM32F1xx_HAL_Driver/Src/stm32f1xx_hal_cortex.o
 .debug_line    0x0000000000009f5f     0x12ed ./Drivers/STM32F1xx_HAL_Driver/Src/stm32f1xx_hal_pcd.o
 .debug_line    0x000000000000b24c      0x6cd ./Drivers/STM32F1xx_HAL_Driver/Src/stm32f1xx_hal_pcd_ex.o
 .debug_line    0x000000000000b919      0xd0d ./Drivers/STM32F1xx_HAL_Driver/Src/stm32f1xx_hal_rcc.o
 .debug_line    0x000000000000c626      0x85e ./Drivers/STM32F1xx_HAL_Driver/Src/stm32f1xx_hal_rcc_ex.o
 .debug_line    0x000000000000ce84     0x1032 ./Drivers/STM32F1xx_HAL_Driver/Src/stm32f1xx_ll_usb.o
 .debug_line    0x000000000000deb6      0xcd7 ./Middlewares/ST/STM32_USB_Device_Library/Class/CDC/Src/usbd_cdc.o
 .debug_line    0x000000000000eb8d      0xd57 ./Middlewares/ST/STM32_USB_Device_Library/Core/Src/usbd_core.o
 .debug_line    0x000000000000f8e4      0xf79 ./Middlewares/ST/STM32_USB_Device_Library/Core/Src/usbd_ctlreq.o
 .debug_line    0x000000000001085d      0x9ed ./Middlewares/ST/STM32_USB_Device_Library/Core/Src/usbd_ioreq.o
 .debug_line    0x000000000001124a      0x9ad ./USB_DEVICE/App/usb_device.o
 .debug_line    0x0000000000011bf7      0x9fd ./USB_DEVICE/App/usbd_cdc_if.o
 .debug_line    0x00000000000125f4      0xa76 ./USB_DEVICE/App/usbd_desc.o
 .debug_line    0x000000000001306a      0xd92 ./USB_DEVICE/Target/usbd_conf.o

.debug_str      0x0000000000000000    0x94be4
 .debug_str     0x0000000000000000    0x8e56c ./Core/Src/backupData.o
                                      0x8e988 (size before relaxing)
 .debug_str     0x000000000008e56c      0x49f ./Core/Src/delay.o
                                      0x8ed56 (size before relaxing)
 .debug_str     0x000000000008ea0b      0x31f ./Core/Src/gpio.o
                                      0x8ef1a (size before relaxing)
 .debug_str     0x000000000008ed2a     0x1ba5 ./Core/Src/main.o
                                      0x903b5 (size before relaxing)
 .debug_str     0x00000000000908cf      0x129 ./Core/Src/modbusRTU.o
                                      0x8f87d (size before relaxing)
 .debug_str     0x00000000000909f8     0x1450 ./Core/Src/program.o
                                      0x917b9 (size before relaxing)
 .debug_str     0x0000000000091e48      0x3b7 ./Core/Src/rs485uart.o
                                      0x8f12e (size before relaxing)
 .debug_str     0x00000000000921ff      0x14d ./Core/Src/shalf1Backup.o
                                      0x8b9cc (size before relaxing)
 .debug_str     0x000000000009234c       0x5e ./Core/Src/shalf1EXTI.o
                                      0x8b8e1 (size before relaxing)
 .debug_str     0x00000000000923aa       0x45 ./Core/Src/shalf1GPIO.o
                                      0x8b89e (size before relaxing)
 .debug_str     0x00000000000923ef      0x13e ./Core/Src/shalf1SysTick.o
                                      0x8bcc9 (size before relaxing)
 .debug_str     0x000000000009252d      0x20d ./Core/Src/shalf1Timer.o
                                      0x8b9f2 (size before relaxing)
 .debug_str     0x000000000009273a      0x16e ./Core/Src/shalf1USART.o
                                      0x8e805 (size before relaxing)
 .debug_str     0x00000000000928a8       0x2c ./Core/Src/stm32f1xx_hal_msp.o
                                      0x8b6b7 (size before relaxing)
 .debug_str     0x00000000000928d4      0x3c4 ./Core/Src/stm32f1xx_it.o
                                      0x8ba9d (size before relaxing)
 .debug_str     0x0000000000092c98       0x58 ./Core/Src/system_stm32f1xx.o
                                      0x8b710 (size before relaxing)
 .debug_str     0x0000000000092cf0       0x36 ./Core/Startup/startup_stm32f103retx.o
                                         0x72 (size before relaxing)
 .debug_str     0x0000000000092d26      0x38d ./Drivers/STM32F1xx_HAL_Driver/Src/stm32f1xx_hal.o
                                      0x8bf27 (size before relaxing)
 .debug_str     0x00000000000930b3      0x1e6 ./Drivers/STM32F1xx_HAL_Driver/Src/stm32f1xx_hal_cortex.o
                                      0x8be73 (size before relaxing)
 .debug_str     0x0000000000093299      0x573 ./Drivers/STM32F1xx_HAL_Driver/Src/stm32f1xx_hal_pcd.o
                                      0x8bfe8 (size before relaxing)
 .debug_str     0x000000000009380c      0x170 ./Drivers/STM32F1xx_HAL_Driver/Src/stm32f1xx_hal_pcd_ex.o
                                      0x8bb84 (size before relaxing)
 .debug_str     0x000000000009397c      0x241 ./Drivers/STM32F1xx_HAL_Driver/Src/stm32f1xx_hal_rcc.o
                                      0x8bb3f (size before relaxing)
 .debug_str     0x0000000000093bbd       0x9f ./Drivers/STM32F1xx_HAL_Driver/Src/stm32f1xx_hal_rcc_ex.o
                                      0x8b8cd (size before relaxing)
 .debug_str     0x0000000000093c5c      0x12e ./Drivers/STM32F1xx_HAL_Driver/Src/stm32f1xx_ll_usb.o
                                      0x8bbb7 (size before relaxing)
 .debug_str     0x0000000000093d8a      0x645 ./Middlewares/ST/STM32_USB_Device_Library/Class/CDC/Src/usbd_cdc.o
                                      0x90c2c (size before relaxing)
 .debug_str     0x00000000000943cf      0x281 ./Middlewares/ST/STM32_USB_Device_Library/Core/Src/usbd_core.o
                                      0x90567 (size before relaxing)
 .debug_str     0x0000000000094650      0x120 ./Middlewares/ST/STM32_USB_Device_Library/Core/Src/usbd_ctlreq.o
                                      0x90481 (size before relaxing)
 .debug_str     0x0000000000094770       0x51 ./Middlewares/ST/STM32_USB_Device_Library/Core/Src/usbd_ioreq.o
                                      0x903ae (size before relaxing)
 .debug_str     0x00000000000947c1       0xc6 ./USB_DEVICE/App/usb_device.o
                                      0x90739 (size before relaxing)
 .debug_str     0x0000000000094887       0x8d ./USB_DEVICE/App/usbd_cdc_if.o
                                      0x9075f (size before relaxing)
 .debug_str     0x0000000000094914      0x258 ./USB_DEVICE/App/usbd_desc.o
                                      0x902ea (size before relaxing)
 .debug_str     0x0000000000094b6c       0x78 ./USB_DEVICE/Target/usbd_conf.o
                                      0x9129d (size before relaxing)

.comment        0x0000000000000000       0x50
 .comment       0x0000000000000000       0x50 ./Core/Src/backupData.o
                                         0x51 (size before relaxing)
 .comment       0x0000000000000050       0x51 ./Core/Src/delay.o
 .comment       0x0000000000000050       0x51 ./Core/Src/gpio.o
 .comment       0x0000000000000050       0x51 ./Core/Src/main.o
 .comment       0x0000000000000050       0x51 ./Core/Src/modbusRTU.o
 .comment       0x0000000000000050       0x51 ./Core/Src/program.o
 .comment       0x0000000000000050       0x51 ./Core/Src/rs485uart.o
 .comment       0x0000000000000050       0x51 ./Core/Src/shalf1Backup.o
 .comment       0x0000000000000050       0x51 ./Core/Src/shalf1EXTI.o
 .comment       0x0000000000000050       0x51 ./Core/Src/shalf1GPIO.o
 .comment       0x0000000000000050       0x51 ./Core/Src/shalf1SysTick.o
 .comment       0x0000000000000050       0x51 ./Core/Src/shalf1Timer.o
 .comment       0x0000000000000050       0x51 ./Core/Src/shalf1USART.o
 .comment       0x0000000000000050       0x51 ./Core/Src/stm32f1xx_hal_msp.o
 .comment       0x0000000000000050       0x51 ./Core/Src/stm32f1xx_it.o
 .comment       0x0000000000000050       0x51 ./Core/Src/system_stm32f1xx.o
 .comment       0x0000000000000050       0x51 ./Drivers/STM32F1xx_HAL_Driver/Src/stm32f1xx_hal.o
 .comment       0x0000000000000050       0x51 ./Drivers/STM32F1xx_HAL_Driver/Src/stm32f1xx_hal_cortex.o
 .comment       0x0000000000000050       0x51 ./Drivers/STM32F1xx_HAL_Driver/Src/stm32f1xx_hal_pcd.o
 .comment       0x0000000000000050       0x51 ./Drivers/STM32F1xx_HAL_Driver/Src/stm32f1xx_hal_pcd_ex.o
 .comment       0x0000000000000050       0x51 ./Drivers/STM32F1xx_HAL_Driver/Src/stm32f1xx_hal_rcc.o
 .comment       0x0000000000000050       0x51 ./Drivers/STM32F1xx_HAL_Driver/Src/stm32f1xx_hal_rcc_ex.o
 .comment       0x0000000000000050       0x51 ./Drivers/STM32F1xx_HAL_Driver/Src/stm32f1xx_ll_usb.o
 .comment       0x0000000000000050       0x51 ./Middlewares/ST/STM32_USB_Device_Library/Class/CDC/Src/usbd_cdc.o
 .comment       0x0000000000000050       0x51 ./Middlewares/ST/STM32_USB_Device_Library/Core/Src/usbd_core.o
 .comment       0x0000000000000050       0x51 ./Middlewares/ST/STM32_USB_Device_Library/Core/Src/usbd_ctlreq.o