/home/lukas/STM32CubeIDE/workspace/ProSem3_Gaszaehler/Drivers/SHALF1/Src/shalf1Timer.c:20:13:timerBusClkOn	16	static
/home/lukas/STM32CubeIDE/workspace/ProSem3_Gaszaehler/Drivers/SHALF1/Src/shalf1Timer.c:53:13:timerBusClkOff	16	static
/home/lukas/STM32CubeIDE/workspace/ProSem3_Gaszaehler/Drivers/SHALF1/Src/shalf1Timer.c:85:13:timerSetPrescaler	16	static
/home/lukas/STM32CubeIDE/workspace/ProSem3_Gaszaehler/Drivers/SHALF1/Src/shalf1Timer.c:95:13:timerSetAutoReloadValue	16	static
/home/lukas/STM32CubeIDE/workspace/ProSem3_Gaszaehler/Drivers/SHALF1/Src/shalf1Timer.c:104:13:timerEnableInterrupt	16	static
/home/lukas/STM32CubeIDE/workspace/ProSem3_Gaszaehler/Drivers/SHALF1/Src/shalf1Timer.c:115:13:timerSetOnePulseMode	16	static
/home/lukas/STM32CubeIDE/workspace/ProSem3_Gaszaehler/Drivers/SHALF1/Src/shalf1Timer.c:129:13:timerStart	16	static
/home/lukas/STM32CubeIDE/workspace/ProSem3_Gaszaehler/Drivers/SHALF1/Src/shalf1Timer.c:138:13:timerStop	16	static
/home/lukas/STM32CubeIDE/workspace/ProSem3_Gaszaehler/Drivers/SHALF1/Src/shalf1Timer.c:152:13:timerSetPreloadValue	16	static
/home/lukas/STM32CubeIDE/workspace/ProSem3_Gaszaehler/Drivers/SHALF1/Src/shalf1Timer.c:180:17:timerGetPreloadValue	16	static
/home/lukas/STM32CubeIDE/workspace/ProSem3_Gaszaehler/Drivers/SHALF1/Src/shalf1Timer.c:205:13:timerResetCounter	16	static
/home/lukas/STM32CubeIDE/workspace/ProSem3_Gaszaehler/Drivers/SHALF1/Src/shalf1Timer.c:229:13:timerSetCapCompMode	16	static
/home/lukas/STM32CubeIDE/workspace/ProSem3_Gaszaehler/Drivers/SHALF1/Src/shalf1Timer.c:269:13:timerSelectCapCompOutputType	16	static
/home/lukas/STM32CubeIDE/workspace/ProSem3_Gaszaehler/Drivers/SHALF1/Src/shalf1Timer.c:294:13:timerSetRepetitionCounter	16	static
